<html>
<body>
<pre>
<h1>µVision Build Log</h1>
<h2>Tool Versions:</h2>
IDE-Version: ¦ÌVision V5.15
Copyright (C) 2015 ARM Ltd and ARM Germany GmbH. All rights reserved.
License Information:  ,  , LIC=V85FJ-UCM76-177RR-K69FN-D3ATF-RAMIX
 
Tool Versions:
Toolchain:       MDK-ARM Professional  Version: 5.15.0
Toolchain Path:  C:\Keil_v5.15\ARM\ARMCC\Bin
C Compiler:      Armcc.exe V5.05 update 2 (build 169)
Assembler:       Armasm.exe V5.05 update 2 (build 169)
Linker/Locator:  ArmLink.exe V5.05 update 2 (build 169)
Library Manager: ArmAr.exe V5.05 update 2 (build 169)
Hex Converter:   FromElf.exe V5.05 update 2 (build 169)
CPU DLL:         SARMCM3.DLL V5.15.0
Dialog DLL:      DCM.DLL V1.13.2.0
Target DLL:      STLink\ST-LINKIII-KEIL_SWO.dll V2.0.15.0_KEIL
Dialog DLL:      TCM.DLL V1.14.5.0
 
<h2>Project:</h2>
C:\Users\28646\Desktop\embedded system\Demo-Module\Demo-Module\test.uvprojx
Project File Date:  11/26/2025

<h2>Output:</h2>
*** Using Compiler 'V5.05 update 2 (build 169)', folder: 'C:\Keil_v5.15\ARM\ARMCC\Bin'
Build target 'Target 1'
compiling UART.c...
user\UART.c(135): warning:  #223-D: function "memcpy" declared implicitly
      memcpy(USART_Txbuf, msg, SendBufLen);
user\UART.c(194): warning:  #223-D: function "memcpy" declared implicitly
      memcpy((void*)USART_Txbuf, buf, len);
user\UART.c(296): warning:  #1-D: last line of file ends without a newline
  }
user\UART.c: 3 warnings, 0 errors
linking...
Program Size: Code=4020 RO-data=336 RW-data=76 ZI-data=13428  
".\Objects\test.axf" - 0 Error(s), 3 Warning(s).

<h2>Collection of Component include folders:</h2>
  C:\Users\28646\Desktop\embedded system\Demo-Module\Demo-Module\RTE
  C:\Keil_v5.15\ARM\PACK\Keil\STM32F1xx_DFP\1.1.0\Device\Include

<h2>Collection of Component Files used:</h2>
</pre>
</body>
</html>
