<html>
<body>
<pre>
<h1>µVision Build Log</h1>
<h2>Tool Versions:</h2>
IDE-Version: ¦ÌVision V5.39.0.0
Copyright (C) 2023 ARM Ltd and ARM Germany GmbH. All rights reserved.
License Information:  ,  , LIC=D0D7S-LHNAX-GK3BG-VWLBJ-TZ5P4-CTWSQ
 
Tool Versions:
Toolchain:       MDK-ARM Plus  Version: 5.39.0.0
Toolchain Path:  C:\Keil_v5\ARM\ARMCC\Bin
C Compiler:      Armcc.exe V5.05 update 2 (build 169)
Assembler:       Armasm.exe V5.05 update 2 (build 169)
Linker/Locator:  ArmLink.exe V5.05 update 2 (build 169)
Library Manager: ArmAr.exe V5.05 update 2 (build 169)
Hex Converter:   FromElf.exe V5.05 update 2 (build 169)
CPU DLL:         SARMCM3.DLL V5.39.0.0
Dialog DLL:      DCM.DLL V1.17.5.0
Target DLL:      STLink\ST-LINKIII-KEIL_SWO.dll V3.2.0.0
Dialog DLL:      TCM.DLL V1.56.4.0
 
<h2>Project:</h2>
C:\Users\28646\Desktop\embedded system\Demo-Module\Demo-Module\test.uvprojx
Project File Date:  11/03/2025

<h2>Output:</h2>
*** Using Compiler 'V5.05 update 2 (build 169)', folder: 'C:\Keil_v5\ARM\ARMCC\Bin'
Build target 'Target 1'
compiling GPIO.c...
user\GPIO.c(73): warning:  #223-D: function "delay_ms" declared implicitly
  	delay_ms(1);
user\GPIO.c(423): warning:  #223-D: function "delay_ms" declared implicitly
  		delay_ms(100);//È¥¶¶¶¯ 
user\GPIO.c: 2 warnings, 0 errors
linking...
Program Size: Code=2104 RO-data=268 RW-data=44 ZI-data=612  
".\Objects\test.axf" - 0 Error(s), 2 Warning(s).

<h2>Software Packages used:</h2>

Package Vendor: Keil
                http://www.keil.com/pack/Keil.STM32F1xx_DFP.1.1.0.pack
                Keil::STM32F1xx_DFP@1.1.0
                STMicroelectronics STM32F1 Series Device Support, Drivers and Examples

<h2>Collection of Component include folders:</h2>
  C:/Users/28646/AppData/Local/Arm/Packs/Keil/STM32F1xx_DFP/1.1.0/Device/Include

<h2>Collection of Component Files used:</h2>
Build Time Elapsed:  00:00:00
</pre>
</body>
</html>
