<html>
<body>
<pre>
<h1>礦ision Build Log</h1>
<h2>Project:</h2>
E:\Update\教学\嵌入式系统教学\2021-2022-1本科生嵌入式系统\asm\Project\EID-V2-all\RVMDK\EID-V2.uvproj
Project File Date:  10/12/2021

<h2>Output:</h2>
Build target 'STM3210B-EVAL'
compiling main.c...
linking...
Program Size: Code=172 RO-data=40 RW-data=40 ZI-data=512  
".\Obj\STM3210B-EVAL.axf" - 0 Error(s), 0 Warning(s).
</pre>
</body>
</html>
Obj\STM3210B-EVAL.axf" - 1 Error(s), 0 Warning(s).
Target not created
r messages.
".\Obj\STM3210B-EVAL.axf" - 1 Error(s), 0 Warning(s).
Target not created
