Component: ARM Compiler 5.05 update 2 (build 169) Tool: armlink [4d0f33]

==============================================================================

Section Cross References

    main.o(i.main) refers to system_stm32f10x.o(i.SystemInit) for SystemInit
    main.o(i.main) refers to uart.o(i.RS232_Configuration) for RS232_Configuration
    main.o(i.main) refers to uart.o(i.NVIC_Configuration) for NVIC_Configuration
    main.o(i.main) refers to systick.o(i.systick_init) for systick_init
    main.o(i.main) refers to lcd.o(i.LCD_Configuration) for LCD_Configuration
    main.o(i.main) refers to lcd.o(i.Touch_Init) for Touch_Init
    main.o(i.main) refers to lcd.o(i.LCD_Init) for LCD_Init
    main.o(i.main) refers to lcd.o(i.draw_chess_boradder) for draw_chess_boradder
    main.o(i.main) refers to lcd.o(i.draw_initial_chess_piece) for draw_initial_chess_piece
    main.o(i.main) refers to uart.o(.data) for FrameFlag
    dma.o(i.Delay_ms) refers to dma.o(i.Delay_us) for Delay_us
    dma.o(i.Delay_s) refers to dma.o(i.Delay_ms) for Delay_ms
    dma.o(i.MyDMA_Init) refers to stm32f10x_rcc.o(i.RCC_AHBPeriphClockCmd) for RCC_AHBPeriphClockCmd
    dma.o(i.MyDMA_Init) refers to stm32f10x_dma.o(i.DMA_Init) for DMA_Init
    dma.o(i.MyDMA_Init) refers to stm32f10x_dma.o(i.DMA_Cmd) for DMA_Cmd
    dma.o(i.MyDMA_Init) refers to dma.o(.data) for MyDMA_Size
    dma.o(i.MyDMA_Transfer) refers to stm32f10x_dma.o(i.DMA_Cmd) for DMA_Cmd
    dma.o(i.MyDMA_Transfer) refers to stm32f10x_dma.o(i.DMA_GetFlagStatus) for DMA_GetFlagStatus
    dma.o(i.MyDMA_Transfer) refers to stm32f10x_dma.o(i.DMA_ClearFlag) for DMA_ClearFlag
    exti.o(i.Count_KEY_Init) refers to stm32f10x_rcc.o(i.RCC_APB2PeriphClockCmd) for RCC_APB2PeriphClockCmd
    exti.o(i.Count_KEY_Init) refers to stm32f10x_gpio.o(i.GPIO_Init) for GPIO_Init
    exti.o(i.EXTI9_5_IRQHandler) refers to stm32f10x_exti.o(i.EXTI_GetITStatus) for EXTI_GetITStatus
    exti.o(i.EXTI9_5_IRQHandler) refers to stm32f10x_exti.o(i.EXTI_ClearITPendingBit) for EXTI_ClearITPendingBit
    exti.o(i.EXTI9_5_IRQHandler) refers to exti.o(.data) for temps
    exti.o(i.EXTIX_Init) refers to stm32f10x_rcc.o(i.RCC_APB2PeriphClockCmd) for RCC_APB2PeriphClockCmd
    exti.o(i.EXTIX_Init) refers to stm32f10x_gpio.o(i.GPIO_EXTILineConfig) for GPIO_EXTILineConfig
    exti.o(i.EXTIX_Init) refers to stm32f10x_exti.o(i.EXTI_Init) for EXTI_Init
    exti.o(i.EXTIX_Init) refers to misc.o(i.NVIC_Init) for NVIC_Init
    exti.o(i.EXTI_test) refers to exti.o(i.LED_Configuration) for LED_Configuration
    exti.o(i.EXTI_test) refers to exti.o(i.Count_KEY_Init) for Count_KEY_Init
    exti.o(i.EXTI_test) refers to exti.o(i.EXTIX_Init) for EXTIX_Init
    exti.o(i.LED_Configuration) refers to stm32f10x_rcc.o(i.RCC_APB2PeriphClockCmd) for RCC_APB2PeriphClockCmd
    exti.o(i.LED_Configuration) refers to stm32f10x_gpio.o(i.GPIO_Init) for GPIO_Init
    systick.o(i.SysTick_Handler) refers to systick.o(i.time_handle) for time_handle
    systick.o(i.systick_init) refers to stm32f10x_rcc.o(i.RCC_GetClocksFreq) for RCC_GetClocksFreq
    systick.o(i.systick_init) refers to misc.o(i.SysTick_CLKSourceConfig) for SysTick_CLKSourceConfig
    systick.o(i.time_handle) refers to uart.o(.data) for RecvTimeOver
    systick.o(i.time_handle) refers to systick.o(.data) for Time1msConunt
    uart.o(i.NVIC_Configuration) refers to misc.o(i.NVIC_SetVectorTable) for NVIC_SetVectorTable
    uart.o(i.NVIC_Configuration) refers to misc.o(i.NVIC_PriorityGroupConfig) for NVIC_PriorityGroupConfig
    uart.o(i.NVIC_Configuration) refers to misc.o(i.NVIC_Init) for NVIC_Init
    uart.o(i.RS232_Configuration) refers to stm32f10x_rcc.o(i.RCC_APB2PeriphClockCmd) for RCC_APB2PeriphClockCmd
    uart.o(i.RS232_Configuration) refers to stm32f10x_gpio.o(i.GPIO_Init) for GPIO_Init
    uart.o(i.RS232_Configuration) refers to stm32f10x_usart.o(i.USART_Init) for USART_Init
    uart.o(i.RS232_Configuration) refers to stm32f10x_usart.o(i.USART_ITConfig) for USART_ITConfig
    uart.o(i.RS232_Configuration) refers to stm32f10x_usart.o(i.USART_ClearITPendingBit) for USART_ClearITPendingBit
    uart.o(i.RS232_Configuration) refers to stm32f10x_usart.o(i.USART_Cmd) for USART_Cmd
    uart.o(i.RS232_FrameHandle) refers to uart.o(i.RS232_FrameCheck) for RS232_FrameCheck
    uart.o(i.RS232_FrameHandle) refers to stm32f10x_usart.o(i.USART_SendData) for USART_SendData
    uart.o(i.RS232_FrameHandle) refers to uart.o(.data) for SendPos
    uart.o(i.RS232_FrameHandle) refers to uart.o(.bss) for USART_Rxbuf
    uart.o(i.USART1_IRQHandler) refers to stm32f10x_usart.o(i.USART_GetITStatus) for USART_GetITStatus
    uart.o(i.USART1_IRQHandler) refers to stm32f10x_usart.o(i.USART_ReceiveData) for USART_ReceiveData
    uart.o(i.USART1_IRQHandler) refers to stm32f10x_usart.o(i.USART_ClearITPendingBit) for USART_ClearITPendingBit
    uart.o(i.USART1_IRQHandler) refers to stm32f10x_usart.o(i.USART_SendData) for USART_SendData
    uart.o(i.USART1_IRQHandler) refers to uart.o(.data) for RXPos
[...]
    printfa.o(i._snputc) refers (Special) to iusefp.o(.text) for __I$use$fp
    printfa.o(i._sputc) refers (Special) to iusefp.o(.text) for __I$use$fp
    fadd.o(.text) refers (Special) to iusefp.o(.text) for __I$use$fp
    fadd.o(.text) refers to fepilogue.o(.text) for _float_epilogue
    fmul.o(.text) refers (Special) to iusefp.o(.text) for __I$use$fp
    fdiv.o(.text) refers (Special) to iusefp.o(.text) for __I$use$fp
    fdiv.o(.text) refers to fepilogue.o(.text) for _float_round
    dmul.o(.text) refers (Special) to iusefp.o(.text) for __I$use$fp
    dmul.o(.text) refers to depilogue.o(.text) for _double_epilogue
    fflti.o(.text) refers (Special) to iusefp.o(.text) for __I$use$fp
    fflti.o(.text) refers to fepilogue.o(.text) for _float_epilogue
    dfltui.o(.text) refers (Special) to iusefp.o(.text) for __I$use$fp
    dfltui.o(.text) refers to depilogue.o(.text) for _double_epilogue
    ffixi.o(.text) refers (Special) to iusefp.o(.text) for __I$use$fp
    dfixui.o(.text) refers (Special) to iusefp.o(.text) for __I$use$fp
    dfixui.o(.text) refers to llushr.o(.text) for __aeabi_llsr
    entry2.o(.ARM.Collect$$$$00000001) refers to entry2.o(.ARM.Collect$$$$00002712) for __lit__00000000
    entry2.o(.ARM.Collect$$$$00002712) refers to startup_stm32f10x_hd.o(STACK) for __initial_sp
    entry2.o(__vectab_stack_and_reset_area) refers to startup_stm32f10x_hd.o(STACK) for __initial_sp
    entry2.o(__vectab_stack_and_reset_area) refers to entry.o(.ARM.Collect$$$$00000000) for __main
    entry5.o(.ARM.Collect$$$$00000004) refers to init.o(.text) for __scatterload
    entry9a.o(.ARM.Collect$$$$0000000B) refers to main.o(i.main) for main
    entry9b.o(.ARM.Collect$$$$0000000C) refers to main.o(i.main) for main
    fputc.o(i.fputc) refers (Special) to iusesemip.o(.text) for __I$use$semihosting$fputc
    fputc.o(i.fputc) refers (Special) to semi.o(.text) for __semihosting_library_function
    uldiv.o(.text) refers to llushr.o(.text) for __aeabi_llsr
    uldiv.o(.text) refers to llshl.o(.text) for __aeabi_llsl
    depilogue.o(.text) refers to llshl.o(.text) for __aeabi_llsl
    depilogue.o(.text) refers to llushr.o(.text) for __aeabi_llsr
    dadd.o(.text) refers to llshl.o(.text) for __aeabi_llsl
    dadd.o(.text) refers to llsshr.o(.text) for __aeabi_lasr
    dadd.o(.text) refers to depilogue.o(.text) for _double_epilogue
    ddiv.o(.text) refers to depilogue.o(.text) for _double_round
    dfixul.o(.text) refers to llushr.o(.text) for __aeabi_llsr
    dfixul.o(.text) refers to llshl.o(.text) for __aeabi_llsl
    init.o(.text) refers to entry5.o(.ARM.Collect$$$$00000004) for __main_after_scatterload


==============================================================================

Removing Unused input sections from the image.

    Removing main.o(.bss), (36 bytes).
    Removing dma.o(i.Delay_ms), (24 bytes).
    Removing dma.o(i.Delay_s), (24 bytes).
    Removing dma.o(i.Delay_us), (46 bytes).
    Removing dma.o(i.MyDMA_Init), (88 bytes).
    Removing dma.o(i.MyDMA_Transfer), (52 bytes).
    Removing dma.o(.data), (2 bytes).
    Removing exti.o(i.Count_KEY_Init), (44 bytes).
    Removing exti.o(i.EXTIX_Init), (76 bytes).
    Removing exti.o(i.EXTI_test), (16 bytes).
    Removing exti.o(i.LED_Configuration), (44 bytes).
    Removing uart.o(i.RS232_FrameCheck), (12 bytes).
    Removing uart.o(i.RS232_FrameHandle), (180 bytes).
    Removing iic-lib.o(i.I2C_Master_BufferRead), (240 bytes).
    Removing iic-lib.o(i.I2C_Master_BufferWrite), (136 bytes).
    Removing iic-lib.o(i.IIC_Configuration), (120 bytes).
    Removing iic-lib.o(i.IIC_test), (64 bytes).
    Removing iic-lib.o(.bss), (20 bytes).
    Removing iic-lib.o(.data), (24 bytes).
    Removing timer.o(i.tim6_init), (96 bytes).
    Removing timer.o(i.tim6_start), (32 bytes).
    Removing spi.o(i.ENC25Q80_SPI2_Init), (172 bytes).
    Removing spi.o(i.SPI2_ReadWriteByte), (80 bytes).
    Removing spi.o(i.SPI_FLASH_ReadDeviceID), (72 bytes).
    Removing spi.o(i.SPI_FLASH_SendByte), (40 bytes).
    Removing lcd.o(i.LCD_Color_Fill), (124 bytes).
    Removing lcd.o(i.LCD_DisplayOff), (28 bytes).
    Removing lcd.o(i.LCD_DisplayOn), (28 bytes).
    Removing lcd.o(i.LCD_DrawRectangle), (64 bytes).
    Removing lcd.o(i.LCD_Draw_Circle), (152 bytes).
    Removing lcd.o(i.LCD_Fast_DrawPoint), (248 bytes).
    Removing lcd.o(i.LCD_Pow), (22 bytes).
    Removing lcd.o(i.LCD_ReadPoint), (232 bytes).
    Removing lcd.o(i.LCD_SSD_BackLightSet), (248 bytes).
    Removing lcd.o(i.LCD_Set_Window), (340 bytes).
    Removing lcd.o(i.LCD_ShowChar), (296 bytes).
    Removing lcd.o(i.LCD_ShowNum), (148 bytes).
    Removing lcd.o(i.LCD_ShowString), (102 bytes).
    Removing lcd.o(i.LCD_ShowxNum), (190 bytes).
    Removing lcd.o(i.LCD_WriteRAM), (44 bytes).
    Removing lcd.o(i.Touch_Check), (424 bytes).
    Removing lcd.o(i.getPos), (116 bytes).
    Removing lcd.o(i.opt_delay), (14 bytes).
    Removing lcd.o(i.showTouch), (112 bytes).
    Removing lcd.o(.constdata), (6144 bytes).
    Removing stm32f10x_tim.o(i.TI1_Config), (56 bytes).
    Removing stm32f10x_tim.o(i.TI2_Config), (80 bytes).
    Removing stm32f10x_tim.o(i.TI3_Config), (72 bytes).
    Removing stm32f10x_tim.o(i.TI4_Config), (82 bytes).
    Removing stm32f10x_tim.o(i.TIM_ARRPreloadConfig), (24 bytes).
    Removing stm32f10x_tim.o(i.TIM_BDTRConfig), (32 bytes).
    Removing stm32f10x_tim.o(i.TIM_BDTRStructInit), (18 bytes).
    Removing stm32f10x_tim.o(i.TIM_CCPreloadControl), (24 bytes).
    Removing stm32f10x_tim.o(i.TIM_CCxCmd), (26 bytes).
    Removing stm32f10x_tim.o(i.TIM_CCxNCmd), (26 bytes).
    Removing stm32f10x_tim.o(i.TIM_ClearFlag), (6 bytes).
    Removing stm32f10x_tim.o(i.TIM_ClearOC1Ref), (18 bytes).
    Removing stm32f10x_tim.o(i.TIM_ClearOC2Ref), (24 bytes).
    Removing stm32f10x_tim.o(i.TIM_ClearOC3Ref), (18 bytes).
    Removing stm32f10x_tim.o(i.TIM_ClearOC4Ref), (24 bytes).
    Removing stm32f10x_tim.o(i.TIM_Cmd), (24 bytes).
    Removing stm32f10x_tim.o(i.TIM_CounterModeConfig), (18 bytes).
    Removing stm32f10x_tim.o(i.TIM_CtrlPWMOutputs), (30 bytes).
    Removing stm32f10x_tim.o(i.TIM_DMACmd), (18 bytes).
    Removing stm32f10x_tim.o(i.TIM_DMAConfig), (10 bytes).
    Removing stm32f10x_tim.o(i.TIM_DeInit), (224 bytes).
    Removing stm32f10x_tim.o(i.TIM_ETRClockMode1Config), (54 bytes).
    Removing stm32f10x_tim.o(i.TIM_ETRClockMode2Config), (32 bytes).
    Removing stm32f10x_tim.o(i.TIM_ETRConfig), (30 bytes).
    Removing stm32f10x_tim.o(i.TIM_EncoderInterfaceConfig), (66 bytes).
    Removing stm32f10x_tim.o(i.TIM_ForcedOC1Config), (18 bytes).
    Removing stm32f10x_tim.o(i.TIM_ForcedOC2Config), (26 bytes).
    Removing stm32f10x_tim.o(i.TIM_ForcedOC3Config), (18 bytes).
    Removing stm32f10x_tim.o(i.TIM_ForcedOC4Config), (26 bytes).
    Removing stm32f10x_tim.o(i.TIM_GenerateEvent), (4 bytes).
    Removing stm32f10x_tim.o(i.TIM_GetCapture2), (6 bytes).
    Removing stm32f10x_tim.o(i.TIM_GetCapture3), (6 bytes).
    Removing stm32f10x_tim.o(i.TIM_GetCapture4), (8 bytes).
    Removing stm32f10x_tim.o(i.TIM_GetCounter), (6 bytes).
    Removing stm32f10x_tim.o(i.TIM_GetFlagStatus), (18 bytes).
    Removing stm32f10x_tim.o(i.TIM_GetITStatus), (34 bytes).
    Removing stm32f10x_tim.o(i.TIM_GetPrescaler), (6 bytes).
    Removing stm32f10x_tim.o(i.TIM_ICInit), (110 bytes).
    Removing stm32f10x_tim.o(i.TIM_ICStructInit), (18 bytes).
    Removing stm32f10x_tim.o(i.TIM_ITConfig), (18 bytes).
    Removing stm32f10x_tim.o(i.TIM_ITRxExternalClockConfig), (24 bytes).
    Removing stm32f10x_tim.o(i.TIM_InternalClockConfig), (12 bytes).
    Removing stm32f10x_tim.o(i.TIM_OC1FastConfig), (18 bytes).
    Removing stm32f10x_tim.o(i.TIM_OC1Init), (120 bytes).
    Removing stm32f10x_tim.o(i.TIM_OC1NPolarityConfig), (18 bytes).
    Removing stm32f10x_tim.o(i.TIM_OC1PolarityConfig), (18 bytes).
    Removing stm32f10x_tim.o(i.TIM_OC1PreloadConfig), (18 bytes).
    Removing stm32f10x_tim.o(i.TIM_OC2FastConfig), (26 bytes).
    Removing stm32f10x_tim.o(i.TIM_OC2Init), (156 bytes).
    Removing stm32f10x_tim.o(i.TIM_OC2NPolarityConfig), (26 bytes).
    Removing stm32f10x_tim.o(i.TIM_OC2PolarityConfig), (26 bytes).
    Removing stm32f10x_tim.o(i.TIM_OC2PreloadConfig), (26 bytes).
    Removing stm32f10x_tim.o(i.TIM_OC3FastConfig), (18 bytes).
    Removing stm32f10x_tim.o(i.TIM_OC3Init), (152 bytes).
    Removing stm32f10x_tim.o(i.TIM_OC3NPolarityConfig), (26 bytes).
    Removing stm32f10x_tim.o(i.TIM_OC3PolarityConfig), (26 bytes).
    Removing stm32f10x_tim.o(i.TIM_OC3PreloadConfig), (18 bytes).
    Removing stm32f10x_tim.o(i.TIM_OC4FastConfig), (26 bytes).
    Removing stm32f10x_tim.o(i.TIM_OC4Init), (116 bytes).
    Removing stm32f10x_tim.o(i.TIM_OC4PolarityConfig), (26 bytes).
    Removing stm32f10x_tim.o(i.TIM_OC4PreloadConfig), (26 bytes).
    Removing stm32f10x_tim.o(i.TIM_OCStructInit), (20 bytes).
    Removing stm32f10x_tim.o(i.TIM_PWMIConfig), (124 bytes).
    Removing stm32f10x_tim.o(i.TIM_PrescalerConfig), (6 bytes).
    Removing stm32f10x_tim.o(i.TIM_SelectCCDMA), (24 bytes).
    Removing stm32f10x_tim.o(i.TIM_SelectCOM), (24 bytes).
    Removing stm32f10x_tim.o(i.TIM_SelectHallSensor), (24 bytes).
    Removing stm32f10x_tim.o(i.TIM_SelectInputTrigger), (18 bytes).
    Removing stm32f10x_tim.o(i.TIM_SelectMasterSlaveMode), (18 bytes).
    Removing stm32f10x_tim.o(i.TIM_SelectOCxM), (134 bytes).
    Removing stm32f10x_tim.o(i.TIM_SelectOnePulseMode), (18 bytes).
    Removing stm32f10x_tim.o(i.TIM_SelectOutputTrigger), (18 bytes).
    Removing stm32f10x_tim.o(i.TIM_SelectSlaveMode), (18 bytes).
    Removing stm32f10x_tim.o(i.TIM_SetAutoreload), (4 bytes).
    Removing stm32f10x_tim.o(i.TIM_SetClockDivision), (14 bytes).
    Removing stm32f10x_tim.o(i.TIM_SetCompare1), (4 bytes).
    Removing stm32f10x_tim.o(i.TIM_SetCompare2), (4 bytes).
    Removing stm32f10x_tim.o(i.TIM_SetCompare3), (4 bytes).
    Removing stm32f10x_tim.o(i.TIM_SetCompare4), (6 bytes).
    Removing stm32f10x_tim.o(i.TIM_SetCounter), (4 bytes).
    Removing stm32f10x_tim.o(i.TIM_SetIC1Prescaler), (18 bytes).
    Removing stm32f10x_tim.o(i.TIM_SetIC2Prescaler), (26 bytes).
    Removing stm32f10x_tim.o(i.TIM_SetIC3Prescaler), (18 bytes).
    Removing stm32f10x_tim.o(i.TIM_SetIC4Prescaler), (26 bytes).
    Removing stm32f10x_tim.o(i.TIM_TIxExternalClockConfig), (62 bytes).
    Removing stm32f10x_tim.o(i.TIM_TimeBaseInit), (60 bytes).
    Removing stm32f10x_tim.o(i.TIM_TimeBaseStructInit), (18 bytes).
    Removing stm32f10x_tim.o(i.TIM_UpdateDisableConfig), (24 bytes).
    Removing stm32f10x_tim.o(i.TIM_UpdateRequestConfig), (24 bytes).
    Removing misc.o(i.NVIC_SystemLPConfig), (32 bytes).
    Removing stm32f10x_gpio.o(i.GPIO_AFIODeInit), (20 bytes).
    Removing stm32f10x_gpio.o(i.GPIO_DeInit), (196 bytes).
    Removing stm32f10x_gpio.o(i.GPIO_EventOutputCmd), (12 bytes).
    Removing stm32f10x_gpio.o(i.GPIO_EventOutputConfig), (32 bytes).
    Removing stm32f10x_gpio.o(i.GPIO_PinLockConfig), (18 bytes).
    Removing stm32f10x_gpio.o(i.GPIO_ReadInputData), (8 bytes).
    Removing stm32f10x_gpio.o(i.GPIO_ReadInputDataBit), (18 bytes).
    Removing stm32f10x_gpio.o(i.GPIO_ReadOutputData), (8 bytes).
    Removing stm32f10x_gpio.o(i.GPIO_ReadOutputDataBit), (18 bytes).
    Removing stm32f10x_gpio.o(i.GPIO_ResetBits), (4 bytes).
    Removing stm32f10x_gpio.o(i.GPIO_SetBits), (4 bytes).
    Removing stm32f10x_gpio.o(i.GPIO_StructInit), (16 bytes).
    Removing stm32f10x_gpio.o(i.GPIO_Write), (4 bytes).
    Removing stm32f10x_gpio.o(i.GPIO_WriteBit), (10 bytes).
    Removing stm32f10x_rcc.o(i.RCC_ADCCLKConfig), (24 bytes).
    Removing stm32f10x_rcc.o(i.RCC_AHBPeriphClockCmd), (32 bytes).
    Removing stm32f10x_rcc.o(i.RCC_APB1PeriphClockCmd), (32 bytes).
    Removing stm32f10x_rcc.o(i.RCC_APB1PeriphResetCmd), (32 bytes).
    Removing stm32f10x_rcc.o(i.RCC_APB2PeriphResetCmd), (32 bytes).
    Removing stm32f10x_rcc.o(i.RCC_AdjustHSICalibrationValue), (24 bytes).
    Removing stm32f10x_rcc.o(i.RCC_BackupResetCmd), (12 bytes).
    Removing stm32f10x_rcc.o(i.RCC_ClearFlag), (20 bytes).
    Removing stm32f10x_rcc.o(i.RCC_ClearITPendingBit), (12 bytes).
    Removing stm32f10x_rcc.o(i.RCC_ClockSecuritySystemCmd), (12 bytes).
    Removing stm32f10x_rcc.o(i.RCC_DeInit), (76 bytes).
    Removing stm32f10x_rcc.o(i.RCC_GetFlagStatus), (60 bytes).
    Removing stm32f10x_rcc.o(i.RCC_GetITStatus), (24 bytes).
    Removing stm32f10x_rcc.o(i.RCC_GetSYSCLKSource), (16 bytes).
    Removing stm32f10x_rcc.o(i.RCC_HCLKConfig), (24 bytes).
    Removing stm32f10x_rcc.o(i.RCC_HSEConfig), (76 bytes).
    Removing stm32f10x_rcc.o(i.RCC_HSICmd), (12 bytes).
    Removing stm32f10x_rcc.o(i.RCC_ITConfig), (32 bytes).
    Removing stm32f10x_rcc.o(i.RCC_LSEConfig), (52 bytes).
    Removing stm32f10x_rcc.o(i.RCC_LSICmd), (12 bytes).
    Removing stm32f10x_rcc.o(i.RCC_MCOConfig), (12 bytes).
    Removing stm32f10x_rcc.o(i.RCC_PCLK1Config), (24 bytes).
    Removing stm32f10x_rcc.o(i.RCC_PCLK2Config), (24 bytes).
    Removing stm32f10x_rcc.o(i.RCC_PLLCmd), (12 bytes).
    Removing stm32f10x_rcc.o(i.RCC_PLLConfig), (28 bytes).
    Removing stm32f10x_rcc.o(i.RCC_RTCCLKCmd), (12 bytes).
    Removing stm32f10x_rcc.o(i.RCC_RTCCLKConfig), (16 bytes).
    Removing stm32f10x_rcc.o(i.RCC_SYSCLKConfig), (24 bytes).
    Removing stm32f10x_rcc.o(i.RCC_USBCLKConfig), (12 bytes).
    Removing stm32f10x_rcc.o(i.RCC_WaitForHSEStartUp), (54 bytes).
    Removing stm32f10x_adc.o(i.ADC_AnalogWatchdogCmd), (20 bytes).
    Removing stm32f10x_adc.o(i.ADC_AnalogWatchdogSingleChannelConfig), (16 bytes).
    Removing stm32f10x_adc.o(i.ADC_AnalogWatchdogThresholdsConfig), (6 bytes).
    Removing stm32f10x_adc.o(i.ADC_AutoInjectedConvCmd), (22 bytes).
    Removing stm32f10x_adc.o(i.ADC_ClearFlag), (6 bytes).
    Removing stm32f10x_adc.o(i.ADC_ClearITPendingBit), (10 bytes).
    Removing stm32f10x_adc.o(i.ADC_Cmd), (22 bytes).
    Removing stm32f10x_adc.o(i.ADC_DMACmd), (22 bytes).
    Removing stm32f10x_adc.o(i.ADC_DeInit), (96 bytes).
    Removing stm32f10x_adc.o(i.ADC_DiscModeChannelCountConfig), (24 bytes).
    Removing stm32f10x_adc.o(i.ADC_DiscModeCmd), (22 bytes).
    Removing stm32f10x_adc.o(i.ADC_ExternalTrigConvCmd), (22 bytes).
    Removing stm32f10x_adc.o(i.ADC_ExternalTrigInjectedConvCmd), (22 bytes).
    Removing stm32f10x_adc.o(i.ADC_ExternalTrigInjectedConvConfig), (16 bytes).
    Removing stm32f10x_adc.o(i.ADC_GetCalibrationStatus), (20 bytes).
    Removing stm32f10x_adc.o(i.ADC_GetConversionValue), (8 bytes).
    Removing stm32f10x_adc.o(i.ADC_GetDualModeConversionValue), (12 bytes).
    Removing stm32f10x_adc.o(i.ADC_GetFlagStatus), (18 bytes).
    Removing stm32f10x_adc.o(i.ADC_GetITStatus), (36 bytes).
    Removing stm32f10x_adc.o(i.ADC_GetInjectedConversionValue), (10 bytes).
    Removing stm32f10x_adc.o(i.ADC_GetResetCalibrationStatus), (20 bytes).
    Removing stm32f10x_adc.o(i.ADC_GetSoftwareStartConvStatus), (20 bytes).
    Removing stm32f10x_adc.o(i.ADC_GetSoftwareStartInjectedConvCmdStatus), (20 bytes).
    Removing stm32f10x_adc.o(i.ADC_ITConfig), (24 bytes).
    Removing stm32f10x_adc.o(i.ADC_Init), (80 bytes).
    Removing stm32f10x_adc.o(i.ADC_InjectedChannelConfig), (130 bytes).
    Removing stm32f10x_adc.o(i.ADC_InjectedDiscModeCmd), (22 bytes).
    Removing stm32f10x_adc.o(i.ADC_InjectedSequencerLengthConfig), (24 bytes).
    Removing stm32f10x_adc.o(i.ADC_RegularChannelConfig), (184 bytes).
    Removing stm32f10x_adc.o(i.ADC_ResetCalibration), (10 bytes).
    Removing stm32f10x_adc.o(i.ADC_SetInjectedOffset), (4 bytes).
    Removing stm32f10x_adc.o(i.ADC_SoftwareStartConvCmd), (22 bytes).
    Removing stm32f10x_adc.o(i.ADC_SoftwareStartInjectedConvCmd), (22 bytes).
    Removing stm32f10x_adc.o(i.ADC_StartCalibration), (10 bytes).
    Removing stm32f10x_adc.o(i.ADC_StructInit), (18 bytes).
    Removing stm32f10x_adc.o(i.ADC_TempSensorVrefintCmd), (36 bytes).
    Removing stm32f10x_bkp.o(i.BKP_ClearFlag), (20 bytes).
    Removing stm32f10x_bkp.o(i.BKP_ClearITPendingBit), (20 bytes).
    Removing stm32f10x_bkp.o(i.BKP_DeInit), (16 bytes).
    Removing stm32f10x_bkp.o(i.BKP_GetFlagStatus), (12 bytes).
    Removing stm32f10x_bkp.o(i.BKP_GetITStatus), (12 bytes).
    Removing stm32f10x_bkp.o(i.BKP_ITConfig), (12 bytes).
    Removing stm32f10x_bkp.o(i.BKP_RTCOutputConfig), (28 bytes).
    Removing stm32f10x_bkp.o(i.BKP_ReadBackupRegister), (16 bytes).
    Removing stm32f10x_bkp.o(i.BKP_SetRTCCalibrationValue), (28 bytes).
    Removing stm32f10x_bkp.o(i.BKP_TamperPinCmd), (12 bytes).
    Removing stm32f10x_bkp.o(i.BKP_TamperPinLevelConfig), (12 bytes).
    Removing stm32f10x_bkp.o(i.BKP_WriteBackupRegister), (16 bytes).
    Removing stm32f10x_can.o(i.CAN_CancelTransmit), (48 bytes).
    Removing stm32f10x_can.o(i.CAN_ClearFlag), (8 bytes).
    Removing stm32f10x_can.o(i.CAN_ClearITPendingBit), (166 bytes).
    Removing stm32f10x_can.o(i.CAN_DBGFreeze), (22 bytes).
    Removing stm32f10x_can.o(i.CAN_DeInit), (40 bytes).
    Removing stm32f10x_can.o(i.CAN_FIFORelease), (14 bytes).
    Removing stm32f10x_can.o(i.CAN_FilterInit), (264 bytes).
    Removing stm32f10x_can.o(i.CAN_GetFlagStatus), (18 bytes).
    Removing stm32f10x_can.o(i.CAN_GetITStatus), (238 bytes).
    Removing stm32f10x_can.o(i.CAN_ITConfig), (18 bytes).
    Removing stm32f10x_can.o(i.CAN_Init), (280 bytes).
    Removing stm32f10x_can.o(i.CAN_MessagePending), (30 bytes).
    Removing stm32f10x_can.o(i.CAN_Receive), (234 bytes).
    Removing stm32f10x_can.o(i.CAN_Sleep), (30 bytes).
    Removing stm32f10x_can.o(i.CAN_StructInit), (32 bytes).
    Removing stm32f10x_can.o(i.CAN_Transmit), (294 bytes).
    Removing stm32f10x_can.o(i.CAN_TransmitStatus), (142 bytes).
    Removing stm32f10x_can.o(i.CAN_WakeUp), (48 bytes).
    Removing stm32f10x_can.o(i.CheckITStatus), (18 bytes).
    Removing stm32f10x_dac.o(i.DAC_Cmd), (40 bytes).
    Removing stm32f10x_dac.o(i.DAC_DMACmd), (44 bytes).
    Removing stm32f10x_dac.o(i.DAC_DeInit), (22 bytes).
    Removing stm32f10x_dac.o(i.DAC_DualSoftwareTriggerCmd), (36 bytes).
    Removing stm32f10x_dac.o(i.DAC_GetDataOutputValue), (20 bytes).
    Removing stm32f10x_dac.o(i.DAC_Init), (52 bytes).
    Removing stm32f10x_dac.o(i.DAC_SetChannel1Data), (16 bytes).
    Removing stm32f10x_dac.o(i.DAC_SetChannel2Data), (16 bytes).
    Removing stm32f10x_dac.o(i.DAC_SetDualChannelData), (32 bytes).
    Removing stm32f10x_dac.o(i.DAC_SoftwareTriggerCmd), (44 bytes).
    Removing stm32f10x_dac.o(i.DAC_StructInit), (12 bytes).
    Removing stm32f10x_dac.o(i.DAC_WaveGenerationCmd), (40 bytes).
    Removing stm32f10x_i2c.o(i.I2C_ARPCmd), (24 bytes).
    Removing stm32f10x_i2c.o(i.I2C_AcknowledgeConfig), (24 bytes).
    Removing stm32f10x_i2c.o(i.I2C_CalculatePEC), (24 bytes).
    Removing stm32f10x_i2c.o(i.I2C_CheckEvent), (38 bytes).
    Removing stm32f10x_i2c.o(i.I2C_ClearFlag), (12 bytes).
    Removing stm32f10x_i2c.o(i.I2C_ClearITPendingBit), (12 bytes).
    Removing stm32f10x_i2c.o(i.I2C_Cmd), (24 bytes).
    Removing stm32f10x_i2c.o(i.I2C_DMACmd), (24 bytes).
    Removing stm32f10x_i2c.o(i.I2C_DMALastTransferCmd), (24 bytes).
    Removing stm32f10x_i2c.o(i.I2C_DeInit), (68 bytes).
    Removing stm32f10x_i2c.o(i.I2C_DualAddressCmd), (24 bytes).
    Removing stm32f10x_i2c.o(i.I2C_FastModeDutyCycleConfig), (28 bytes).
    Removing stm32f10x_i2c.o(i.I2C_GeneralCallCmd), (24 bytes).
    Removing stm32f10x_i2c.o(i.I2C_GenerateSTART), (24 bytes).
    Removing stm32f10x_i2c.o(i.I2C_GenerateSTOP), (24 bytes).
    Removing stm32f10x_i2c.o(i.I2C_GetFlagStatus), (58 bytes).
    Removing stm32f10x_i2c.o(i.I2C_GetITStatus), (38 bytes).
    Removing stm32f10x_i2c.o(i.I2C_GetLastEvent), (26 bytes).
    Removing stm32f10x_i2c.o(i.I2C_GetPEC), (8 bytes).
    Removing stm32f10x_i2c.o(i.I2C_ITConfig), (18 bytes).
    Removing stm32f10x_i2c.o(i.I2C_Init), (236 bytes).
    Removing stm32f10x_i2c.o(i.I2C_OwnAddress2Config), (22 bytes).
    Removing stm32f10x_i2c.o(i.I2C_PECPositionConfig), (28 bytes).
    Removing stm32f10x_i2c.o(i.I2C_ReadRegister), (6 bytes).
    Removing stm32f10x_i2c.o(i.I2C_ReceiveData), (8 bytes).
    Removing stm32f10x_i2c.o(i.I2C_SMBusAlertConfig), (28 bytes).
    Removing stm32f10x_i2c.o(i.I2C_Send7bitAddress), (18 bytes).
    Removing stm32f10x_i2c.o(i.I2C_SendData), (4 bytes).
    Removing stm32f10x_i2c.o(i.I2C_SoftwareResetCmd), (22 bytes).
    Removing stm32f10x_i2c.o(i.I2C_StretchClockCmd), (24 bytes).
    Removing stm32f10x_i2c.o(i.I2C_StructInit), (30 bytes).
    Removing stm32f10x_i2c.o(i.I2C_TransmitPEC), (24 bytes).
    Removing stm32f10x_usart.o(i.USART_ClearFlag), (6 bytes).
    Removing stm32f10x_usart.o(i.USART_ClockInit), (34 bytes).
    Removing stm32f10x_usart.o(i.USART_ClockStructInit), (12 bytes).
    Removing stm32f10x_usart.o(i.USART_DMACmd), (18 bytes).
    Removing stm32f10x_usart.o(i.USART_DeInit), (156 bytes).
    Removing stm32f10x_usart.o(i.USART_GetFlagStatus), (18 bytes).
    Removing stm32f10x_usart.o(i.USART_HalfDuplexCmd), (24 bytes).
    Removing stm32f10x_usart.o(i.USART_IrDACmd), (24 bytes).
    Removing stm32f10x_usart.o(i.USART_IrDAConfig), (18 bytes).
    Removing stm32f10x_usart.o(i.USART_LINBreakDetectLengthConfig), (18 bytes).
    Removing stm32f10x_usart.o(i.USART_LINCmd), (24 bytes).
    Removing stm32f10x_usart.o(i.USART_ReceiverWakeUpCmd), (24 bytes).
    Removing stm32f10x_usart.o(i.USART_SendBreak), (10 bytes).
    Removing stm32f10x_usart.o(i.USART_SetAddress), (18 bytes).
    Removing stm32f10x_usart.o(i.USART_SetGuardTime), (16 bytes).
    Removing stm32f10x_usart.o(i.USART_SetPrescaler), (16 bytes).
    Removing stm32f10x_usart.o(i.USART_SmartCardCmd), (24 bytes).
    Removing stm32f10x_usart.o(i.USART_SmartCardNACKCmd), (24 bytes).
    Removing stm32f10x_usart.o(i.USART_StructInit), (24 bytes).
    Removing stm32f10x_usart.o(i.USART_WakeUpConfig), (18 bytes).
    Removing stm32f10x_fsmc.o(i.FSMC_ClearFlag), (64 bytes).
    Removing stm32f10x_fsmc.o(i.FSMC_ClearITPendingBit), (72 bytes).
    Removing stm32f10x_fsmc.o(i.FSMC_GetECC), (28 bytes).
    Removing stm32f10x_fsmc.o(i.FSMC_GetFlagStatus), (56 bytes).
    Removing stm32f10x_fsmc.o(i.FSMC_GetITStatus), (68 bytes).
    Removing stm32f10x_fsmc.o(i.FSMC_ITConfig), (128 bytes).
    Removing stm32f10x_fsmc.o(i.FSMC_NANDCmd), (92 bytes).
    Removing stm32f10x_fsmc.o(i.FSMC_NANDDeInit), (68 bytes).
    Removing stm32f10x_fsmc.o(i.FSMC_NANDECCCmd), (92 bytes).
    Removing stm32f10x_fsmc.o(i.FSMC_NANDInit), (136 bytes).
    Removing stm32f10x_fsmc.o(i.FSMC_NANDStructInit), (54 bytes).
    Removing stm32f10x_fsmc.o(i.FSMC_NORSRAMCmd), (52 bytes).
    Removing stm32f10x_fsmc.o(i.FSMC_NORSRAMDeInit), (54 bytes).
    Removing stm32f10x_fsmc.o(i.FSMC_NORSRAMInit), (226 bytes).
    Removing stm32f10x_fsmc.o(i.FSMC_NORSRAMStructInit), (112 bytes).
    Removing stm32f10x_fsmc.o(i.FSMC_PCCARDCmd), (48 bytes).
    Removing stm32f10x_fsmc.o(i.FSMC_PCCARDDeInit), (40 bytes).
    Removing stm32f10x_fsmc.o(i.FSMC_PCCARDInit), (132 bytes).
    Removing stm32f10x_fsmc.o(i.FSMC_PCCARDStructInit), (60 bytes).
    Removing stm32f10x_spi.o(i.I2S_Cmd), (24 bytes).
    Removing stm32f10x_spi.o(i.I2S_Init), (210 bytes).
    Removing stm32f10x_spi.o(i.I2S_StructInit), (20 bytes).
    Removing stm32f10x_spi.o(i.SPI_BiDirectionalLineConfig), (28 bytes).
    Removing stm32f10x_spi.o(i.SPI_CalculateCRC), (24 bytes).
    Removing stm32f10x_spi.o(i.SPI_Cmd), (24 bytes).
    Removing stm32f10x_spi.o(i.SPI_DataSizeConfig), (18 bytes).
    Removing stm32f10x_spi.o(i.SPI_GetCRC), (16 bytes).
    Removing stm32f10x_spi.o(i.SPI_GetCRCPolynomial), (6 bytes).
    Removing stm32f10x_spi.o(i.SPI_I2S_ClearFlag), (6 bytes).
    Removing stm32f10x_spi.o(i.SPI_I2S_ClearITPendingBit), (20 bytes).
    Removing stm32f10x_spi.o(i.SPI_I2S_DMACmd), (18 bytes).
    Removing stm32f10x_spi.o(i.SPI_I2S_DeInit), (92 bytes).
    Removing stm32f10x_spi.o(i.SPI_I2S_GetFlagStatus), (18 bytes).
    Removing stm32f10x_spi.o(i.SPI_I2S_GetITStatus), (52 bytes).
    Removing stm32f10x_spi.o(i.SPI_I2S_ITConfig), (32 bytes).
    Removing stm32f10x_spi.o(i.SPI_I2S_ReceiveData), (6 bytes).
    Removing stm32f10x_spi.o(i.SPI_I2S_SendData), (4 bytes).
    Removing stm32f10x_spi.o(i.SPI_Init), (60 bytes).
    Removing stm32f10x_spi.o(i.SPI_NSSInternalSoftwareConfig), (30 bytes).
    Removing stm32f10x_spi.o(i.SPI_SSOutputCmd), (24 bytes).
    Removing stm32f10x_spi.o(i.SPI_StructInit), (24 bytes).
    Removing stm32f10x_spi.o(i.SPI_TransmitCRC), (10 bytes).
    Removing stm32f10x_exti.o(i.EXTI_ClearFlag), (12 bytes).
    Removing stm32f10x_exti.o(i.EXTI_DeInit), (36 bytes).
    Removing stm32f10x_exti.o(i.EXTI_GenerateSWInterrupt), (16 bytes).
    Removing stm32f10x_exti.o(i.EXTI_GetFlagStatus), (24 bytes).
    Removing stm32f10x_exti.o(i.EXTI_StructInit), (16 bytes).
    Removing stm32f10x_rtc.o(i.RTC_ClearFlag), (16 bytes).
    Removing stm32f10x_rtc.o(i.RTC_ClearITPendingBit), (16 bytes).
    Removing stm32f10x_rtc.o(i.RTC_EnterConfigMode), (20 bytes).
    Removing stm32f10x_rtc.o(i.RTC_ExitConfigMode), (20 bytes).
    Removing stm32f10x_rtc.o(i.RTC_GetCounter), (20 bytes).
    Removing stm32f10x_rtc.o(i.RTC_GetDivider), (24 bytes).
    Removing stm32f10x_rtc.o(i.RTC_GetFlagStatus), (24 bytes).
    Removing stm32f10x_rtc.o(i.RTC_GetITStatus), (36 bytes).
    Removing stm32f10x_rtc.o(i.RTC_ITConfig), (32 bytes).
    Removing stm32f10x_rtc.o(i.RTC_SetAlarm), (28 bytes).
    Removing stm32f10x_rtc.o(i.RTC_SetCounter), (28 bytes).
    Removing stm32f10x_rtc.o(i.RTC_SetPrescaler), (32 bytes).
    Removing stm32f10x_rtc.o(i.RTC_WaitForLastTask), (20 bytes).
    Removing stm32f10x_rtc.o(i.RTC_WaitForSynchro), (36 bytes).
    Removing stm32f10x_pwr.o(i.PWR_BackupAccessCmd), (12 bytes).
    Removing stm32f10x_pwr.o(i.PWR_ClearFlag), (20 bytes).
    Removing stm32f10x_pwr.o(i.PWR_DeInit), (22 bytes).
    Removing stm32f10x_pwr.o(i.PWR_EnterSTANDBYMode), (52 bytes).
    Removing stm32f10x_pwr.o(i.PWR_EnterSTOPMode), (52 bytes).
    Removing stm32f10x_pwr.o(i.PWR_GetFlagStatus), (24 bytes).
    Removing stm32f10x_pwr.o(i.PWR_PVDCmd), (12 bytes).
    Removing stm32f10x_pwr.o(i.PWR_PVDLevelConfig), (24 bytes).
    Removing stm32f10x_pwr.o(i.PWR_WakeUpPinCmd), (12 bytes).
    Removing stm32f10x_dma.o(i.DMA_ClearFlag), (28 bytes).
    Removing stm32f10x_dma.o(i.DMA_ClearITPendingBit), (28 bytes).
    Removing stm32f10x_dma.o(i.DMA_Cmd), (22 bytes).
    Removing stm32f10x_dma.o(i.DMA_DeInit), (324 bytes).
    Removing stm32f10x_dma.o(i.DMA_GetCurrDataCounter), (8 bytes).
    Removing stm32f10x_dma.o(i.DMA_GetFlagStatus), (44 bytes).
    Removing stm32f10x_dma.o(i.DMA_GetITStatus), (44 bytes).
    Removing stm32f10x_dma.o(i.DMA_ITConfig), (18 bytes).
    Removing stm32f10x_dma.o(i.DMA_Init), (60 bytes).
    Removing stm32f10x_dma.o(i.DMA_StructInit), (26 bytes).
    Removing stm32f10x_crc.o(i.CRC_CalcBlockCRC), (36 bytes).
    Removing stm32f10x_crc.o(i.CRC_CalcCRC), (16 bytes).
    Removing stm32f10x_crc.o(i.CRC_GetCRC), (12 bytes).
    Removing stm32f10x_crc.o(i.CRC_GetIDRegister), (12 bytes).
    Removing stm32f10x_crc.o(i.CRC_ResetDR), (12 bytes).
    Removing stm32f10x_crc.o(i.CRC_SetIDRegister), (12 bytes).
    Removing stm32f10x_dbgmcu.o(i.DBGMCU_Config), (32 bytes).
    Removing stm32f10x_dbgmcu.o(i.DBGMCU_GetDEVID), (16 bytes).
    Removing stm32f10x_dbgmcu.o(i.DBGMCU_GetREVID), (12 bytes).
    Removing stm32f10x_flash.o(i.FLASH_ClearFlag), (12 bytes).
    Removing stm32f10x_flash.o(i.FLASH_EnableWriteProtection), (196 bytes).
    Removing stm32f10x_flash.o(i.FLASH_EraseAllPages), (76 bytes).
    Removing stm32f10x_flash.o(i.FLASH_EraseOptionBytes), (160 bytes).
    Removing stm32f10x_flash.o(i.FLASH_ErasePage), (80 bytes).
    Removing stm32f10x_flash.o(i.FLASH_GetFlagStatus), (48 bytes).
    Removing stm32f10x_flash.o(i.FLASH_GetPrefetchBufferStatus), (24 bytes).
    Removing stm32f10x_flash.o(i.FLASH_GetReadOutProtectionStatus), (24 bytes).
    Removing stm32f10x_flash.o(i.FLASH_GetStatus), (52 bytes).
    Removing stm32f10x_flash.o(i.FLASH_GetUserOptionByte), (12 bytes).
    Removing stm32f10x_flash.o(i.FLASH_GetWriteProtectionOptionByte), (12 bytes).
    Removing stm32f10x_flash.o(i.FLASH_HalfCycleAccessCmd), (28 bytes).
    Removing stm32f10x_flash.o(i.FLASH_ITConfig), (32 bytes).
    Removing stm32f10x_flash.o(i.FLASH_Lock), (20 bytes).
    Removing stm32f10x_flash.o(i.FLASH_PrefetchBufferCmd), (28 bytes).
    Removing stm32f10x_flash.o(i.FLASH_ProgramHalfWord), (68 bytes).
    Removing stm32f10x_flash.o(i.FLASH_ProgramOptionByteData), (84 bytes).
    Removing stm32f10x_flash.o(i.FLASH_ProgramWord), (104 bytes).
    Removing stm32f10x_flash.o(i.FLASH_ReadOutProtection), (172 bytes).
    Removing stm32f10x_flash.o(i.FLASH_SetLatency), (24 bytes).
    Removing stm32f10x_flash.o(i.FLASH_Unlock), (24 bytes).
    Removing stm32f10x_flash.o(i.FLASH_UserOptionByteConfig), (108 bytes).
    Removing stm32f10x_flash.o(i.FLASH_WaitForLastOperation), (42 bytes).
    Removing stm32f10x_flash.o(i.delay), (26 bytes).
    Removing stm32f10x_iwdg.o(i.IWDG_Enable), (16 bytes).
    Removing stm32f10x_iwdg.o(i.IWDG_GetFlagStatus), (24 bytes).
    Removing stm32f10x_iwdg.o(i.IWDG_ReloadCounter), (16 bytes).
    Removing stm32f10x_iwdg.o(i.IWDG_SetPrescaler), (12 bytes).
    Removing stm32f10x_iwdg.o(i.IWDG_SetReload), (12 bytes).
    Removing stm32f10x_iwdg.o(i.IWDG_WriteAccessCmd), (12 bytes).
    Removing stm32f10x_sdio.o(i.SDIO_CEATAITCmd), (16 bytes).
    Removing stm32f10x_sdio.o(i.SDIO_ClearFlag), (12 bytes).
    Removing stm32f10x_sdio.o(i.SDIO_ClearITPendingBit), (12 bytes).
    Removing stm32f10x_sdio.o(i.SDIO_ClockCmd), (12 bytes).
    Removing stm32f10x_sdio.o(i.SDIO_CmdStructInit), (14 bytes).
    Removing stm32f10x_sdio.o(i.SDIO_CommandCompletionCmd), (12 bytes).
    Removing stm32f10x_sdio.o(i.SDIO_DMACmd), (12 bytes).
    Removing stm32f10x_sdio.o(i.SDIO_DataConfig), (48 bytes).
    Removing stm32f10x_sdio.o(i.SDIO_DataStructInit), (20 bytes).
    Removing stm32f10x_sdio.o(i.SDIO_DeInit), (36 bytes).
    Removing stm32f10x_sdio.o(i.SDIO_GetCommandResponse), (12 bytes).
    Removing stm32f10x_sdio.o(i.SDIO_GetDataCounter), (12 bytes).
    Removing stm32f10x_sdio.o(i.SDIO_GetFIFOCount), (12 bytes).
    Removing stm32f10x_sdio.o(i.SDIO_GetFlagStatus), (24 bytes).
    Removing stm32f10x_sdio.o(i.SDIO_GetITStatus), (24 bytes).
    Removing stm32f10x_sdio.o(i.SDIO_GetPowerState), (16 bytes).
    Removing stm32f10x_sdio.o(i.SDIO_GetResponse), (16 bytes).
    Removing stm32f10x_sdio.o(i.SDIO_ITConfig), (32 bytes).
    Removing stm32f10x_sdio.o(i.SDIO_Init), (48 bytes).
    Removing stm32f10x_sdio.o(i.SDIO_ReadData), (12 bytes).
    Removing stm32f10x_sdio.o(i.SDIO_SendCEATACmd), (12 bytes).
    Removing stm32f10x_sdio.o(i.SDIO_SendCommand), (44 bytes).
    Removing stm32f10x_sdio.o(i.SDIO_SendSDIOSuspendCmd), (12 bytes).
    Removing stm32f10x_sdio.o(i.SDIO_SetPowerState), (28 bytes).
    Removing stm32f10x_sdio.o(i.SDIO_SetSDIOOperation), (12 bytes).
    Removing stm32f10x_sdio.o(i.SDIO_SetSDIOReadWaitMode), (12 bytes).
    Removing stm32f10x_sdio.o(i.SDIO_StartSDIOReadWait), (12 bytes).
    Removing stm32f10x_sdio.o(i.SDIO_StopSDIOReadWait), (12 bytes).
    Removing stm32f10x_sdio.o(i.SDIO_StructInit), (16 bytes).
    Removing stm32f10x_sdio.o(i.SDIO_WriteData), (12 bytes).
    Removing stm32f10x_wwdg.o(i.WWDG_ClearFlag), (12 bytes).
    Removing stm32f10x_wwdg.o(i.WWDG_DeInit), (22 bytes).
    Removing stm32f10x_wwdg.o(i.WWDG_Enable), (16 bytes).
    Removing stm32f10x_wwdg.o(i.WWDG_EnableIT), (12 bytes).
    Removing stm32f10x_wwdg.o(i.WWDG_GetFlagStatus), (12 bytes).
    Removing stm32f10x_wwdg.o(i.WWDG_SetCounter), (16 bytes).
    Removing stm32f10x_wwdg.o(i.WWDG_SetPrescaler), (24 bytes).
    Removing stm32f10x_wwdg.o(i.WWDG_SetWindowValue), (28 bytes).
    Removing startup_stm32f10x_hd.o(HEAP), (0 bytes).
    Removing system_stm32f10x.o(.constdata), (20 bytes).
    Removing dmul.o(.text), (228 bytes).
    Removing dfltui.o(.text), (26 bytes).
    Removing dfixui.o(.text), (50 bytes).
    Removing depilogue.o(.text), (186 bytes).
    Removing dadd.o(.text), (334 bytes).
    Removing ddiv.o(.text), (222 bytes).
    Removing dfixul.o(.text), (48 bytes).
    Removing cdrcmple.o(.text), (48 bytes).

477 unused section(s) (total 27434 bytes) removed from the image.

==============================================================================

Image Symbol Table

    Local Symbols

    Symbol Name                              Value     Ov Type        Size  Object(Section)

    ../clib/microlib/division.c              0x00000000   Number         0  uidiv.o ABSOLUTE
    ../clib/microlib/division.c              0x00000000   Number         0  uldiv.o ABSOLUTE
    ../clib/microlib/division.c              0x00000000   Number         0  ldiv.o ABSOLUTE
    ../clib/microlib/init/entry.s            0x00000000   Number         0  entry9b.o ABSOLUTE
    ../clib/microlib/init/entry.s            0x00000000   Number         0  entry9a.o ABSOLUTE
    ../clib/microlib/init/entry.s            0x00000000   Number         0  entry8b.o ABSOLUTE
    ../clib/microlib/init/entry.s            0x00000000   Number         0  entry8a.o ABSOLUTE
    ../clib/microlib/init/entry.s            0x00000000   Number         0  entry7b.o ABSOLUTE
    ../clib/microlib/init/entry.s            0x00000000   Number         0  entry7a.o ABSOLUTE
    ../clib/microlib/init/entry.s            0x00000000   Number         0  entry5.o ABSOLUTE
    ../clib/microlib/init/entry.s            0x00000000   Number         0  entry2.o ABSOLUTE
    ../clib/microlib/init/entry.s            0x00000000   Number         0  entry11a.o ABSOLUTE
    ../clib/microlib/init/entry.s            0x00000000   Number         0  entry.o ABSOLUTE
    ../clib/microlib/init/entry.s            0x00000000   Number         0  entry11b.o ABSOLUTE
    ../clib/microlib/init/entry.s            0x00000000   Number         0  entry10a.o ABSOLUTE
    ../clib/microlib/init/entry.s            0x00000000   Number         0  entry10b.o ABSOLUTE
    ../clib/microlib/longlong.c              0x00000000   Number         0  llsshr.o ABSOLUTE
    ../clib/microlib/longlong.c              0x00000000   Number         0  llshl.o ABSOLUTE
    ../clib/microlib/longlong.c              0x00000000   Number         0  llushr.o ABSOLUTE
    ../clib/microlib/printf/printf.c         0x00000000   Number         0  printfa.o ABSOLUTE
    ../clib/microlib/printf/printf.c         0x00000000   Number         0  printf1.o ABSOLUTE
    ../clib/microlib/printf/printf.c         0x00000000   Number         0  printf5.o ABSOLUTE
    ../clib/microlib/printf/printf.c         0x00000000   Number         0  printf4.o ABSOLUTE
    ../clib/microlib/printf/printf.c         0x00000000   Number         0  printf2.o ABSOLUTE
    ../clib/microlib/printf/printf.c         0x00000000   Number         0  printf8.o ABSOLUTE
    ../clib/microlib/printf/printf.c         0x00000000   Number         0  printf7.o ABSOLUTE
    ../clib/microlib/printf/printf.c         0x00000000   Number         0  printf6.o ABSOLUTE
    ../clib/microlib/printf/printf.c         0x00000000   Number         0  printfb.o ABSOLUTE
    ../clib/microlib/printf/printf.c         0x00000000   Number         0  printf0.o ABSOLUTE
    ../clib/microlib/printf/printf.c         0x00000000   Number         0  printf3.o ABSOLUTE
    ../clib/microlib/printf/stubs.s          0x00000000   Number         0  stubs.o ABSOLUTE
    ../clib/microlib/stdio/fputc.c           0x00000000   Number         0  fputc.o ABSOLUTE
    ../clib/microlib/stdio/semi.s            0x00000000   Number         0  semi.o ABSOLUTE
    ../clib/microlib/stdio/streams.c         0x00000000   Number         0  stdout.o ABSOLUTE
    ../clib/microlib/stubs.s                 0x00000000   Number         0  iusesemip.o ABSOLUTE
    ../clib/microlib/stubs.s                 0x00000000   Number         0  iusefp.o ABSOLUTE
    ../fplib/microlib/fpadd.c                0x00000000   Number         0  fadd.o ABSOLUTE
    ../fplib/microlib/fpadd.c                0x00000000   Number         0  dadd.o ABSOLUTE
    ../fplib/microlib/fpdiv.c                0x00000000   Number         0  fdiv.o ABSOLUTE
    ../fplib/microlib/fpdiv.c                0x00000000   Number         0  ddiv.o ABSOLUTE
    ../fplib/microlib/fpepilogue.c           0x00000000   Number         0  fepilogue.o ABSOLUTE
    ../fplib/microlib/fpepilogue.c           0x00000000   Number         0  depilogue.o ABSOLUTE
    ../fplib/microlib/fpfix.c                0x00000000   Number         0  dfixul.o ABSOLUTE
    ../fplib/microlib/fpfix.c                0x00000000   Number         0  dfixui.o ABSOLUTE
    ../fplib/microlib/fpfix.c                0x00000000   Number         0  ffixi.o ABSOLUTE
    ../fplib/microlib/fpflt.c                0x00000000   Number         0  dfltui.o ABSOLUTE
    ../fplib/microlib/fpflt.c                0x00000000   Number         0  fflti.o ABSOLUTE
    ../fplib/microlib/fpmul.c                0x00000000   Number         0  fmul.o ABSOLUTE
    ../fplib/microlib/fpmul.c                0x00000000   Number         0  dmul.o ABSOLUTE
    ..\..\Libraries\CMSIS\Core\CM3\startup\arm\startup_stm32f10x_hd.s 0x00000000   Number         0  startup_stm32f10x_hd.o ABSOLUTE
    ..\..\Libraries\CMSIS\Core\CM3\system_stm32f10x.c 0x00000000   Number         0  system_stm32f10x.o ABSOLUTE
    ..\..\Libraries\STM32F10x_StdPeriph_Driver\src\misc.c 0x00000000   Number         0  misc.o ABSOLUTE
    ..\..\Libraries\STM32F10x_StdPeriph_Driver\src\stm32f10x_adc.c 0x00000000   Number         0  stm32f10x_adc.o ABSOLUTE
    ..\..\Libraries\STM32F10x_StdPeriph_Driver\src\stm32f10x_bkp.c 0x00000000   Number         0  stm32f10x_bkp.o ABSOLUTE
    ..\..\Libraries\STM32F10x_StdPeriph_Driver\src\stm32f10x_can.c 0x00000000   Number         0  stm32f10x_can.o ABSOLUTE
    ..\..\Libraries\STM32F10x_StdPeriph_Driver\src\stm32f10x_crc.c 0x00000000   Number         0  stm32f10x_crc.o ABSOLUTE
    ..\..\Libraries\STM32F10x_StdPeriph_Driver\src\stm32f10x_dac.c 0x00000000   Number         0  stm32f10x_dac.o ABSOLUTE
    ..\..\Libraries\STM32F10x_StdPeriph_Driver\src\stm32f10x_dbgmcu.c 0x00000000   Number         0  stm32f10x_dbgmcu.o ABSOLUTE
    ..\..\Libraries\STM32F10x_StdPeriph_Driver\src\stm32f10x_dma.c 0x00000000   Number         0  stm32f10x_dma.o ABSOLUTE
    ..\..\Libraries\STM32F10x_StdPeriph_Driver\src\stm32f10x_exti.c 0x00000000   Number         0  stm32f10x_exti.o ABSOLUTE
    ..\..\Libraries\STM32F10x_StdPeriph_Driver\src\stm32f10x_flash.c 0x00000000   Number         0  stm32f10x_flash.o ABSOLUTE
    ..\..\Libraries\STM32F10x_StdPeriph_Driver\src\stm32f10x_fsmc.c 0x00000000   Number         0  stm32f10x_fsmc.o ABSOLUTE
    ..\..\Libraries\STM32F10x_StdPeriph_Driver\src\stm32f10x_gpio.c 0x00000000   Number         0  stm32f10x_gpio.o ABSOLUTE
    ..\..\Libraries\STM32F10x_StdPeriph_Driver\src\stm32f10x_i2c.c 0x00000000   Number         0  stm32f10x_i2c.o ABSOLUTE
    ..\..\Libraries\STM32F10x_StdPeriph_Driver\src\stm32f10x_iwdg.c 0x00000000   Number         0  stm32f10x_iwdg.o ABSOLUTE
    ..\..\Libraries\STM32F10x_StdPeriph_Driver\src\stm32f10x_pwr.c 0x00000000   Number         0  stm32f10x_pwr.o ABSOLUTE
    ..\..\Libraries\STM32F10x_StdPeriph_Driver\src\stm32f10x_rcc.c 0x00000000   Number         0  stm32f10x_rcc.o ABSOLUTE
    ..\..\Libraries\STM32F10x_StdPeriph_Driver\src\stm32f10x_rtc.c 0x00000000   Number         0  stm32f10x_rtc.o ABSOLUTE
    ..\..\Libraries\STM32F10x_StdPeriph_Driver\src\stm32f10x_sdio.c 0x00000000   Number         0  stm32f10x_sdio.o ABSOLUTE
    ..\..\Libraries\STM32F10x_StdPeriph_Driver\src\stm32f10x_spi.c 0x00000000   Number         0  stm32f10x_spi.o ABSOLUTE
    ..\..\Libraries\STM32F10x_StdPeriph_Driver\src\stm32f10x_tim.c 0x00000000   Number         0  stm32f10x_tim.o ABSOLUTE
    ..\..\Libraries\STM32F10x_StdPeriph_Driver\src\stm32f10x_usart.c 0x00000000   Number         0  stm32f10x_usart.o ABSOLUTE
    ..\..\Libraries\STM32F10x_StdPeriph_Driver\src\stm32f10x_wwdg.c 0x00000000   Number         0  stm32f10x_wwdg.o ABSOLUTE
    ..\src\EXTI.c                            0x00000000   Number         0  exti.o ABSOLUTE
    ..\src\IIC-lib.c                         0x00000000   Number         0  iic-lib.o ABSOLUTE
    ..\src\SPI.c                             0x00000000   Number         0  spi.o ABSOLUTE
    ..\src\Timer.c                           0x00000000   Number         0  timer.o ABSOLUTE
    ..\src\UART.c                            0x00000000   Number         0  uart.o ABSOLUTE
    ..\src\dma.c                             0x00000000   Number         0  dma.o ABSOLUTE
    ..\src\lcd.c                             0x00000000   Number         0  lcd.o ABSOLUTE
    ..\src\main.c                            0x00000000   Number         0  main.o ABSOLUTE
    ..\src\stm32f10x_it.c                    0x00000000   Number         0  stm32f10x_it.o ABSOLUTE
    ..\src\systick.c                         0x00000000   Number         0  systick.o ABSOLUTE
    cdrcmple.s                               0x00000000   Number         0  cdrcmple.o ABSOLUTE
    dc.s                                     0x00000000   Number         0  dc.o ABSOLUTE
    handlers.s                               0x00000000   Number         0  handlers.o ABSOLUTE
    init.s                                   0x00000000   Number         0  init.o ABSOLUTE
    RESET                                    0x08000000   Section      304  startup_stm32f10x_hd.o(RESET)
    .ARM.Collect$$$$00000000                 0x08000130   Section        0  entry.o(.ARM.Collect$$$$00000000)
    .ARM.Collect$$$$00000001                 0x08000130   Section        4  entry2.o(.ARM.Collect$$$$00000001)
    .ARM.Collect$$$$00000004                 0x08000134   Section        4  entry5.o(.ARM.Collect$$$$00000004)
    .ARM.Collect$$$$00000008                 0x08000138   Section        0  entry7b.o(.ARM.Collect$$$$00000008)
    .ARM.Collect$$$$0000000A                 0x08000138   Section        0  entry8b.o(.ARM.Collect$$$$0000000A)
    .ARM.Collect$$$$0000000B                 0x08000138   Section        8  entry9a.o(.ARM.Collect$$$$0000000B)
    .ARM.Collect$$$$0000000D                 0x08000140   Section        0  entry10a.o(.ARM.Collect$$$$0000000D)
    .ARM.Collect$$$$0000000F                 0x08000140   Section        0  entry11a.o(.ARM.Collect$$$$0000000F)
    .ARM.Collect$$$$00002712                 0x08000140   Section        4  entry2.o(.ARM.Collect$$$$00002712)
    __lit__00000000                          0x08000140   Data           4  entry2.o(.ARM.Collect$$$$00002712)
    .text                                    0x08000144   Section       48  startup_stm32f10x_hd.o(.text)
    .text                                    0x08000174   Section        0  ldiv.o(.text)
    .text                                    0x080001d6   Section        0  fadd.o(.text)
    .text                                    0x08000286   Section        0  fmul.o(.text)
    .text                                    0x080002ea   Section        0  fdiv.o(.text)
    .text                                    0x08000366   Section        0  fflti.o(.text)
    .text                                    0x08000378   Section        0  ffixi.o(.text)
    .text                                    0x080003aa   Section        0  uldiv.o(.text)
    .text                                    0x0800040c   Section        0  llushr.o(.text)
    .text                                    0x0800042c   Section        0  fepilogue.o(.text)
    .text                                    0x0800042c   Section        0  iusefp.o(.text)
    .text                                    0x0800049c   Section       36  init.o(.text)
    .text                                    0x080004c0   Section        0  llshl.o(.text)
    i.BusFault_Handler                       0x080004de   Section        0  stm32f10x_it.o(i.BusFault_Handler)
    i.DATAIN                                 0x080004e4   Section        0  lcd.o(i.DATAIN)
    i.DATAOUT                                0x08000528   Section        0  lcd.o(i.DATAOUT)
    i.DebugMon_Handler                       0x0800057c   Section        0  stm32f10x_it.o(i.DebugMon_Handler)
    i.EXTI2_IRQHandler                       0x0800057e   Section        0  lcd.o(i.EXTI2_IRQHandler)
    i.EXTI9_5_IRQHandler                     0x08000594   Section        0  exti.o(i.EXTI9_5_IRQHandler)
    i.EXTI_ClearITPendingBit                 0x080005b4   Section        0  stm32f10x_exti.o(i.EXTI_ClearITPendingBit)
    i.EXTI_GetITStatus                       0x080005c0   Section        0  stm32f10x_exti.o(i.EXTI_GetITStatus)
    i.EXTI_Init                              0x080005e8   Section        0  stm32f10x_exti.o(i.EXTI_Init)
    i.GPIO_EXTILineConfig                    0x080006a0   Section        0  stm32f10x_gpio.o(i.GPIO_EXTILineConfig)
    i.GPIO_Init                              0x080006e0   Section        0  stm32f10x_gpio.o(i.GPIO_Init)
    i.GPIO_PinRemapConfig                    0x080007f8   Section        0  stm32f10x_gpio.o(i.GPIO_PinRemapConfig)
    i.HardFault_Handler                      0x08000868   Section        0  stm32f10x_it.o(i.HardFault_Handler)
    i.LCD_Clear                              0x0800086c   Section        0  lcd.o(i.LCD_Clear)
    i.LCD_Config_DIN                         0x080008bc   Section        0  lcd.o(i.LCD_Config_DIN)
    i.LCD_Config_DOUT                        0x08000900   Section        0  lcd.o(i.LCD_Config_DOUT)
    i.LCD_Configuration                      0x08000938   Section        0  lcd.o(i.LCD_Configuration)
    i.LCD_Display_Dir                        0x080009b0   Section        0  lcd.o(i.LCD_Display_Dir)
    i.LCD_DrawLine                           0x08000a18   Section        0  lcd.o(i.LCD_DrawLine)
    i.LCD_DrawPoint                          0x08000ac8   Section        0  lcd.o(i.LCD_DrawPoint)
    i.LCD_Draw_filled_Circle                 0x08000b08   Section        0  lcd.o(i.LCD_Draw_filled_Circle)
    i.LCD_Fill                               0x08000be4   Section        0  lcd.o(i.LCD_Fill)
    i.LCD_Init                               0x08000c54   Section        0  lcd.o(i.LCD_Init)
    i.LCD_RD_DATA                            0x08000f00   Section        0  lcd.o(i.LCD_RD_DATA)
    i.LCD_ReadReg                            0x08000f38   Section        0  lcd.o(i.LCD_ReadReg)
    i.LCD_Scan_Dir                           0x08000f48   Section        0  lcd.o(i.LCD_Scan_Dir)
    i.LCD_SetCursor                          0x08000fb0   Section        0  lcd.o(i.LCD_SetCursor)
    i.LCD_WR_DATAX                           0x08001060   Section        0  lcd.o(i.LCD_WR_DATAX)
    i.LCD_WR_REG                             0x0800108c   Section        0  lcd.o(i.LCD_WR_REG)
    i.LCD_WriteRAM_Prepare                   0x080010b4   Section        0  lcd.o(i.LCD_WriteRAM_Prepare)
    i.LCD_WriteReg                           0x080010c4   Section        0  lcd.o(i.LCD_WriteReg)
    i.MemManage_Handler                      0x080010f8   Section        0  stm32f10x_it.o(i.MemManage_Handler)
    i.NMI_Handler                            0x080010fc   Section        0  stm32f10x_it.o(i.NMI_Handler)
    i.NVIC_Configuration                     0x080010fe   Section        0  uart.o(i.NVIC_Configuration)
    i.NVIC_Init                              0x08001134   Section        0  misc.o(i.NVIC_Init)
    i.NVIC_PriorityGroupConfig               0x080011a4   Section        0  misc.o(i.NVIC_PriorityGroupConfig)
    i.NVIC_SetVectorTable                    0x080011b8   Section        0  misc.o(i.NVIC_SetVectorTable)
    i.PendSV_Handler                         0x080011cc   Section        0  stm32f10x_it.o(i.PendSV_Handler)
    i.RCC_APB2PeriphClockCmd                 0x080011d0   Section        0  stm32f10x_rcc.o(i.RCC_APB2PeriphClockCmd)
    i.RCC_GetClocksFreq                      0x080011f0   Section        0  stm32f10x_rcc.o(i.RCC_GetClocksFreq)
    i.RS232_Configuration                    0x080012c4   Section        0  uart.o(i.RS232_Configuration)
    i.SPI_SndRecv                            0x08001378   Section        0  lcd.o(i.SPI_SndRecv)
    i.SPI_X                                  0x080013e0   Section        0  lcd.o(i.SPI_X)
    i.SPI_Y                                  0x08001468   Section        0  lcd.o(i.SPI_Y)
    i.SVC_Handler                            0x080014f0   Section        0  stm32f10x_it.o(i.SVC_Handler)
    i.SetSysClock                            0x080014f2   Section        0  system_stm32f10x.o(i.SetSysClock)
    SetSysClock                              0x080014f3   Thumb Code     8  system_stm32f10x.o(i.SetSysClock)
    i.SetSysClockTo72                        0x080014fc   Section        0  system_stm32f10x.o(i.SetSysClockTo72)
    SetSysClockTo72                          0x080014fd   Thumb Code   220  system_stm32f10x.o(i.SetSysClockTo72)
    i.SysTick_CLKSourceConfig                0x080015e0   Section        0  misc.o(i.SysTick_CLKSourceConfig)
    i.SysTick_Handler                        0x08001608   Section        0  systick.o(i.SysTick_Handler)
    i.SystemInit                             0x08001610   Section        0  system_stm32f10x.o(i.SystemInit)
    i.TIM3_IRQHandler                        0x08001660   Section        0  stm32f10x_it.o(i.TIM3_IRQHandler)
    i.TIM_ClearITPendingBit                  0x08001724   Section        0  stm32f10x_tim.o(i.TIM_ClearITPendingBit)
    i.TIM_GetCapture1                        0x0800172a   Section        0  stm32f10x_tim.o(i.TIM_GetCapture1)
    i.TOUCH_INT_EXIT_Init                    0x08001730   Section        0  lcd.o(i.TOUCH_INT_EXIT_Init)
    TOUCH_INT_EXIT_Init                      0x08001731   Thumb Code    54  lcd.o(i.TOUCH_INT_EXIT_Init)
    i.TOUCH_INT_config                       0x08001768   Section        0  lcd.o(i.TOUCH_INT_config)
    TOUCH_INT_config                         0x08001769   Thumb Code    32  lcd.o(i.TOUCH_INT_config)
    i.TOUCH_InterruptConfig                  0x0800178c   Section        0  lcd.o(i.TOUCH_InterruptConfig)
    TOUCH_InterruptConfig                    0x0800178d   Thumb Code    50  lcd.o(i.TOUCH_InterruptConfig)
    i.TOUCH_SCREEN_INIT                      0x080017c0   Section        0  lcd.o(i.TOUCH_SCREEN_INIT)
    i.TouchScreen                            0x08001820   Section        0  lcd.o(i.TouchScreen)
    i.Touch_Init                             0x08001934   Section        0  lcd.o(i.Touch_Init)
    i.USART1_IRQHandler                      0x08001948   Section        0  uart.o(i.USART1_IRQHandler)
    i.USART_ClearITPendingBit                0x080019d4   Section        0  stm32f10x_usart.o(i.USART_ClearITPendingBit)
    i.USART_Cmd                              0x080019e8   Section        0  stm32f10x_usart.o(i.USART_Cmd)
    i.USART_GetITStatus                      0x08001a00   Section        0  stm32f10x_usart.o(i.USART_GetITStatus)
    i.USART_ITConfig                         0x08001a4c   Section        0  stm32f10x_usart.o(i.USART_ITConfig)
    i.USART_Init                             0x08001a8c   Section        0  stm32f10x_usart.o(i.USART_Init)
    i.USART_ReceiveData                      0x08001b28   Section        0  stm32f10x_usart.o(i.USART_ReceiveData)
    i.USART_SendData                         0x08001b32   Section        0  stm32f10x_usart.o(i.USART_SendData)
    i.UsageFault_Handler                     0x08001b3a   Section        0  stm32f10x_it.o(i.UsageFault_Handler)
    i.__scatterload_copy                     0x08001b3e   Section       14  handlers.o(i.__scatterload_copy)
    i.__scatterload_null                     0x08001b4c   Section        2  handlers.o(i.__scatterload_null)
    i.__scatterload_zeroinit                 0x08001b4e   Section       14  handlers.o(i.__scatterload_zeroinit)
    i.delay_ms                               0x08001b5c   Section        0  lcd.o(i.delay_ms)
    i.delay_us                               0x08001b72   Section        0  lcd.o(i.delay_us)
    i.draw_chess_boradder                    0x08001b86   Section        0  lcd.o(i.draw_chess_boradder)
    i.draw_chess_piece                       0x08001c02   Section        0  lcd.o(i.draw_chess_piece)
    i.draw_initial_chess_piece               0x08001c2e   Section        0  lcd.o(i.draw_initial_chess_piece)
    i.main                                   0x08001ca0   Section        0  main.o(i.main)
    i.systick_init                           0x08001cd4   Section        0  systick.o(i.systick_init)
    i.time_handle                            0x08001d40   Section        0  systick.o(i.time_handle)
    .data                                    0x20000000   Section        4  exti.o(.data)
    .data                                    0x20000004   Section       12  systick.o(.data)
    .data                                    0x20000010   Section       12  uart.o(.data)
    .data                                    0x2000001c   Section       72  lcd.o(.data)
    .data                                    0x20000064   Section       24  stm32f10x_it.o(.data)
    .data                                    0x2000007c   Section       20  stm32f10x_rcc.o(.data)
    APBAHBPrescTable                         0x2000007c   Data          16  stm32f10x_rcc.o(.data)
    ADCPrescTable                            0x2000008c   Data           4  stm32f10x_rcc.o(.data)
    .bss                                     0x20000090   Section      400  uart.o(.bss)
    .bss                                     0x20000220   Section       46  lcd.o(.bss)
    STACK                                    0x20000250   Section      512  startup_stm32f10x_hd.o(STACK)

    Global Symbols

    Symbol Name                              Value     Ov Type        Size  Object(Section)

    BuildAttributes$$THM_ISAv4$P$D$K$B$S$PE$A:L22UL41UL21$X:L11$S22US41US21$IEEE1$IW$USESV6$~STKCKD$USESV7$~SHL$OTIME$ROPI$EBA8$MICROLIB$REQ8$PRES8$EABIv2 0x00000000   Number         0  anon$$obj.o ABSOLUTE
    __ARM_use_no_argv                        0x00000000   Number         0  main.o ABSOLUTE
    _printf_a                                0x00000000   Number         0  stubs.o ABSOLUTE
    _printf_c                                0x00000000   Number         0  stubs.o ABSOLUTE
    _printf_charcount                        0x00000000   Number         0  stubs.o ABSOLUTE
    _printf_d                                0x00000000   Number         0  stubs.o ABSOLUTE
    _printf_e                                0x00000000   Number         0  stubs.o ABSOLUTE
    _printf_f                                0x00000000   Number         0  stubs.o ABSOLUTE
    _printf_flags                            0x00000000   Number         0  stubs.o ABSOLUTE
    _printf_fp_dec                           0x00000000   Number         0  stubs.o ABSOLUTE
    _printf_fp_hex                           0x00000000   Number         0  stubs.o ABSOLUTE
    _printf_g                                0x00000000   Number         0  stubs.o ABSOLUTE
    _printf_i                                0x00000000   Number         0  stubs.o ABSOLUTE
    _printf_int_dec                          0x00000000   Number         0  stubs.o ABSOLUTE
    _printf_l                                0x00000000   Number         0  stubs.o ABSOLUTE
    _printf_lc                               0x00000000   Number         0  stubs.o ABSOLUTE
    _printf_ll                               0x00000000   Number         0  stubs.o ABSOLUTE
    _printf_lld                              0x00000000   Number         0  stubs.o ABSOLUTE
    _printf_lli                              0x00000000   Number         0  stubs.o ABSOLUTE
    _printf_llo                              0x00000000   Number         0  stubs.o ABSOLUTE
    _printf_llu                              0x00000000   Number         0  stubs.o ABSOLUTE
    _printf_llx                              0x00000000   Number         0  stubs.o ABSOLUTE
    _printf_longlong_dec                     0x00000000   Number         0  stubs.o ABSOLUTE
    _printf_longlong_hex                     0x00000000   Number         0  stubs.o ABSOLUTE
    _printf_longlong_oct                     0x00000000   Number         0  stubs.o ABSOLUTE
    _printf_ls                               0x00000000   Number         0  stubs.o ABSOLUTE
    _printf_mbtowc                           0x00000000   Number         0  stubs.o ABSOLUTE
    _printf_n                                0x00000000   Number         0  stubs.o ABSOLUTE
    _printf_o                                0x00000000   Number         0  stubs.o ABSOLUTE
    _printf_p                                0x00000000   Number         0  stubs.o ABSOLUTE
    _printf_percent                          0x00000000   Number         0  stubs.o ABSOLUTE
    _printf_pre_padding                      0x00000000   Number         0  stubs.o ABSOLUTE
    _printf_return_value                     0x00000000   Number         0  stubs.o ABSOLUTE
    _printf_s                                0x00000000   Number         0  stubs.o ABSOLUTE
    _printf_sizespec                         0x00000000   Number         0  stubs.o ABSOLUTE
    _printf_str                              0x00000000   Number         0  stubs.o ABSOLUTE
    _printf_truncate_signed                  0x00000000   Number         0  stubs.o ABSOLUTE
    _printf_truncate_unsigned                0x00000000   Number         0  stubs.o ABSOLUTE
    _printf_u                                0x00000000   Number         0  stubs.o ABSOLUTE
    _printf_wc                               0x00000000   Number         0  stubs.o ABSOLUTE
    _printf_wctomb                           0x00000000   Number         0  stubs.o ABSOLUTE
    _printf_widthprec                        0x00000000   Number         0  stubs.o ABSOLUTE
    _printf_x                                0x00000000   Number         0  stubs.o ABSOLUTE
    __cpp_initialize__aeabi_                  - Undefined Weak Reference
    __cxa_finalize                            - Undefined Weak Reference
    __decompress                              - Undefined Weak Reference
    _clock_init                               - Undefined Weak Reference
    _microlib_exit                            - Undefined Weak Reference
    __Vectors_Size                           0x00000130   Number         0  startup_stm32f10x_hd.o ABSOLUTE
    __Vectors                                0x08000000   Data           4  startup_stm32f10x_hd.o(RESET)
    __Vectors_End                            0x08000130   Data           0  startup_stm32f10x_hd.o(RESET)
    __main                                   0x08000131   Thumb Code     0  entry.o(.ARM.Collect$$$$00000000)
    _main_stk                                0x08000131   Thumb Code     0  entry2.o(.ARM.Collect$$$$00000001)
    _main_scatterload                        0x08000135   Thumb Code     0  entry5.o(.ARM.Collect$$$$00000004)
    __main_after_scatterload                 0x08000139   Thumb Code     0  entry5.o(.ARM.Collect$$$$00000004)
    _main_clock                              0x08000139   Thumb Code     0  entry7b.o(.ARM.Collect$$$$00000008)
    _main_cpp_init                           0x08000139   Thumb Code     0  entry8b.o(.ARM.Collect$$$$0000000A)
    _main_init                               0x08000139   Thumb Code     0  entry9a.o(.ARM.Collect$$$$0000000B)
    __rt_final_cpp                           0x08000141   Thumb Code     0  entry10a.o(.ARM.Collect$$$$0000000D)
    __rt_final_exit                          0x08000141   Thumb Code     0  entry11a.o(.ARM.Collect$$$$0000000F)
    SystemInit_ExtMemCtl                     0x08000145   Thumb Code     2  startup_stm32f10x_hd.o(.text)
    Reset_Handler                            0x08000147   Thumb Code    14  startup_stm32f10x_hd.o(.text)
    ADC1_2_IRQHandler                        0x08000167   Thumb Code     0  startup_stm32f10x_hd.o(.text)
    ADC3_IRQHandler                          0x08000167   Thumb Code     0  startup_stm32f10x_hd.o(.text)
    CAN1_RX1_IRQHandler                      0x08000167   Thumb Code     0  startup_stm32f10x_hd.o(.text)
    CAN1_SCE_IRQHandler                      0x08000167   Thumb Code     0  startup_stm32f10x_hd.o(.text)
    DMA1_Channel1_IRQHandler                 0x08000167   Thumb Code     0  startup_stm32f10x_hd.o(.text)
    DMA1_Channel2_IRQHandler                 0x08000167   Thumb Code     0  startup_stm32f10x_hd.o(.text)
    DMA1_Channel3_IRQHandler                 0x08000167   Thumb Code     0  startup_stm32f10x_hd.o(.text)
    DMA1_Channel4_IRQHandler                 0x08000167   Thumb Code     0  startup_stm32f10x_hd.o(.text)
    DMA1_Channel5_IRQHandler                 0x08000167   Thumb Code     0  startup_stm32f10x_hd.o(.text)
    DMA1_Channel6_IRQHandler                 0x08000167   Thumb Code     0  startup_stm32f10x_hd.o(.text)
    DMA1_Channel7_IRQHandler                 0x08000167   Thumb Code     0  startup_stm32f10x_hd.o(.text)
    DMA2_Channel1_IRQHandler                 0x08000167   Thumb Code     0  startup_stm32f10x_hd.o(.text)
    DMA2_Channel2_IRQHandler                 0x08000167   Thumb Code     0  startup_stm32f10x_hd.o(.text)
    DMA2_Channel3_IRQHandler                 0x08000167   Thumb Code     0  startup_stm32f10x_hd.o(.text)
    DMA2_Channel4_5_IRQHandler               0x08000167   Thumb Code     0  startup_stm32f10x_hd.o(.text)
    EXTI0_IRQHandler                         0x08000167   Thumb Code     0  startup_stm32f10x_hd.o(.text)
    EXTI15_10_IRQHandler                     0x08000167   Thumb Code     0  startup_stm32f10x_hd.o(.text)
    EXTI1_IRQHandler                         0x08000167   Thumb Code     0  startup_stm32f10x_hd.o(.text)
    EXTI3_IRQHandler                         0x08000167   Thumb Code     0  startup_stm32f10x_hd.o(.text)
    EXTI4_IRQHandler                         0x08000167   Thumb Code     0  startup_stm32f10x_hd.o(.text)
    FLASH_IRQHandler                         0x08000167   Thumb Code     0  startup_stm32f10x_hd.o(.text)
    FSMC_IRQHandler                          0x08000167   Thumb Code     0  startup_stm32f10x_hd.o(.text)
    I2C1_ER_IRQHandler                       0x08000167   Thumb Code     0  startup_stm32f10x_hd.o(.text)
    I2C1_EV_IRQHandler                       0x08000167   Thumb Code     0  startup_stm32f10x_hd.o(.text)
    I2C2_ER_IRQHandler                       0x08000167   Thumb Code     0  startup_stm32f10x_hd.o(.text)
    I2C2_EV_IRQHandler                       0x08000167   Thumb Code     0  startup_stm32f10x_hd.o(.text)
    PVD_IRQHandler                           0x08000167   Thumb Code     0  startup_stm32f10x_hd.o(.text)
    RCC_IRQHandler                           0x08000167   Thumb Code     0  startup_stm32f10x_hd.o(.text)
    RTCAlarm_IRQHandler                      0x08000167   Thumb Code     0  startup_stm32f10x_hd.o(.text)
    RTC_IRQHandler                           0x08000167   Thumb Code     0  startup_stm32f10x_hd.o(.text)
    SDIO_IRQHandler                          0x08000167   Thumb Code     0  startup_stm32f10x_hd.o(.text)
    SPI1_IRQHandler                          0x08000167   Thumb Code     0  startup_stm32f10x_hd.o(.text)
    SPI2_IRQHandler                          0x08000167   Thumb Code     0  startup_stm32f10x_hd.o(.text)
    SPI3_IRQHandler                          0x08000167   Thumb Code     0  startup_stm32f10x_hd.o(.text)
    TAMPER_IRQHandler                        0x08000167   Thumb Code     0  startup_stm32f10x_hd.o(.text)
    TIM1_BRK_IRQHandler                      0x08000167   Thumb Code     0  startup_stm32f10x_hd.o(.text)
    TIM1_CC_IRQHandler                       0x08000167   Thumb Code     0  startup_stm32f10x_hd.o(.text)
    TIM1_TRG_COM_IRQHandler                  0x08000167   Thumb Code     0  startup_stm32f10x_hd.o(.text)
    TIM1_UP_IRQHandler                       0x08000167   Thumb Code     0  startup_stm32f10x_hd.o(.text)
    TIM2_IRQHandler                          0x08000167   Thumb Code     0  startup_stm32f10x_hd.o(.text)
    TIM4_IRQHandler                          0x08000167   Thumb Code     0  startup_stm32f10x_hd.o(.text)
    TIM5_IRQHandler                          0x08000167   Thumb Code     0  startup_stm32f10x_hd.o(.text)
    TIM6_IRQHandler                          0x08000167   Thumb Code     0  startup_stm32f10x_hd.o(.text)
    TIM7_IRQHandler                          0x08000167   Thumb Code     0  startup_stm32f10x_hd.o(.text)
    TIM8_BRK_IRQHandler                      0x08000167   Thumb Code     0  startup_stm32f10x_hd.o(.text)
    TIM8_CC_IRQHandler                       0x08000167   Thumb Code     0  startup_stm32f10x_hd.o(.text)
    TIM8_TRG_COM_IRQHandler                  0x08000167   Thumb Code     0  startup_stm32f10x_hd.o(.text)
    TIM8_UP_IRQHandler                       0x08000167   Thumb Code     0  startup_stm32f10x_hd.o(.text)
    UART4_IRQHandler                         0x08000167   Thumb Code     0  startup_stm32f10x_hd.o(.text)
    UART5_IRQHandler                         0x08000167   Thumb Code     0  startup_stm32f10x_hd.o(.text)
    USART2_IRQHandler                        0x08000167   Thumb Code     0  startup_stm32f10x_hd.o(.text)
    USART3_IRQHandler                        0x08000167   Thumb Code     0  startup_stm32f10x_hd.o(.text)
    USBWakeUp_IRQHandler                     0x08000167   Thumb Code     0  startup_stm32f10x_hd.o(.text)
    USB_HP_CAN1_TX_IRQHandler                0x08000167   Thumb Code     0  startup_stm32f10x_hd.o(.text)
    USB_LP_CAN1_RX0_IRQHandler               0x08000167   Thumb Code     0  startup_stm32f10x_hd.o(.text)
    WWDG_IRQHandler                          0x08000167   Thumb Code     0  startup_stm32f10x_hd.o(.text)
    __aeabi_ldivmod                          0x08000175   Thumb Code    98  ldiv.o(.text)
    __aeabi_fadd                             0x080001d7   Thumb Code   164  fadd.o(.text)
    __aeabi_fsub                             0x0800027b   Thumb Code     6  fadd.o(.text)
    __aeabi_frsub                            0x08000281   Thumb Code     6  fadd.o(.text)
    __aeabi_fmul                             0x08000287   Thumb Code   100  fmul.o(.text)
    __aeabi_fdiv                             0x080002eb   Thumb Code   124  fdiv.o(.text)
    __aeabi_i2f                              0x08000367   Thumb Code    18  fflti.o(.text)
    __aeabi_f2iz                             0x08000379   Thumb Code    50  ffixi.o(.text)
    __aeabi_uldivmod                         0x080003ab   Thumb Code    98  uldiv.o(.text)
    __aeabi_llsr                             0x0800040d   Thumb Code    32  llushr.o(.text)
    _ll_ushift_r                             0x0800040d   Thumb Code     0  llushr.o(.text)
    __I$use$fp                               0x0800042d   Thumb Code     0  iusefp.o(.text)
    _float_round                             0x0800042d   Thumb Code    18  fepilogue.o(.text)
    _float_epilogue                          0x0800043f   Thumb Code    92  fepilogue.o(.text)
    __scatterload                            0x0800049d   Thumb Code    28  init.o(.text)
    __scatterload_rt2                        0x0800049d   Thumb Code     0  init.o(.text)
    __aeabi_llsl                             0x080004c1   Thumb Code    30  llshl.o(.text)
    _ll_shift_l                              0x080004c1   Thumb Code     0  llshl.o(.text)
    BusFault_Handler                         0x080004df   Thumb Code     4  stm32f10x_it.o(i.BusFault_Handler)
    DATAIN                                   0x080004e5   Thumb Code    58  lcd.o(i.DATAIN)
    DATAOUT                                  0x08000529   Thumb Code    76  lcd.o(i.DATAOUT)
    DebugMon_Handler                         0x0800057d   Thumb Code     2  stm32f10x_it.o(i.DebugMon_Handler)
    EXTI2_IRQHandler                         0x0800057f   Thumb Code    22  lcd.o(i.EXTI2_IRQHandler)
    EXTI9_5_IRQHandler                       0x08000595   Thumb Code    28  exti.o(i.EXTI9_5_IRQHandler)
    EXTI_ClearITPendingBit                   0x080005b5   Thumb Code     6  stm32f10x_exti.o(i.EXTI_ClearITPendingBit)
    EXTI_GetITStatus                         0x080005c1   Thumb Code    34  stm32f10x_exti.o(i.EXTI_GetITStatus)
    EXTI_Init                                0x080005e9   Thumb Code   174  stm32f10x_exti.o(i.EXTI_Init)
    GPIO_EXTILineConfig                      0x080006a1   Thumb Code    60  stm32f10x_gpio.o(i.GPIO_EXTILineConfig)
    GPIO_Init                                0x080006e1   Thumb Code   278  stm32f10x_gpio.o(i.GPIO_Init)
    GPIO_PinRemapConfig                      0x080007f9   Thumb Code   106  stm32f10x_gpio.o(i.GPIO_PinRemapConfig)
    HardFault_Handler                        0x08000869   Thumb Code     4  stm32f10x_it.o(i.HardFault_Handler)
    LCD_Clear                                0x0800086d   Thumb Code    72  lcd.o(i.LCD_Clear)
    LCD_Config_DIN                           0x080008bd   Thumb Code    48  lcd.o(i.LCD_Config_DIN)
    LCD_Config_DOUT                          0x08000901   Thumb Code    48  lcd.o(i.LCD_Config_DOUT)
    LCD_Configuration                        0x08000939   Thumb Code    98  lcd.o(i.LCD_Configuration)
    LCD_Display_Dir                          0x080009b1   Thumb Code   100  lcd.o(i.LCD_Display_Dir)
    LCD_DrawLine                             0x08000a19   Thumb Code   176  lcd.o(i.LCD_DrawLine)
    LCD_DrawPoint                            0x08000ac9   Thumb Code    56  lcd.o(i.LCD_DrawPoint)
    LCD_Draw_filled_Circle                   0x08000b09   Thumb Code   218  lcd.o(i.LCD_Draw_filled_Circle)
    LCD_Fill                                 0x08000be5   Thumb Code   108  lcd.o(i.LCD_Fill)
    LCD_Init                                 0x08000c55   Thumb Code   674  lcd.o(i.LCD_Init)
    LCD_RD_DATA                              0x08000f01   Thumb Code    52  lcd.o(i.LCD_RD_DATA)
    LCD_ReadReg                              0x08000f39   Thumb Code    16  lcd.o(i.LCD_ReadReg)
    LCD_Scan_Dir                             0x08000f49   Thumb Code   100  lcd.o(i.LCD_Scan_Dir)
    LCD_SetCursor                            0x08000fb1   Thumb Code   168  lcd.o(i.LCD_SetCursor)
    LCD_WR_DATAX                             0x08001061   Thumb Code    40  lcd.o(i.LCD_WR_DATAX)
    LCD_WR_REG                               0x0800108d   Thumb Code    36  lcd.o(i.LCD_WR_REG)
    LCD_WriteRAM_Prepare                     0x080010b5   Thumb Code    12  lcd.o(i.LCD_WriteRAM_Prepare)
    LCD_WriteReg                             0x080010c5   Thumb Code    48  lcd.o(i.LCD_WriteReg)
    MemManage_Handler                        0x080010f9   Thumb Code     4  stm32f10x_it.o(i.MemManage_Handler)
    NMI_Handler                              0x080010fd   Thumb Code     2  stm32f10x_it.o(i.NMI_Handler)
    NVIC_Configuration                       0x080010ff   Thumb Code    52  uart.o(i.NVIC_Configuration)
    NVIC_Init                                0x08001135   Thumb Code   100  misc.o(i.NVIC_Init)
    NVIC_PriorityGroupConfig                 0x080011a5   Thumb Code    10  misc.o(i.NVIC_PriorityGroupConfig)
    NVIC_SetVectorTable                      0x080011b9   Thumb Code    12  misc.o(i.NVIC_SetVectorTable)
    PendSV_Handler                           0x080011cd   Thumb Code     2  stm32f10x_it.o(i.PendSV_Handler)
    RCC_APB2PeriphClockCmd                   0x080011d1   Thumb Code    26  stm32f10x_rcc.o(i.RCC_APB2PeriphClockCmd)
    RCC_GetClocksFreq                        0x080011f1   Thumb Code   192  stm32f10x_rcc.o(i.RCC_GetClocksFreq)
    RS232_Configuration                      0x080012c5   Thumb Code   170  uart.o(i.RS232_Configuration)
    SPI_SndRecv                              0x08001379   Thumb Code    96  lcd.o(i.SPI_SndRecv)
    SPI_X                                    0x080013e1   Thumb Code   124  lcd.o(i.SPI_X)
    SPI_Y                                    0x08001469   Thumb Code   124  lcd.o(i.SPI_Y)
    SVC_Handler                              0x080014f1   Thumb Code     2  stm32f10x_it.o(i.SVC_Handler)
    SysTick_CLKSourceConfig                  0x080015e1   Thumb Code    40  misc.o(i.SysTick_CLKSourceConfig)
    SysTick_Handler                          0x08001609   Thumb Code     8  systick.o(i.SysTick_Handler)
    SystemInit                               0x08001611   Thumb Code    68  system_stm32f10x.o(i.SystemInit)
    TIM3_IRQHandler                          0x08001661   Thumb Code   164  stm32f10x_it.o(i.TIM3_IRQHandler)
    TIM_ClearITPendingBit                    0x08001725   Thumb Code     6  stm32f10x_tim.o(i.TIM_ClearITPendingBit)
    TIM_GetCapture1                          0x0800172b   Thumb Code     6  stm32f10x_tim.o(i.TIM_GetCapture1)
    TOUCH_SCREEN_INIT                        0x080017c1   Thumb Code    82  lcd.o(i.TOUCH_SCREEN_INIT)
    TouchScreen                              0x08001821   Thumb Code   228  lcd.o(i.TouchScreen)
    Touch_Init                               0x08001935   Thumb Code    20  lcd.o(i.Touch_Init)
    USART1_IRQHandler                        0x08001949   Thumb Code   112  uart.o(i.USART1_IRQHandler)
    USART_ClearITPendingBit                  0x080019d5   Thumb Code    20  stm32f10x_usart.o(i.USART_ClearITPendingBit)
    USART_Cmd                                0x080019e9   Thumb Code    24  stm32f10x_usart.o(i.USART_Cmd)
    USART_GetITStatus                        0x08001a01   Thumb Code    76  stm32f10x_usart.o(i.USART_GetITStatus)
    USART_ITConfig                           0x08001a4d   Thumb Code    64  stm32f10x_usart.o(i.USART_ITConfig)
    USART_Init                               0x08001a8d   Thumb Code   150  stm32f10x_usart.o(i.USART_Init)
    USART_ReceiveData                        0x08001b29   Thumb Code    10  stm32f10x_usart.o(i.USART_ReceiveData)
    USART_SendData                           0x08001b33   Thumb Code     8  stm32f10x_usart.o(i.USART_SendData)
    UsageFault_Handler                       0x08001b3b   Thumb Code     4  stm32f10x_it.o(i.UsageFault_Handler)
    __scatterload_copy                       0x08001b3f   Thumb Code    14  handlers.o(i.__scatterload_copy)
    __scatterload_null                       0x08001b4d   Thumb Code     2  handlers.o(i.__scatterload_null)
    __scatterload_zeroinit                   0x08001b4f   Thumb Code    14  handlers.o(i.__scatterload_zeroinit)
    delay_ms                                 0x08001b5d   Thumb Code    22  lcd.o(i.delay_ms)
    delay_us                                 0x08001b73   Thumb Code    20  lcd.o(i.delay_us)
    draw_chess_boradder                      0x08001b87   Thumb Code   124  lcd.o(i.draw_chess_boradder)
    draw_chess_piece                         0x08001c03   Thumb Code    44  lcd.o(i.draw_chess_piece)
    draw_initial_chess_piece                 0x08001c2f   Thumb Code   114  lcd.o(i.draw_initial_chess_piece)
    main                                     0x08001ca1   Thumb Code    46  main.o(i.main)
    systick_init                             0x08001cd5   Thumb Code    98  systick.o(i.systick_init)
    time_handle                              0x08001d41   Thumb Code    72  systick.o(i.time_handle)
    Region$$Table$$Base                      0x08001d98   Number         0  anon$$obj.o(Region$$Table)
    Region$$Table$$Limit                     0x08001db8   Number         0  anon$$obj.o(Region$$Table)
    temps                                    0x20000000   Data           4  exti.o(.data)
    TimeSecond                               0x20000004   Data           4  systick.o(.data)
    Time1msConunt                            0x20000008   Data           4  systick.o(.data)
    time1ms                                  0x2000000c   Data           4  systick.o(.data)
    RS232InData                              0x20000010   Data           1  uart.o(.data)
    RXPos                                    0x20000012   Data           2  uart.o(.data)
    FrameFlag                                0x20000014   Data           2  uart.o(.data)
    RecvTimeOver                             0x20000016   Data           2  uart.o(.data)
    SendPos                                  0x20000018   Data           2  uart.o(.data)
    SendBufLen                               0x2000001a   Data           2  uart.o(.data)
    POINT_COLOR                              0x2000001c   Data           2  lcd.o(.data)
    BACK_COLOR                               0x2000001e   Data           2  lcd.o(.data)
    x_addata                                 0x20000020   Data           8  lcd.o(.data)
    z_addata                                 0x20000028   Data           8  lcd.o(.data)
    y_addata                                 0x20000030   Data           8  lcd.o(.data)
    Temp                                     0x20000038   Data           4  lcd.o(.data)
    r                                        0x2000003c   Data           4  lcd.o(.data)
    sx                                       0x20000040   Data           4  lcd.o(.data)
    sy                                       0x20000044   Data           4  lcd.o(.data)
    xScreenAD                                0x20000048   Data           4  lcd.o(.data)
    yScreenAD                                0x2000004c   Data           4  lcd.o(.data)
    xScreen                                  0x20000050   Data           4  lcd.o(.data)
    yScreen                                  0x20000054   Data           4  lcd.o(.data)
    PointX_ADmin                             0x20000058   Data           2  lcd.o(.data)
    PointY_ADmin                             0x2000005a   Data           2  lcd.o(.data)
    PointX_ADmax                             0x2000005c   Data           2  lcd.o(.data)
    PointY_ADmax                             0x2000005e   Data           2  lcd.o(.data)
    PressFlag                                0x20000060   Data           4  lcd.o(.data)
    MSB                                      0x20000064   Data           4  stm32f10x_it.o(.data)
    LSB                                      0x20000068   Data           4  stm32f10x_it.o(.data)
    MSB1                                     0x2000006c   Data           4  stm32f10x_it.o(.data)
    MSB2                                     0x20000070   Data           4  stm32f10x_it.o(.data)
    ExtSignalFreq                            0x20000074   Data           4  stm32f10x_it.o(.data)
    i                                        0x20000078   Data           4  stm32f10x_it.o(.data)
    USART_Rxbuf                              0x20000090   Data         200  uart.o(.bss)
    USART_Txbuf                              0x20000158   Data         200  uart.o(.bss)
    lcddev                                   0x20000220   Data          14  lcd.o(.bss)
    showstr                                  0x2000022e   Data          32  lcd.o(.bss)
    __initial_sp                             0x20000450   Data           0  startup_stm32f10x_hd.o(STACK)



==============================================================================

Memory Map of the image

  Image Entry point : 0x08000131

  Load Region LR_IROM1 (Base: 0x08000000, Size: 0x00001e48, Max: 0x00040000, ABSOLUTE)

    Execution Region ER_IROM1 (Base: 0x08000000, Size: 0x00001db8, Max: 0x00040000, ABSOLUTE)

    Base Addr    Size         Type   Attr      Idx    E Section Name        Object

    0x08000000   0x00000130   Data   RO         3566    RESET               startup_stm32f10x_hd.o
    0x08000130   0x00000000   Code   RO         3600  * .ARM.Collect$$$$00000000  mc_w.l(entry.o)
    0x08000130   0x00000004   Code   RO         3882    .ARM.Collect$$$$00000001  mc_w.l(entry2.o)
    0x08000134   0x00000004   Code   RO         3885    .ARM.Collect$$$$00000004  mc_w.l(entry5.o)
    0x08000138   0x00000000   Code   RO         3887    .ARM.Collect$$$$00000008  mc_w.l(entry7b.o)
    0x08000138   0x00000000   Code   RO         3889    .ARM.Collect$$$$0000000A  mc_w.l(entry8b.o)
    0x08000138   0x00000008   Code   RO         3890    .ARM.Collect$$$$0000000B  mc_w.l(entry9a.o)
    0x08000140   0x00000000   Code   RO         3892    .ARM.Collect$$$$0000000D  mc_w.l(entry10a.o)
    0x08000140   0x00000000   Code   RO         3894    .ARM.Collect$$$$0000000F  mc_w.l(entry11a.o)
    0x08000140   0x00000004   Code   RO         3883    .ARM.Collect$$$$00002712  mc_w.l(entry2.o)
    0x08000144   0x00000030   Code   RO         3567    .text               startup_stm32f10x_hd.o
    0x08000174   0x00000062   Code   RO         3603    .text               mc_w.l(ldiv.o)
    0x080001d6   0x000000b0   Code   RO         3866    .text               mf_w.l(fadd.o)
    0x08000286   0x00000064   Code   RO         3868    .text               mf_w.l(fmul.o)
    0x080002ea   0x0000007c   Code   RO         3870    .text               mf_w.l(fdiv.o)
    0x08000366   0x00000012   Code   RO         3874    .text               mf_w.l(fflti.o)
    0x08000378   0x00000032   Code   RO         3878    .text               mf_w.l(ffixi.o)
    0x080003aa   0x00000062   Code   RO         3901    .text               mc_w.l(uldiv.o)
    0x0800040c   0x00000020   Code   RO         3903    .text               mc_w.l(llushr.o)
    0x0800042c   0x00000000   Code   RO         3905    .text               mc_w.l(iusefp.o)
    0x0800042c   0x0000006e   Code   RO         3906    .text               mf_w.l(fepilogue.o)
    0x0800049a   0x00000002   PAD
    0x0800049c   0x00000024   Code   RO         3918    .text               mc_w.l(init.o)
    0x080004c0   0x0000001e   Code   RO         3921    .text               mc_w.l(llshl.o)
    0x080004de   0x00000004   Code   RO          673    i.BusFault_Handler  stm32f10x_it.o
    0x080004e2   0x00000002   PAD
    0x080004e4   0x00000044   Code   RO          336    i.DATAIN            lcd.o
    0x08000528   0x00000054   Code   RO          337    i.DATAOUT           lcd.o
    0x0800057c   0x00000002   Code   RO          674    i.DebugMon_Handler  stm32f10x_it.o
    0x0800057e   0x00000016   Code   RO          338    i.EXTI2_IRQHandler  lcd.o
    0x08000594   0x00000020   Code   RO          106    i.EXTI9_5_IRQHandler  exti.o
    0x080005b4   0x0000000c   Code   RO         2774    i.EXTI_ClearITPendingBit  stm32f10x_exti.o
    0x080005c0   0x00000028   Code   RO         2778    i.EXTI_GetITStatus  stm32f10x_exti.o
    0x080005e8   0x000000b8   Code   RO         2779    i.EXTI_Init         stm32f10x_exti.o
    0x080006a0   0x00000040   Code   RO         1325    i.GPIO_EXTILineConfig  stm32f10x_gpio.o
    0x080006e0   0x00000116   Code   RO         1328    i.GPIO_Init         stm32f10x_gpio.o
    0x080007f6   0x00000002   PAD
    0x080007f8   0x00000070   Code   RO         1330    i.GPIO_PinRemapConfig  stm32f10x_gpio.o
    0x08000868   0x00000004   Code   RO          675    i.HardFault_Handler  stm32f10x_it.o
    0x0800086c   0x00000050   Code   RO          339    i.LCD_Clear         lcd.o
    0x080008bc   0x00000044   Code   RO          341    i.LCD_Config_DIN    lcd.o
    0x08000900   0x00000038   Code   RO          342    i.LCD_Config_DOUT   lcd.o
    0x08000938   0x00000078   Code   RO          343    i.LCD_Configuration  lcd.o
    0x080009b0   0x00000068   Code   RO          346    i.LCD_Display_Dir   lcd.o
    0x08000a18   0x000000b0   Code   RO          347    i.LCD_DrawLine      lcd.o
    0x08000ac8   0x00000040   Code   RO          348    i.LCD_DrawPoint     lcd.o
    0x08000b08   0x000000da   Code   RO          351    i.LCD_Draw_filled_Circle  lcd.o
    0x08000be2   0x00000002   PAD
    0x08000be4   0x00000070   Code   RO          353    i.LCD_Fill          lcd.o
    0x08000c54   0x000002ac   Code   RO          354    i.LCD_Init          lcd.o
    0x08000f00   0x00000038   Code   RO          356    i.LCD_RD_DATA       lcd.o
    0x08000f38   0x00000010   Code   RO          358    i.LCD_ReadReg       lcd.o
    0x08000f48   0x00000068   Code   RO          360    i.LCD_Scan_Dir      lcd.o
    0x08000fb0   0x000000b0   Code   RO          361    i.LCD_SetCursor     lcd.o
    0x08001060   0x0000002c   Code   RO          367    i.LCD_WR_DATAX      lcd.o
    0x0800108c   0x00000028   Code   RO          368    i.LCD_WR_REG        lcd.o
    0x080010b4   0x00000010   Code   RO          370    i.LCD_WriteRAM_Prepare  lcd.o
    0x080010c4   0x00000034   Code   RO          371    i.LCD_WriteReg      lcd.o
    0x080010f8   0x00000004   Code   RO          676    i.MemManage_Handler  stm32f10x_it.o
    0x080010fc   0x00000002   Code   RO          677    i.NMI_Handler       stm32f10x_it.o
    0x080010fe   0x00000034   Code   RO          198    i.NVIC_Configuration  uart.o
    0x08001132   0x00000002   PAD
    0x08001134   0x00000070   Code   RO         1287    i.NVIC_Init         misc.o
    0x080011a4   0x00000014   Code   RO         1288    i.NVIC_PriorityGroupConfig  misc.o
    0x080011b8   0x00000014   Code   RO         1289    i.NVIC_SetVectorTable  misc.o
    0x080011cc   0x00000002   Code   RO          678    i.PendSV_Handler    stm32f10x_it.o
    0x080011ce   0x00000002   PAD
    0x080011d0   0x00000020   Code   RO         1435    i.RCC_APB2PeriphClockCmd  stm32f10x_rcc.o
    0x080011f0   0x000000d4   Code   RO         1443    i.RCC_GetClocksFreq  stm32f10x_rcc.o
    0x080012c4   0x000000b4   Code   RO          199    i.RS232_Configuration  uart.o
    0x08001378   0x00000068   Code   RO          372    i.SPI_SndRecv       lcd.o
    0x080013e0   0x00000088   Code   RO          373    i.SPI_X             lcd.o
    0x08001468   0x00000088   Code   RO          374    i.SPI_Y             lcd.o
    0x080014f0   0x00000002   Code   RO          679    i.SVC_Handler       stm32f10x_it.o
    0x080014f2   0x00000008   Code   RO         3572    i.SetSysClock       system_stm32f10x.o
    0x080014fa   0x00000002   PAD
    0x080014fc   0x000000e4   Code   RO         3573    i.SetSysClockTo72   system_stm32f10x.o
    0x080015e0   0x00000028   Code   RO         1291    i.SysTick_CLKSourceConfig  misc.o
    0x08001608   0x00000008   Code   RO          167    i.SysTick_Handler   systick.o
    0x08001610   0x00000050   Code   RO         3574    i.SystemInit        system_stm32f10x.o
    0x08001660   0x000000c4   Code   RO          680    i.TIM3_IRQHandler   stm32f10x_it.o
    0x08001724   0x00000006   Code   RO          750    i.TIM_ClearITPendingBit  stm32f10x_tim.o
    0x0800172a   0x00000006   Code   RO          770    i.TIM_GetCapture1   stm32f10x_tim.o
    0x08001730   0x00000036   Code   RO          375    i.TOUCH_INT_EXIT_Init  lcd.o
    0x08001766   0x00000002   PAD
    0x08001768   0x00000024   Code   RO          376    i.TOUCH_INT_config  lcd.o
    0x0800178c   0x00000032   Code   RO          377    i.TOUCH_InterruptConfig  lcd.o
    0x080017be   0x00000002   PAD
    0x080017c0   0x00000060   Code   RO          378    i.TOUCH_SCREEN_INIT  lcd.o
    0x08001820   0x00000114   Code   RO          379    i.TouchScreen       lcd.o
    0x08001934   0x00000014   Code   RO          381    i.Touch_Init        lcd.o
    0x08001948   0x0000008c   Code   RO          202    i.USART1_IRQHandler  uart.o
    0x080019d4   0x00000014   Code   RO         2339    i.USART_ClearITPendingBit  stm32f10x_usart.o
    0x080019e8   0x00000018   Code   RO         2342    i.USART_Cmd         stm32f10x_usart.o
    0x08001a00   0x0000004c   Code   RO         2346    i.USART_GetITStatus  stm32f10x_usart.o
    0x08001a4c   0x00000040   Code   RO         2348    i.USART_ITConfig    stm32f10x_usart.o
    0x08001a8c   0x0000009c   Code   RO         2349    i.USART_Init        stm32f10x_usart.o
    0x08001b28   0x0000000a   Code   RO         2354    i.USART_ReceiveData  stm32f10x_usart.o
    0x08001b32   0x00000008   Code   RO         2357    i.USART_SendData    stm32f10x_usart.o
    0x08001b3a   0x00000004   Code   RO          681    i.UsageFault_Handler  stm32f10x_it.o
    0x08001b3e   0x0000000e   Code   RO         3928    i.__scatterload_copy  mc_w.l(handlers.o)
    0x08001b4c   0x00000002   Code   RO         3929    i.__scatterload_null  mc_w.l(handlers.o)
    0x08001b4e   0x0000000e   Code   RO         3930    i.__scatterload_zeroinit  mc_w.l(handlers.o)
    0x08001b5c   0x00000016   Code   RO          382    i.delay_ms          lcd.o
    0x08001b72   0x00000014   Code   RO          383    i.delay_us          lcd.o
    0x08001b86   0x0000007c   Code   RO          384    i.draw_chess_boradder  lcd.o
    0x08001c02   0x0000002c   Code   RO          385    i.draw_chess_piece  lcd.o
    0x08001c2e   0x00000072   Code   RO          386    i.draw_initial_chess_piece  lcd.o
    0x08001ca0   0x00000034   Code   RO            1    i.main              main.o
    0x08001cd4   0x0000006c   Code   RO          168    i.systick_init      systick.o
    0x08001d40   0x00000058   Code   RO          169    i.time_handle       systick.o
    0x08001d98   0x00000020   Data   RO         3926    Region$$Table       anon$$obj.o


    Execution Region RW_IRAM1 (Base: 0x20000000, Size: 0x00000450, Max: 0x0000c000, ABSOLUTE)

    Base Addr    Size         Type   Attr      Idx    E Section Name        Object

    0x20000000   0x00000004   Data   RW          110    .data               exti.o
    0x20000004   0x0000000c   Data   RW          170    .data               systick.o
    0x20000010   0x0000000c   Data   RW          204    .data               uart.o
    0x2000001c   0x00000048   Data   RW          392    .data               lcd.o
    0x20000064   0x00000018   Data   RW          682    .data               stm32f10x_it.o
    0x2000007c   0x00000014   Data   RW         1463    .data               stm32f10x_rcc.o
    0x20000090   0x00000190   Zero   RW          203    .bss                uart.o
    0x20000220   0x0000002e   Zero   RW          390    .bss                lcd.o
    0x2000024e   0x00000002   PAD
    0x20000250   0x00000200   Zero   RW         3564    STACK               startup_stm32f10x_hd.o


==============================================================================

Image component sizes


      Code (inc. data)   RO Data    RW Data    ZI Data      Debug   Object Name

        32          4          0          4          0       2837   exti.o
      3592        240          0         72         46      22896   lcd.o
        52          6          0          0          0     243839   main.o
       192         30          0          0          0       2823   misc.o
         0          0          0          0          0       7008   spi.o
        48         12        304          0        512        944   startup_stm32f10x_hd.o
       236         22          0          0          0       2236   stm32f10x_exti.o
       454         10          0          0          0       3316   stm32f10x_gpio.o
       220         32          0         24          0       4514   stm32f10x_it.o
       244         26          0         20          0       4041   stm32f10x_rcc.o
        12          0          0          0          0       4182   stm32f10x_tim.o
       358          6          0          0          0       6341   stm32f10x_usart.o
       316         20          0          0          0       2005   system_stm32f10x.o
       204         26          0         12          0       6198   systick.o
       372         38          0         12        400       9217   uart.o

    ----------------------------------------------------------------------
      6348        472        336        144        960     322397   Object Totals
         0          0         32          0          0          0   (incl. Generated)
        16          0          0          0          2          0   (incl. Padding)

    ----------------------------------------------------------------------

      Code (inc. data)   RO Data    RW Data    ZI Data      Debug   Library Member Name

         0          0          0          0          0          0   entry.o
         0          0          0          0          0          0   entry10a.o
         0          0          0          0          0          0   entry11a.o
         8          4          0          0          0          0   entry2.o
         4          0          0          0          0          0   entry5.o
         0          0          0          0          0          0   entry7b.o
         0          0          0          0          0          0   entry8b.o
         8          4          0          0          0          0   entry9a.o
        30          0          0          0          0          0   handlers.o
        36          8          0          0          0         68   init.o
         0          0          0          0          0          0   iusefp.o
        98          0          0          0          0         84   ldiv.o
        30          0          0          0          0         68   llshl.o
        32          0          0          0          0         68   llushr.o
        98          0          0          0          0         92   uldiv.o
       176          0          0          0          0        140   fadd.o
       124          0          0          0          0         88   fdiv.o
       110          0          0          0          0        168   fepilogue.o
        50          0          0          0          0         68   ffixi.o
        18          0          0          0          0         68   fflti.o
       100          0          0          0          0         76   fmul.o

    ----------------------------------------------------------------------
       924         16          0          0          0        988   Library Totals
         2          0          0          0          0          0   (incl. Padding)

    ----------------------------------------------------------------------

      Code (inc. data)   RO Data    RW Data    ZI Data      Debug   Library Name

       344         16          0          0          0        380   mc_w.l
       578          0          0          0          0        608   mf_w.l

    ----------------------------------------------------------------------
       924         16          0          0          0        988   Library Totals

    ----------------------------------------------------------------------

==============================================================================


      Code (inc. data)   RO Data    RW Data    ZI Data      Debug   

      7272        488        336        144        960     319377   Grand Totals
      7272        488        336        144        960     319377   ELF Image Totals
      7272        488        336        144          0          0   ROM Totals

==============================================================================

    Total RO  Size (Code + RO Data)                 7608 (   7.43kB)
    Total RW  Size (RW Data + ZI Data)              1104 (   1.08kB)
    Total ROM Size (Code + RO Data + RW Data)       7752 (   7.57kB)

==============================================================================

