<html>
<body>
<pre>
<h1>礦ision Build Log</h1>
<h2>Project:</h2>
E:\Work-dynamic\教学工作\2024本科嵌入式系统\DEMO-EXTI-systick等\Project\RVMDK\EID-V2.uvprojx
Project File Date:  11/06/2024

<h2>Output:</h2>
Build target 'STM3210B-EVAL'
compiling main.c...
..\src\main.c(74): warning:  #223-D: function "key_test" declared implicitly
                        key_test();
..\src\main.c: 1 warning, 0 errors
linking...
Program Size: Code=5540 RO-data=348 RW-data=64 ZI-data=1064  
".\Obj\STM3210B-EVAL.axf" - 0 Error(s), 1 Warning(s).
Load "E:\\Work-dynamic\\教学工作\\2024本科嵌入式系统\\DEMO-EXTI-systick等\\Project\\RVMDK\\Obj\\STM3210B-EVAL.axf" 
Erase Done.
Programming Done.
Verify OK.
);
..\src\main.c(129): warning:  #223-D: function "tim6_start" declared implicitly
        tim6_start(1000);
..\src\main.c: 5 warnings, 0 errors
compiling dma.c...
compiling EXTI.c...
..\inc\DigitalTube.h(17): warning:  #1-D: last line of file ends without a newline
  /******END OF FILE****/
..\inc\EXTI.h(17): warning:  #1-D: last line of file ends without a newline
  /******END OF FILE****/
..\src\EXTI.c(175): warning:  #177-D: variable "GPIO_InitStruct" was declared but never referenced
                GPIO_InitTypeDef GPIO_InitStruct;       
..\src\EXTI.c: 3 warnings, 0 errors
compiling systick.c...
..\src\systick.c(32): warning:  #1-D: last line of file ends without a newline
  }
..\src\systick.c: 1 warning, 0 errors
compiling UART.c...
..\src\UART.c(18): warning:  #177-D: variable "NVIC_InitStructure1" was declared but never referenced
        NVIC_InitTypeDef NVIC_InitStructure1;
..\src\UART.c(151): warning:  #1-D: last line of file ends without a newline
  }
..\src\UART.c: 2 warnings, 0 errors
compiling IIC-lib.c...
..\src\IIC-lib.c(126): warning:  #1-D: last line of file ends without a newline
  }
..\src\IIC-lib.c: 1 warning, 0 errors
compiling Timer.c...
compiling SPI.c...
..\src\SPI.c(103): warning:  #1-D: last line of file ends without a newline
  } 
..\src\SPI.c: 1 warning, 0 errors
compiling key.c...
..\src\key.c(407): warning:  #1-D: last line of file ends without a newline
  }
..\src\key.c: 1 warning, 0 errors
compiling stm32f10x_it.c...
..\src\stm32f10x_it.c(139): warning:  #223-D: function "time_handle" declared implicitly
        time_handle();
..\src\stm32f10x_it.c: 1 warning, 0 errors
compiling stm32f10x_tim.c...
compiling misc.c...
compiling stm32f10x_gpio.c...
compiling stm32f10x_rcc.c...
compiling stm32f10x_adc.c...
compiling stm32f10x_bkp.c...
compiling stm32f10x_can.c...
compiling stm32f10x_dac.c...
compiling stm32f10x_i2c.c...
compiling stm32f10x_usart.c...
compiling stm32f10x_fsmc.c...
compiling stm32f10x_spi.c...
compiling stm32f10x_exti.c...
compiling stm32f10x_rtc.c...
compiling stm32f10x_pwr.c...
compiling stm32f10x_dma.c...
compiling stm32f10x_crc.c...
compiling stm32f10x_dbgmcu.c...
compiling stm32f10x_flash.c...
compiling stm32f10x_iwdg.c...
compiling stm32f10x_sdio.c...
compiling stm32f10x_wwdg.c...
assembling startup_stm32f10x_md.s...
compiling system_stm32f10x.c...
linking...
Program Size: Code=6436 RO-data=348 RW-data=84 ZI-data=1060  
".\Obj\STM3210B-EVAL.axf" - 0 Error(s), 15 Warning(s).
Load "E:\\Work-dynamic\\教学工作\\2024本科嵌入式系统\\DEMO-EXTI-systick等\\Project\\RVMDK\\Obj\\STM3210B-EVAL.axf" 
Erase Done.
Programming Done.
Verify OK.
