Component: ARM Compiler 5.05 update 2 (build 169) Tool: armlink [4d0f33]

==============================================================================

Section Cross References

    system_stm32f10x.o(i.SetSysClock) refers to system_stm32f10x.o(i.SetSysClockTo72) for SetSysClockTo72
    system_stm32f10x.o(i.SystemInit) refers to system_stm32f10x.o(i.SetSysClock) for SetSysClock
    startup_stm32f10x_md.o(STACK) refers (Special) to heapauxi.o(.text) for __use_two_region_memory
    startup_stm32f10x_md.o(HEAP) refers (Special) to heapauxi.o(.text) for __use_two_region_memory
    startup_stm32f10x_md.o(RESET) refers (Special) to heapauxi.o(.text) for __use_two_region_memory
    startup_stm32f10x_md.o(RESET) refers to startup_stm32f10x_md.o(STACK) for __initial_sp
    startup_stm32f10x_md.o(RESET) refers to startup_stm32f10x_md.o(.text) for Reset_Handler
    startup_stm32f10x_md.o(RESET) refers to stm32f10x_it.o(i.NMI_Handler) for NMI_Handler
    startup_stm32f10x_md.o(RESET) refers to stm32f10x_it.o(i.HardFault_Handler) for HardFault_Handler
    startup_stm32f10x_md.o(RESET) refers to stm32f10x_it.o(i.MemManage_Handler) for MemManage_Handler
    startup_stm32f10x_md.o(RESET) refers to stm32f10x_it.o(i.BusFault_Handler) for BusFault_Handler
    startup_stm32f10x_md.o(RESET) refers to stm32f10x_it.o(i.UsageFault_Handler) for UsageFault_Handler
    startup_stm32f10x_md.o(RESET) refers to stm32f10x_it.o(i.SVC_Handler) for SVC_Handler
    startup_stm32f10x_md.o(RESET) refers to stm32f10x_it.o(i.DebugMon_Handler) for DebugMon_Handler
    startup_stm32f10x_md.o(RESET) refers to stm32f10x_it.o(i.PendSV_Handler) for PendSV_Handler
    startup_stm32f10x_md.o(RESET) refers to uart.o(i.SysTick_Handler) for SysTick_Handler
    startup_stm32f10x_md.o(RESET) refers to neg.o(i.EXTI0_IRQHandler) for EXTI0_IRQHandler
    startup_stm32f10x_md.o(RESET) refers to neg.o(i.EXTI1_IRQHandler) for EXTI1_IRQHandler
    startup_stm32f10x_md.o(RESET) refers to neg.o(i.EXTI2_IRQHandler) for EXTI2_IRQHandler
    startup_stm32f10x_md.o(RESET) refers to neg.o(i.EXTI3_IRQHandler) for EXTI3_IRQHandler
    startup_stm32f10x_md.o(RESET) refers to stm32f10x_it.o(i.TIM3_IRQHandler) for TIM3_IRQHandler
    startup_stm32f10x_md.o(RESET) refers to neg.o(i.TIM4_IRQHandler) for TIM4_IRQHandler
    startup_stm32f10x_md.o(RESET) refers to uart.o(i.USART1_IRQHandler) for USART1_IRQHandler
    startup_stm32f10x_md.o(.text) refers (Special) to heapauxi.o(.text) for __use_two_region_memory
    startup_stm32f10x_md.o(.text) refers to __main.o(!!!main) for __main
    startup_stm32f10x_md.o(.text) refers to startup_stm32f10x_md.o(HEAP) for Heap_Mem
    startup_stm32f10x_md.o(.text) refers to startup_stm32f10x_md.o(STACK) for Stack_Mem
    stm32f10x_rcc.o(i.RCC_GetClocksFreq) refers to stm32f10x_rcc.o(.data) for APBAHBPrescTable
    stm32f10x_rcc.o(i.RCC_WaitForHSEStartUp) refers to stm32f10x_rcc.o(i.RCC_GetFlagStatus) for RCC_GetFlagStatus
    stm32f10x_tim.o(i.TIM_DeInit) refers to stm32f10x_rcc.o(i.RCC_APB2PeriphResetCmd) for RCC_APB2PeriphResetCmd
    stm32f10x_tim.o(i.TIM_DeInit) refers to stm32f10x_rcc.o(i.RCC_APB1PeriphResetCmd) for RCC_APB1PeriphResetCmd
    stm32f10x_tim.o(i.TIM_ETRClockMode1Config) refers to stm32f10x_tim.o(i.TIM_ETRConfig) for TIM_ETRConfig
    stm32f10x_tim.o(i.TIM_ETRClockMode2Config) refers to stm32f10x_tim.o(i.TIM_ETRConfig) for TIM_ETRConfig
    stm32f10x_tim.o(i.TIM_ICInit) refers to stm32f10x_tim.o(i.TI1_Config) for TI1_Config
    stm32f10x_tim.o(i.TIM_ICInit) refers to stm32f10x_tim.o(i.TIM_SetIC1Prescaler) for TIM_SetIC1Prescaler
    stm32f10x_tim.o(i.TIM_ICInit) refers to stm32f10x_tim.o(i.TI2_Config) for TI2_Config
    stm32f10x_tim.o(i.TIM_ICInit) refers to stm32f10x_tim.o(i.TIM_SetIC2Prescaler) for TIM_SetIC2Prescaler
    stm32f10x_tim.o(i.TIM_ICInit) refers to stm32f10x_tim.o(i.TI3_Config) for TI3_Config
    stm32f10x_tim.o(i.TIM_ICInit) refers to stm32f10x_tim.o(i.TIM_SetIC3Prescaler) for TIM_SetIC3Prescaler
    stm32f10x_tim.o(i.TIM_ICInit) refers to stm32f10x_tim.o(i.TI4_Config) for TI4_Config
    stm32f10x_tim.o(i.TIM_ICInit) refers to stm32f10x_tim.o(i.TIM_SetIC4Prescaler) for TIM_SetIC4Prescaler
    stm32f10x_tim.o(i.TIM_ITRxExternalClockConfig) refers to stm32f10x_tim.o(i.TIM_SelectInputTrigger) for TIM_SelectInputTrigger
    stm32f10x_tim.o(i.TIM_PWMIConfig) refers to stm32f10x_tim.o(i.TI1_Config) for TI1_Config
    stm32f10x_tim.o(i.TIM_PWMIConfig) refers to stm32f10x_tim.o(i.TIM_SetIC1Prescaler) for TIM_SetIC1Prescaler
    stm32f10x_tim.o(i.TIM_PWMIConfig) refers to stm32f10x_tim.o(i.TI2_Config) for TI2_Config
    stm32f10x_tim.o(i.TIM_PWMIConfig) refers to stm32f10x_tim.o(i.TIM_SetIC2Prescaler) for TIM_SetIC2Prescaler
    stm32f10x_tim.o(i.TIM_TIxExternalClockConfig) refers to stm32f10x_tim.o(i.TI2_Config) for TI2_Config
    stm32f10x_tim.o(i.TIM_TIxExternalClockConfig) refers to stm32f10x_tim.o(i.TI1_Config) for TI1_Config
[...]
    neg.o(i.EXTI1_IRQHandler) refers to stm32f10x_exti.o(i.EXTI_ClearITPendingBit) for EXTI_ClearITPendingBit
    neg.o(i.EXTI1_IRQHandler) refers to neg.o(.data) for g_pending_cols_mask
    neg.o(i.EXTI2_IRQHandler) refers to stm32f10x_exti.o(i.EXTI_GetITStatus) for EXTI_GetITStatus
    neg.o(i.EXTI2_IRQHandler) refers to stm32f10x_exti.o(i.EXTI_ClearITPendingBit) for EXTI_ClearITPendingBit
    neg.o(i.EXTI2_IRQHandler) refers to neg.o(.data) for g_pending_cols_mask
    neg.o(i.EXTI3_IRQHandler) refers to stm32f10x_exti.o(i.EXTI_GetITStatus) for EXTI_GetITStatus
    neg.o(i.EXTI3_IRQHandler) refers to stm32f10x_exti.o(i.EXTI_ClearITPendingBit) for EXTI_ClearITPendingBit
    neg.o(i.EXTI3_IRQHandler) refers to neg.o(.data) for g_pending_cols_mask
    neg.o(i.Keyborad_init) refers to stm32f10x_rcc.o(i.RCC_APB2PeriphClockCmd) for RCC_APB2PeriphClockCmd
    neg.o(i.Keyborad_init) refers to stm32f10x_gpio.o(i.GPIO_Init) for GPIO_Init
    neg.o(i.Keyborad_init) refers to stm32f10x_gpio.o(i.GPIO_ResetBits) for GPIO_ResetBits
    neg.o(i.Keyborad_init) refers to stm32f10x_gpio.o(i.GPIO_EXTILineConfig) for GPIO_EXTILineConfig
    neg.o(i.Keyborad_init) refers to stm32f10x_exti.o(i.EXTI_Init) for EXTI_Init
    neg.o(i.Keyborad_init) refers to misc.o(i.NVIC_Init) for NVIC_Init
    neg.o(i.Keyborad_with_Display) refers to neg.o(i.Neg_display) for Neg_display
    neg.o(i.Keyborad_with_Display) refers to neg.o(i.read_Key) for read_Key
    neg.o(i.NEG_GPIO_Init) refers to stm32f10x_rcc.o(i.RCC_APB2PeriphClockCmd) for RCC_APB2PeriphClockCmd
    neg.o(i.NEG_GPIO_Init) refers to stm32f10x_gpio.o(i.GPIO_Init) for GPIO_Init
    neg.o(i.NEG_init) refers to neg.o(i.NEG_GPIO_Init) for NEG_GPIO_Init
    neg.o(i.NEG_init) refers to neg.o(i.Nixie_Timer_Init) for Nixie_Timer_Init
    neg.o(i.Neg_display) refers to neg.o(.bss) for g_digits
    neg.o(i.Nixie_Timer_Init) refers to stm32f10x_rcc.o(i.RCC_APB1PeriphClockCmd) for RCC_APB1PeriphClockCmd
    neg.o(i.Nixie_Timer_Init) refers to stm32f10x_tim.o(i.TIM_TimeBaseInit) for TIM_TimeBaseInit
    neg.o(i.Nixie_Timer_Init) refers to stm32f10x_tim.o(i.TIM_ClearFlag) for TIM_ClearFlag
    neg.o(i.Nixie_Timer_Init) refers to stm32f10x_tim.o(i.TIM_ITConfig) for TIM_ITConfig
    neg.o(i.Nixie_Timer_Init) refers to misc.o(i.NVIC_Init) for NVIC_Init
    neg.o(i.Nixie_Timer_Init) refers to stm32f10x_tim.o(i.TIM_Cmd) for TIM_Cmd
    neg.o(i.TIM4_IRQHandler) refers to stm32f10x_tim.o(i.TIM_GetITStatus) for TIM_GetITStatus
    neg.o(i.TIM4_IRQHandler) refers to stm32f10x_tim.o(i.TIM_ClearITPendingBit) for TIM_ClearITPendingBit
    neg.o(i.TIM4_IRQHandler) refers to stm32f10x_gpio.o(i.GPIO_SetBits) for GPIO_SetBits
    neg.o(i.TIM4_IRQHandler) refers to stm32f10x_gpio.o(i.GPIO_ResetBits) for GPIO_ResetBits
    neg.o(i.TIM4_IRQHandler) refers to neg.o(.data) for g_cur_digit
    neg.o(i.TIM4_IRQHandler) refers to neg.o(.bss) for g_digits
    neg.o(i.TIM4_IRQHandler) refers to neg.o(.constdata) for SEG_MASK
    neg.o(i.keyborad_scan_column) refers to stm32f10x_gpio.o(i.GPIO_SetBits) for GPIO_SetBits
    neg.o(i.keyborad_scan_column) refers to stm32f10x_gpio.o(i.GPIO_ResetBits) for GPIO_ResetBits
    neg.o(i.keyborad_scan_column) refers to stm32f10x_gpio.o(i.GPIO_ReadInputData) for GPIO_ReadInputData
    neg.o(i.keyborad_sran) refers to neg.o(i.keyborad_scan_column) for keyborad_scan_column
    neg.o(i.read_Key) refers to neg.o(i.keyborad_scan_column) for keyborad_scan_column
    neg.o(i.read_Key) refers to neg.o(i.Delay) for Delay
    neg.o(i.read_Key) refers to neg.o(.data) for g_need_scan
    uart.o(i.Modbus_Analyze) refers to uart.o(i.Modbus_CRC16) for Modbus_CRC16
    uart.o(i.Modbus_Analyze) refers to uart.o(i.Modbus_SendBuffer) for Modbus_SendBuffer
    uart.o(i.Modbus_Analyze) refers to neg.o(i.Neg_display) for Neg_display
    uart.o(i.Modbus_Analyze) refers to uart.o(.data) for FrameFlag
    uart.o(i.Modbus_Analyze) refers to uart.o(.bss) for USART_Rxbuf
    uart.o(i.Modbus_InitRegs) refers to uart.o(.bss) for HoldReg
    uart.o(i.Modbus_SendBuffer) refers to rt_memcpy_v6.o(.text) for __aeabi_memcpy
    uart.o(i.Modbus_SendBuffer) refers to stm32f10x_usart.o(i.USART_SendData) for USART_SendData
    uart.o(i.Modbus_SendBuffer) refers to stm32f10x_usart.o(i.USART_ITConfig) for USART_ITConfig
    uart.o(i.Modbus_SendBuffer) refers to uart.o(.bss) for USART_Txbuf
    uart.o(i.Modbus_SendBuffer) refers to uart.o(.data) for SendBufLen
    uart.o(i.NVIC_Configuration) refers to misc.o(i.NVIC_SetVectorTable) for NVIC_SetVectorTable
    uart.o(i.NVIC_Configuration) refers to misc.o(i.NVIC_PriorityGroupConfig) for NVIC_PriorityGroupConfig
    uart.o(i.NVIC_Configuration) refers to misc.o(i.NVIC_Init) for NVIC_Init
    uart.o(i.RS232_Configuration) refers to stm32f10x_rcc.o(i.RCC_APB2PeriphClockCmd) for RCC_APB2PeriphClockCmd
    uart.o(i.RS232_Configuration) refers to stm32f10x_gpio.o(i.GPIO_Init) for GPIO_Init
    uart.o(i.RS232_Configuration) refers to stm32f10x_usart.o(i.USART_Init) for USART_Init
    uart.o(i.RS232_Configuration) refers to stm32f10x_usart.o(i.USART_ITConfig) for USART_ITConfig
    uart.o(i.RS232_Configuration) refers to stm32f10x_usart.o(i.USART_Cmd) for USART_Cmd
    uart.o(i.RS232_test) refers to rt_memcpy_v6.o(.text) for __aeabi_memcpy
    uart.o(i.RS232_test) refers to stm32f10x_usart.o(i.USART_ITConfig) for USART_ITConfig
    uart.o(i.RS232_test) refers to uart.o(.data) for SendBufLen
    uart.o(i.RS232_test) refers to uart.o(.bss) for USART_Txbuf
    uart.o(i.SysTick_Handler) refers to uart.o(.data) for RecvTimeOver
    uart.o(i.USART1_IRQHandler) refers to stm32f10x_usart.o(i.USART_GetITStatus) for USART_GetITStatus
    uart.o(i.USART1_IRQHandler) refers to stm32f10x_usart.o(i.USART_ReceiveData) for USART_ReceiveData
    uart.o(i.USART1_IRQHandler) refers to stm32f10x_usart.o(i.USART_SendData) for USART_SendData
    uart.o(i.USART1_IRQHandler) refers to stm32f10x_usart.o(i.USART_ITConfig) for USART_ITConfig
    uart.o(i.USART1_IRQHandler) refers to uart.o(.data) for RXPos
    uart.o(i.USART1_IRQHandler) refers to uart.o(.bss) for USART_Rxbuf
    uart.o(i.uart1_init) refers to uart.o(i.RS232_Configuration) for RS232_Configuration
    uart.o(i.uart1_init) refers to uart.o(i.NVIC_Configuration) for NVIC_Configuration
    uart.o(i.uart1_init) refers to system_stm32f10x.o(.constdata) for SystemFrequency
    spi.o(i.SPI2_SendByte) refers to stm32f10x_spi.o(i.SPI_I2S_GetFlagStatus) for SPI_I2S_GetFlagStatus
    spi.o(i.SPI2_SendByte) refers to stm32f10x_spi.o(i.SPI_I2S_SendData) for SPI_I2S_SendData
    spi.o(i.SPI2_SendByte) refers to stm32f10x_spi.o(i.SPI_I2S_ReceiveData) for SPI_I2S_ReceiveData
    spi.o(i.SPI_Configuration) refers to stm32f10x_rcc.o(i.RCC_APB2PeriphClockCmd) for RCC_APB2PeriphClockCmd
    spi.o(i.SPI_Configuration) refers to stm32f10x_rcc.o(i.RCC_APB1PeriphClockCmd) for RCC_APB1PeriphClockCmd
    spi.o(i.SPI_Configuration) refers to stm32f10x_gpio.o(i.GPIO_Init) for GPIO_Init
    spi.o(i.SPI_Configuration) refers to stm32f10x_gpio.o(i.GPIO_SetBits) for GPIO_SetBits
    spi.o(i.SPI_Configuration) refers to stm32f10x_spi.o(i.SPI_Init) for SPI_Init
    spi.o(i.SPI_Configuration) refers to stm32f10x_spi.o(i.SPI_Cmd) for SPI_Cmd
    spi.o(i.SPI_Flash_CS_High) refers to stm32f10x_gpio.o(i.GPIO_SetBits) for GPIO_SetBits
    spi.o(i.SPI_Flash_CS_Low) refers to stm32f10x_gpio.o(i.GPIO_ResetBits) for GPIO_ResetBits
    spi.o(i.SPI_Flash_PageWrite) refers to spi.o(i.SPI_Flash_WriteEnable) for SPI_Flash_WriteEnable
    spi.o(i.SPI_Flash_PageWrite) refers to spi.o(i.SPI_Flash_CS_Low) for SPI_Flash_CS_Low
    spi.o(i.SPI_Flash_PageWrite) refers to spi.o(i.SPI2_SendByte) for SPI2_SendByte
    spi.o(i.SPI_Flash_PageWrite) refers to spi.o(i.SPI_Flash_CS_High) for SPI_Flash_CS_High
    spi.o(i.SPI_Flash_PageWrite) refers to spi.o(i.SPI_Flash_WaitForWriteEnd) for SPI_Flash_WaitForWriteEnd
    spi.o(i.SPI_Flash_ReadBuffer) refers to spi.o(i.SPI_Flash_CS_Low) for SPI_Flash_CS_Low
    spi.o(i.SPI_Flash_ReadBuffer) refers to spi.o(i.SPI2_SendByte) for SPI2_SendByte
    spi.o(i.SPI_Flash_ReadBuffer) refers to spi.o(i.SPI_Flash_CS_High) for SPI_Flash_CS_High
    spi.o(i.SPI_Flash_ReadID) refers to spi.o(i.SPI_Flash_CS_Low) for SPI_Flash_CS_Low
    spi.o(i.SPI_Flash_ReadID) refers to spi.o(i.SPI2_SendByte) for SPI2_SendByte
    spi.o(i.SPI_Flash_ReadID) refers to spi.o(i.SPI_Flash_CS_High) for SPI_Flash_CS_High
    spi.o(i.SPI_Flash_WaitForWriteEnd) refers to spi.o(i.SPI_Flash_CS_Low) for SPI_Flash_CS_Low
    spi.o(i.SPI_Flash_WaitForWriteEnd) refers to spi.o(i.SPI2_SendByte) for SPI2_SendByte
    spi.o(i.SPI_Flash_WaitForWriteEnd) refers to spi.o(i.SPI_Flash_CS_High) for SPI_Flash_CS_High
    spi.o(i.SPI_Flash_WriteEnable) refers to spi.o(i.SPI_Flash_CS_Low) for SPI_Flash_CS_Low
    spi.o(i.SPI_Flash_WriteEnable) refers to spi.o(i.SPI2_SendByte) for SPI2_SendByte
    spi.o(i.SPI_Flash_WriteEnable) refers to spi.o(i.SPI_Flash_CS_High) for SPI_Flash_CS_High
    llsdiv.o(.text) refers to lludivv7m.o(.text) for __aeabi_uldivmod
    rt_memcpy_v6.o(.text) refers to rt_memcpy_w.o(.text) for __aeabi_memcpy4
    __main.o(!!!main) refers to __rtentry.o(.ARM.Collect$$rtentry$$00000000) for __rt_entry
    __rtentry.o(.ARM.Collect$$rtentry$$00000000) refers (Special) to __rtentry2.o(.ARM.Collect$$rtentry$$0000000A) for __rt_entry_li
    __rtentry.o(.ARM.Collect$$rtentry$$00000000) refers (Special) to __rtentry2.o(.ARM.Collect$$rtentry$$0000000D) for __rt_entry_main
    __rtentry.o(.ARM.Collect$$rtentry$$00000000) refers (Special) to __rtentry2.o(.ARM.Collect$$rtentry$$0000000C) for __rt_entry_postli_1
    __rtentry.o(.ARM.Collect$$rtentry$$00000000) refers (Special) to __rtentry2.o(.ARM.Collect$$rtentry$$00000009) for __rt_entry_postsh_1
    __rtentry.o(.ARM.Collect$$rtentry$$00000000) refers (Special) to __rtentry2.o(.ARM.Collect$$rtentry$$00000002) for __rt_entry_presh_1
    __rtentry.o(.ARM.Collect$$rtentry$$00000000) refers (Special) to __rtentry4.o(.ARM.Collect$$rtentry$$00000004) for __rt_entry_sh
    __rtentry2.o(.ARM.Collect$$rtentry$$00000008) refers to boardinit2.o(.text) for _platform_post_stackheap_init
    __rtentry2.o(.ARM.Collect$$rtentry$$0000000A) refers to libinit.o(.ARM.Collect$$libinit$$00000000) for __rt_lib_init
    __rtentry2.o(.ARM.Collect$$rtentry$$0000000B) refers to boardinit3.o(.text) for _platform_post_lib_init
    __rtentry2.o(.ARM.Collect$$rtentry$$0000000D) refers to main.o(i.main) for main
    __rtentry2.o(.ARM.Collect$$rtentry$$0000000D) refers to exit.o(.text) for exit
    __rtentry2.o(.ARM.exidx) refers to __rtentry2.o(.ARM.Collect$$rtentry$$00000001) for .ARM.Collect$$rtentry$$00000001
    __rtentry2.o(.ARM.exidx) refers to __rtentry2.o(.ARM.Collect$$rtentry$$00000008) for .ARM.Collect$$rtentry$$00000008
    __rtentry2.o(.ARM.exidx) refers to __rtentry2.o(.ARM.Collect$$rtentry$$0000000A) for .ARM.Collect$$rtentry$$0000000A
    __rtentry2.o(.ARM.exidx) refers to __rtentry2.o(.ARM.Collect$$rtentry$$0000000B) for .ARM.Collect$$rtentry$$0000000B
    __rtentry2.o(.ARM.exidx) refers to __rtentry2.o(.ARM.Collect$$rtentry$$0000000D) for .ARM.Collect$$rtentry$$0000000D
    __rtentry4.o(.ARM.Collect$$rtentry$$00000004) refers to sys_stackheap_outer.o(.text) for __user_setup_stackheap
    __rtentry4.o(.ARM.exidx) refers to __rtentry4.o(.ARM.Collect$$rtentry$$00000004) for .ARM.Collect$$rtentry$$00000004
    aeabi_ldiv0_sigfpe.o(.text) refers to rt_div0.o(.text) for __rt_div0
    sys_stackheap_outer.o(.text) refers to libspace.o(.text) for __user_perproc_libspace
    sys_stackheap_outer.o(.text) refers to startup_stm32f10x_md.o(.text) for __user_initial_stackheap
    rt_div0.o(.text) refers to defsig_fpe_outer.o(.text) for __rt_SIGFPE
    exit.o(.text) refers to rtexit.o(.ARM.Collect$$rtexit$$00000000) for __rt_exit
    libinit.o(.ARM.Collect$$libinit$$00000000) refers (Special) to libinit2.o(.ARM.Collect$$libinit$$0000002E) for __rt_lib_init_alloca_1
    libinit.o(.ARM.Collect$$libinit$$00000000) refers (Special) to libinit2.o(.ARM.Collect$$libinit$$0000002C) for __rt_lib_init_argv_1
    libinit.o(.ARM.Collect$$libinit$$00000000) refers (Special) to libinit2.o(.ARM.Collect$$libinit$$0000001B) for __rt_lib_init_atexit_1
    libinit.o(.ARM.Collect$$libinit$$00000000) refers (Special) to libinit2.o(.ARM.Collect$$libinit$$00000021) for __rt_lib_init_clock_1
    libinit.o(.ARM.Collect$$libinit$$00000000) refers (Special) to libinit2.o(.ARM.Collect$$libinit$$00000032) for __rt_lib_init_cpp_1
    libinit.o(.ARM.Collect$$libinit$$00000000) refers (Special) to libinit2.o(.ARM.Collect$$libinit$$00000030) for __rt_lib_init_exceptions_1
    libinit.o(.ARM.Collect$$libinit$$00000000) refers (Special) to libinit2.o(.ARM.Collect$$libinit$$00000002) for __rt_lib_init_fp_1
    libinit.o(.ARM.Collect$$libinit$$00000000) refers (Special) to libinit2.o(.ARM.Collect$$libinit$$0000001F) for __rt_lib_init_fp_trap_1
    libinit.o(.ARM.Collect$$libinit$$00000000) refers (Special) to libinit2.o(.ARM.Collect$$libinit$$00000023) for __rt_lib_init_getenv_1
    libinit.o(.ARM.Collect$$libinit$$00000000) refers (Special) to libinit2.o(.ARM.Collect$$libinit$$0000000A) for __rt_lib_init_heap_1
    libinit.o(.ARM.Collect$$libinit$$00000000) refers (Special) to libinit2.o(.ARM.Collect$$libinit$$00000011) for __rt_lib_init_lc_collate_1
    libinit.o(.ARM.Collect$$libinit$$00000000) refers (Special) to libinit2.o(.ARM.Collect$$libinit$$00000013) for __rt_lib_init_lc_ctype_1
    libinit.o(.ARM.Collect$$libinit$$00000000) refers (Special) to libinit2.o(.ARM.Collect$$libinit$$00000015) for __rt_lib_init_lc_monetary_1
    libinit.o(.ARM.Collect$$libinit$$00000000) refers (Special) to libinit2.o(.ARM.Collect$$libinit$$00000017) for __rt_lib_init_lc_numeric_1
    libinit.o(.ARM.Collect$$libinit$$00000000) refers (Special) to libinit2.o(.ARM.Collect$$libinit$$00000019) for __rt_lib_init_lc_time_1
    libinit.o(.ARM.Collect$$libinit$$00000000) refers (Special) to libinit2.o(.ARM.Collect$$libinit$$00000004) for __rt_lib_init_preinit_1
    libinit.o(.ARM.Collect$$libinit$$00000000) refers (Special) to libinit2.o(.ARM.Collect$$libinit$$0000000E) for __rt_lib_init_rand_1
    libinit.o(.ARM.Collect$$libinit$$00000000) refers (Special) to libinit2.o(.ARM.Collect$$libinit$$00000033) for __rt_lib_init_return
    libinit.o(.ARM.Collect$$libinit$$00000000) refers (Special) to libinit2.o(.ARM.Collect$$libinit$$0000001D) for __rt_lib_init_signal_1
    libinit.o(.ARM.Collect$$libinit$$00000000) refers (Special) to libinit2.o(.ARM.Collect$$libinit$$00000025) for __rt_lib_init_stdio_1
    libinit.o(.ARM.Collect$$libinit$$00000000) refers (Special) to libinit2.o(.ARM.Collect$$libinit$$0000000C) for __rt_lib_init_user_alloc_1
    libspace.o(.text) refers to libspace.o(.bss) for __libspace_start
    rtexit.o(.ARM.Collect$$rtexit$$00000000) refers (Special) to rtexit2.o(.ARM.Collect$$rtexit$$00000004) for __rt_exit_exit
    rtexit.o(.ARM.Collect$$rtexit$$00000000) refers (Special) to rtexit2.o(.ARM.Collect$$rtexit$$00000003) for __rt_exit_ls
    rtexit.o(.ARM.Collect$$rtexit$$00000000) refers (Special) to rtexit2.o(.ARM.Collect$$rtexit$$00000002) for __rt_exit_prels_1
    rtexit.o(.ARM.exidx) refers (Special) to rtexit2.o(.ARM.Collect$$rtexit$$00000004) for __rt_exit_exit
    rtexit.o(.ARM.exidx) refers (Special) to rtexit2.o(.ARM.Collect$$rtexit$$00000003) for __rt_exit_ls
    rtexit.o(.ARM.exidx) refers (Special) to rtexit2.o(.ARM.Collect$$rtexit$$00000002) for __rt_exit_prels_1
    rtexit.o(.ARM.exidx) refers to rtexit.o(.ARM.Collect$$rtexit$$00000000) for .ARM.Collect$$rtexit$$00000000
    defsig_fpe_outer.o(.text) refers to defsig_fpe_inner.o(.text) for __rt_SIGFPE_inner
    defsig_fpe_outer.o(.text) refers to defsig_exit.o(.text) for __sig_exit
    defsig_fpe_formal.o(.text) refers to rt_raise.o(.text) for __rt_raise
    libinit2.o(.ARM.Collect$$libinit$$00000010) refers to libinit2.o(.ARM.Collect$$libinit$$0000000F) for .ARM.Collect$$libinit$$0000000F
    libinit2.o(.ARM.Collect$$libinit$$00000012) refers to libinit2.o(.ARM.Collect$$libinit$$0000000F) for .ARM.Collect$$libinit$$0000000F
    libinit2.o(.ARM.Collect$$libinit$$00000014) refers to libinit2.o(.ARM.Collect$$libinit$$0000000F) for .ARM.Collect$$libinit$$0000000F
    libinit2.o(.ARM.Collect$$libinit$$00000016) refers to libinit2.o(.ARM.Collect$$libinit$$0000000F) for .ARM.Collect$$libinit$$0000000F
    libinit2.o(.ARM.Collect$$libinit$$00000018) refers to libinit2.o(.ARM.Collect$$libinit$$0000000F) for .ARM.Collect$$libinit$$0000000F
    libinit2.o(.ARM.Collect$$libinit$$00000026) refers to argv_veneer.o(.emb_text) for __ARM_argv_veneer
    libinit2.o(.ARM.Collect$$libinit$$00000027) refers to argv_veneer.o(.emb_text) for __ARM_argv_veneer
    rtexit2.o(.ARM.Collect$$rtexit$$00000003) refers to libshutdown.o(.ARM.Collect$$libshutdown$$00000000) for __rt_lib_shutdown
    rtexit2.o(.ARM.Collect$$rtexit$$00000004) refers to sys_exit.o(.text) for _sys_exit
    rtexit2.o(.ARM.exidx) refers to rtexit2.o(.ARM.Collect$$rtexit$$00000001) for .ARM.Collect$$rtexit$$00000001
    rtexit2.o(.ARM.exidx) refers to rtexit2.o(.ARM.Collect$$rtexit$$00000003) for .ARM.Collect$$rtexit$$00000003
    rtexit2.o(.ARM.exidx) refers to rtexit2.o(.ARM.Collect$$rtexit$$00000004) for .ARM.Collect$$rtexit$$00000004
    rt_raise.o(.text) refers to __raise.o(.text) for __raise
    rt_raise.o(.text) refers to sys_exit.o(.text) for _sys_exit
    defsig_exit.o(.text) refers to sys_exit.o(.text) for _sys_exit
    defsig_fpe_inner.o(.text) refers to defsig_general.o(.text) for __default_signal_display
    argv_veneer.o(.emb_text) refers to no_argv.o(.text) for __ARM_get_argv
    sys_exit.o(.text) refers (Special) to use_no_semi.o(.text) for __I$use$semihosting
    sys_exit.o(.text) refers (Special) to indicate_semi.o(.text) for __semihosting_library_function
    __raise.o(.text) refers to defsig.o(CL$$defsig) for __default_signal_handler
    defsig_general.o(.text) refers to sys_wrch.o(.text) for _ttywrch
    _get_argv_nomalloc.o(.text) refers (Special) to hrguard.o(.text) for __heap_region$guard
    _get_argv_nomalloc.o(.text) refers to defsig_rtmem_outer.o(.text) for __rt_SIGRTMEM
    _get_argv_nomalloc.o(.text) refers to sys_command.o(.text) for _sys_command_string
    libshutdown.o(.ARM.Collect$$libshutdown$$00000000) refers (Special) to libshutdown2.o(.ARM.Collect$$libshutdown$$00000006) for __rt_lib_shutdown_fp_trap_1
    libshutdown.o(.ARM.Collect$$libshutdown$$00000000) refers (Special) to libshutdown2.o(.ARM.Collect$$libshutdown$$0000000E) for __rt_lib_shutdown_heap_1
    libshutdown.o(.ARM.Collect$$libshutdown$$00000000) refers (Special) to libshutdown2.o(.ARM.Collect$$libshutdown$$0000000F) for __rt_lib_shutdown_return
    libshutdown.o(.ARM.Collect$$libshutdown$$00000000) refers (Special) to libshutdown2.o(.ARM.Collect$$libshutdown$$00000009) for __rt_lib_shutdown_signal_1
    libshutdown.o(.ARM.Collect$$libshutdown$$00000000) refers (Special) to libshutdown2.o(.ARM.Collect$$libshutdown$$00000003) for __rt_lib_shutdown_stdio_1
    libshutdown.o(.ARM.Collect$$libshutdown$$00000000) refers (Special) to libshutdown2.o(.ARM.Collect$$libshutdown$$0000000B) for __rt_lib_shutdown_user_alloc_1
    sys_wrch.o(.text) refers (Special) to use_no_semi.o(.text) for __I$use$semihosting
    sys_wrch.o(.text) refers (Special) to indicate_semi.o(.text) for __semihosting_library_function
    sys_command.o(.text) refers (Special) to use_no_semi.o(.text) for __I$use$semihosting
    sys_command.o(.text) refers (Special) to indicate_semi.o(.text) for __semihosting_library_function
    defsig_rtmem_outer.o(.text) refers to defsig_rtmem_inner.o(.text) for __rt_SIGRTMEM_inner
    defsig_rtmem_outer.o(.text) refers to defsig_exit.o(.text) for __sig_exit
    defsig_rtmem_formal.o(.text) refers to rt_raise.o(.text) for __rt_raise
    defsig.o(CL$$defsig) refers to defsig_fpe_inner.o(.text) for __rt_SIGFPE_inner
    defsig.o(CL$$defsig) refers to defsig_rtmem_inner.o(.text) for __rt_SIGRTMEM_inner
    defsig_abrt_inner.o(.text) refers to defsig_general.o(.text) for __default_signal_display
    defsig_rtred_inner.o(.text) refers to defsig_general.o(.text) for __default_signal_display
    defsig_rtmem_inner.o(.text) refers to defsig_general.o(.text) for __default_signal_display
    defsig_stak_inner.o(.text) refers to defsig_general.o(.text) for __default_signal_display
    defsig_pvfn_inner.o(.text) refers to defsig_general.o(.text) for __default_signal_display
    defsig_cppl_inner.o(.text) refers to defsig_general.o(.text) for __default_signal_display
    defsig_segv_inner.o(.text) refers to defsig_general.o(.text) for __default_signal_display
    defsig_other.o(.text) refers to defsig_general.o(.text) for __default_signal_display


==============================================================================

Removing Unused input sections from the image.

    Removing system_stm32f10x.o(i.SetSysClock), (8 bytes).
    Removing system_stm32f10x.o(i.SetSysClockTo72), (228 bytes).
    Removing system_stm32f10x.o(i.SystemInit), (80 bytes).
    Removing system_stm32f10x.o(.constdata), (20 bytes).
    Removing core_cm3.o(.emb_text), (32 bytes).
    Removing misc.o(i.NVIC_Init), (112 bytes).
    Removing misc.o(i.NVIC_PriorityGroupConfig), (20 bytes).
    Removing misc.o(i.NVIC_SetVectorTable), (20 bytes).
    Removing misc.o(i.NVIC_SystemLPConfig), (32 bytes).
    Removing misc.o(i.SysTick_CLKSourceConfig), (40 bytes).
    Removing stm32f10x_rcc.o(i.RCC_ADCCLKConfig), (24 bytes).
    Removing stm32f10x_rcc.o(i.RCC_AHBPeriphClockCmd), (32 bytes).
    Removing stm32f10x_rcc.o(i.RCC_APB1PeriphResetCmd), (32 bytes).
    Removing stm32f10x_rcc.o(i.RCC_APB2PeriphResetCmd), (32 bytes).
    Removing stm32f10x_rcc.o(i.RCC_AdjustHSICalibrationValue), (24 bytes).
    Removing stm32f10x_rcc.o(i.RCC_BackupResetCmd), (12 bytes).
    Removing stm32f10x_rcc.o(i.RCC_ClearFlag), (20 bytes).
    Removing stm32f10x_rcc.o(i.RCC_ClearITPendingBit), (12 bytes).
    Removing stm32f10x_rcc.o(i.RCC_ClockSecuritySystemCmd), (12 bytes).
    Removing stm32f10x_rcc.o(i.RCC_DeInit), (76 bytes).
    Removing stm32f10x_rcc.o(i.RCC_GetClocksFreq), (212 bytes).
    Removing stm32f10x_rcc.o(i.RCC_GetFlagStatus), (60 bytes).
    Removing stm32f10x_rcc.o(i.RCC_GetITStatus), (24 bytes).
    Removing stm32f10x_rcc.o(i.RCC_GetSYSCLKSource), (16 bytes).
    Removing stm32f10x_rcc.o(i.RCC_HCLKConfig), (24 bytes).
    Removing stm32f10x_rcc.o(i.RCC_HSEConfig), (76 bytes).
    Removing stm32f10x_rcc.o(i.RCC_HSICmd), (12 bytes).
    Removing stm32f10x_rcc.o(i.RCC_ITConfig), (32 bytes).
    Removing stm32f10x_rcc.o(i.RCC_LSEConfig), (52 bytes).
    Removing stm32f10x_rcc.o(i.RCC_LSICmd), (12 bytes).
    Removing stm32f10x_rcc.o(i.RCC_MCOConfig), (12 bytes).
    Removing stm32f10x_rcc.o(i.RCC_PCLK1Config), (24 bytes).
    Removing stm32f10x_rcc.o(i.RCC_PCLK2Config), (24 bytes).
    Removing stm32f10x_rcc.o(i.RCC_PLLCmd), (12 bytes).
    Removing stm32f10x_rcc.o(i.RCC_PLLConfig), (28 bytes).
    Removing stm32f10x_rcc.o(i.RCC_RTCCLKCmd), (12 bytes).
    Removing stm32f10x_rcc.o(i.RCC_RTCCLKConfig), (16 bytes).
    Removing stm32f10x_rcc.o(i.RCC_SYSCLKConfig), (24 bytes).
    Removing stm32f10x_rcc.o(i.RCC_USBCLKConfig), (12 bytes).
    Removing stm32f10x_rcc.o(i.RCC_WaitForHSEStartUp), (54 bytes).
    Removing stm32f10x_rcc.o(.data), (20 bytes).
    Removing stm32f10x_tim.o(i.TI1_Config), (56 bytes).
    Removing stm32f10x_tim.o(i.TI2_Config), (80 bytes).
    Removing stm32f10x_tim.o(i.TI3_Config), (72 bytes).
    Removing stm32f10x_tim.o(i.TI4_Config), (82 bytes).
    Removing stm32f10x_tim.o(i.TIM_ARRPreloadConfig), (24 bytes).
    Removing stm32f10x_tim.o(i.TIM_BDTRConfig), (32 bytes).
    Removing stm32f10x_tim.o(i.TIM_BDTRStructInit), (18 bytes).
    Removing stm32f10x_tim.o(i.TIM_CCPreloadControl), (24 bytes).
    Removing stm32f10x_tim.o(i.TIM_CCxCmd), (26 bytes).
    Removing stm32f10x_tim.o(i.TIM_CCxNCmd), (26 bytes).
    Removing stm32f10x_tim.o(i.TIM_ClearFlag), (6 bytes).
    Removing stm32f10x_tim.o(i.TIM_ClearOC1Ref), (18 bytes).
    Removing stm32f10x_tim.o(i.TIM_ClearOC2Ref), (24 bytes).
    Removing stm32f10x_tim.o(i.TIM_ClearOC3Ref), (18 bytes).
    Removing stm32f10x_tim.o(i.TIM_ClearOC4Ref), (24 bytes).
    Removing stm32f10x_tim.o(i.TIM_Cmd), (24 bytes).
    Removing stm32f10x_tim.o(i.TIM_CounterModeConfig), (18 bytes).
    Removing stm32f10x_tim.o(i.TIM_CtrlPWMOutputs), (30 bytes).
    Removing stm32f10x_tim.o(i.TIM_DMACmd), (18 bytes).
    Removing stm32f10x_tim.o(i.TIM_DMAConfig), (10 bytes).
    Removing stm32f10x_tim.o(i.TIM_DeInit), (224 bytes).
    Removing stm32f10x_tim.o(i.TIM_ETRClockMode1Config), (54 bytes).
    Removing stm32f10x_tim.o(i.TIM_ETRClockMode2Config), (32 bytes).
    Removing stm32f10x_tim.o(i.TIM_ETRConfig), (30 bytes).
    Removing stm32f10x_tim.o(i.TIM_EncoderInterfaceConfig), (66 bytes).
    Removing stm32f10x_tim.o(i.TIM_ForcedOC1Config), (18 bytes).
    Removing stm32f10x_tim.o(i.TIM_ForcedOC2Config), (26 bytes).
    Removing stm32f10x_tim.o(i.TIM_ForcedOC3Config), (18 bytes).
    Removing stm32f10x_tim.o(i.TIM_ForcedOC4Config), (26 bytes).
    Removing stm32f10x_tim.o(i.TIM_GenerateEvent), (4 bytes).
    Removing stm32f10x_tim.o(i.TIM_GetCapture2), (6 bytes).
    Removing stm32f10x_tim.o(i.TIM_GetCapture3), (6 bytes).
    Removing stm32f10x_tim.o(i.TIM_GetCapture4), (8 bytes).
    Removing stm32f10x_tim.o(i.TIM_GetCounter), (6 bytes).
    Removing stm32f10x_tim.o(i.TIM_GetFlagStatus), (18 bytes).
    Removing stm32f10x_tim.o(i.TIM_GetPrescaler), (6 bytes).
    Removing stm32f10x_tim.o(i.TIM_ICInit), (110 bytes).
    Removing stm32f10x_tim.o(i.TIM_ICStructInit), (18 bytes).
    Removing stm32f10x_tim.o(i.TIM_ITConfig), (18 bytes).
    Removing stm32f10x_tim.o(i.TIM_ITRxExternalClockConfig), (24 bytes).
    Removing stm32f10x_tim.o(i.TIM_InternalClockConfig), (12 bytes).
    Removing stm32f10x_tim.o(i.TIM_OC1FastConfig), (18 bytes).
    Removing stm32f10x_tim.o(i.TIM_OC1Init), (120 bytes).
    Removing stm32f10x_tim.o(i.TIM_OC1NPolarityConfig), (18 bytes).
    Removing stm32f10x_tim.o(i.TIM_OC1PolarityConfig), (18 bytes).
    Removing stm32f10x_tim.o(i.TIM_OC1PreloadConfig), (18 bytes).
    Removing stm32f10x_tim.o(i.TIM_OC2FastConfig), (26 bytes).
    Removing stm32f10x_tim.o(i.TIM_OC2Init), (156 bytes).
    Removing stm32f10x_tim.o(i.TIM_OC2NPolarityConfig), (26 bytes).
    Removing stm32f10x_tim.o(i.TIM_OC2PolarityConfig), (26 bytes).
    Removing stm32f10x_tim.o(i.TIM_OC2PreloadConfig), (26 bytes).
    Removing stm32f10x_tim.o(i.TIM_OC3FastConfig), (18 bytes).
    Removing stm32f10x_tim.o(i.TIM_OC3Init), (152 bytes).
    Removing stm32f10x_tim.o(i.TIM_OC3NPolarityConfig), (26 bytes).
    Removing stm32f10x_tim.o(i.TIM_OC3PolarityConfig), (26 bytes).
    Removing stm32f10x_tim.o(i.TIM_OC3PreloadConfig), (18 bytes).
    Removing stm32f10x_tim.o(i.TIM_OC4FastConfig), (26 bytes).
    Removing stm32f10x_tim.o(i.TIM_OC4Init), (116 bytes).
    Removing stm32f10x_tim.o(i.TIM_OC4PolarityConfig), (26 bytes).
    Removing stm32f10x_tim.o(i.TIM_OC4PreloadConfig), (26 bytes).
    Removing stm32f10x_tim.o(i.TIM_OCStructInit), (20 bytes).
    Removing stm32f10x_tim.o(i.TIM_PWMIConfig), (124 bytes).
    Removing stm32f10x_tim.o(i.TIM_PrescalerConfig), (6 bytes).
    Removing stm32f10x_tim.o(i.TIM_SelectCCDMA), (24 bytes).
    Removing stm32f10x_tim.o(i.TIM_SelectCOM), (24 bytes).
    Removing stm32f10x_tim.o(i.TIM_SelectHallSensor), (24 bytes).
    Removing stm32f10x_tim.o(i.TIM_SelectInputTrigger), (18 bytes).
    Removing stm32f10x_tim.o(i.TIM_SelectMasterSlaveMode), (18 bytes).
    Removing stm32f10x_tim.o(i.TIM_SelectOCxM), (134 bytes).
    Removing stm32f10x_tim.o(i.TIM_SelectOnePulseMode), (18 bytes).
    Removing stm32f10x_tim.o(i.TIM_SelectOutputTrigger), (18 bytes).
    Removing stm32f10x_tim.o(i.TIM_SelectSlaveMode), (18 bytes).
    Removing stm32f10x_tim.o(i.TIM_SetAutoreload), (4 bytes).
    Removing stm32f10x_tim.o(i.TIM_SetClockDivision), (14 bytes).
    Removing stm32f10x_tim.o(i.TIM_SetCompare1), (4 bytes).
    Removing stm32f10x_tim.o(i.TIM_SetCompare2), (4 bytes).
    Removing stm32f10x_tim.o(i.TIM_SetCompare3), (4 bytes).
    Removing stm32f10x_tim.o(i.TIM_SetCompare4), (6 bytes).
    Removing stm32f10x_tim.o(i.TIM_SetCounter), (4 bytes).
    Removing stm32f10x_tim.o(i.TIM_SetIC1Prescaler), (18 bytes).
    Removing stm32f10x_tim.o(i.TIM_SetIC2Prescaler), (26 bytes).
    Removing stm32f10x_tim.o(i.TIM_SetIC3Prescaler), (18 bytes).
    Removing stm32f10x_tim.o(i.TIM_SetIC4Prescaler), (26 bytes).
    Removing stm32f10x_tim.o(i.TIM_TIxExternalClockConfig), (62 bytes).
    Removing stm32f10x_tim.o(i.TIM_TimeBaseInit), (60 bytes).
    Removing stm32f10x_tim.o(i.TIM_TimeBaseStructInit), (18 bytes).
    Removing stm32f10x_tim.o(i.TIM_UpdateDisableConfig), (24 bytes).
    Removing stm32f10x_tim.o(i.TIM_UpdateRequestConfig), (24 bytes).
    Removing stm32f10x_gpio.o(i.GPIO_AFIODeInit), (20 bytes).
    Removing stm32f10x_gpio.o(i.GPIO_DeInit), (196 bytes).
    Removing stm32f10x_gpio.o(i.GPIO_EXTILineConfig), (64 bytes).
    Removing stm32f10x_gpio.o(i.GPIO_EventOutputCmd), (12 bytes).
    Removing stm32f10x_gpio.o(i.GPIO_EventOutputConfig), (32 bytes).
    Removing stm32f10x_gpio.o(i.GPIO_PinLockConfig), (18 bytes).
    Removing stm32f10x_gpio.o(i.GPIO_PinRemapConfig), (112 bytes).
    Removing stm32f10x_gpio.o(i.GPIO_ReadInputData), (8 bytes).
    Removing stm32f10x_gpio.o(i.GPIO_ReadInputDataBit), (18 bytes).
    Removing stm32f10x_gpio.o(i.GPIO_ReadOutputData), (8 bytes).
    Removing stm32f10x_gpio.o(i.GPIO_ReadOutputDataBit), (18 bytes).
    Removing stm32f10x_gpio.o(i.GPIO_StructInit), (16 bytes).
    Removing stm32f10x_gpio.o(i.GPIO_Write), (4 bytes).
    Removing stm32f10x_gpio.o(i.GPIO_WriteBit), (10 bytes).
    Removing stm32f10x_exti.o(i.EXTI_ClearFlag), (12 bytes).
    Removing stm32f10x_exti.o(i.EXTI_DeInit), (36 bytes).
    Removing stm32f10x_exti.o(i.EXTI_GenerateSWInterrupt), (16 bytes).
    Removing stm32f10x_exti.o(i.EXTI_GetFlagStatus), (24 bytes).
    Removing stm32f10x_exti.o(i.EXTI_Init), (184 bytes).
    Removing stm32f10x_exti.o(i.EXTI_StructInit), (16 bytes).
    Removing stm32f10x_usart.o(i.USART_ClearFlag), (6 bytes).
    Removing stm32f10x_usart.o(i.USART_ClearITPendingBit), (20 bytes).
    Removing stm32f10x_usart.o(i.USART_ClockInit), (34 bytes).
    Removing stm32f10x_usart.o(i.USART_ClockStructInit), (12 bytes).
    Removing stm32f10x_usart.o(i.USART_Cmd), (24 bytes).
    Removing stm32f10x_usart.o(i.USART_DMACmd), (18 bytes).
    Removing stm32f10x_usart.o(i.USART_DeInit), (156 bytes).
    Removing stm32f10x_usart.o(i.USART_GetFlagStatus), (18 bytes).
    Removing stm32f10x_usart.o(i.USART_HalfDuplexCmd), (24 bytes).
    Removing stm32f10x_usart.o(i.USART_Init), (156 bytes).
    Removing stm32f10x_usart.o(i.USART_IrDACmd), (24 bytes).
    Removing stm32f10x_usart.o(i.USART_IrDAConfig), (18 bytes).
    Removing stm32f10x_usart.o(i.USART_LINBreakDetectLengthConfig), (18 bytes).
    Removing stm32f10x_usart.o(i.USART_LINCmd), (24 bytes).
    Removing stm32f10x_usart.o(i.USART_ReceiverWakeUpCmd), (24 bytes).
    Removing stm32f10x_usart.o(i.USART_SendBreak), (10 bytes).
    Removing stm32f10x_usart.o(i.USART_SetAddress), (18 bytes).
    Removing stm32f10x_usart.o(i.USART_SetGuardTime), (16 bytes).
    Removing stm32f10x_usart.o(i.USART_SetPrescaler), (16 bytes).
    Removing stm32f10x_usart.o(i.USART_SmartCardCmd), (24 bytes).
    Removing stm32f10x_usart.o(i.USART_SmartCardNACKCmd), (24 bytes).
    Removing stm32f10x_usart.o(i.USART_StructInit), (24 bytes).
    Removing stm32f10x_usart.o(i.USART_WakeUpConfig), (18 bytes).
    Removing stm32f10x_spi.o(i.I2S_Cmd), (24 bytes).
    Removing stm32f10x_spi.o(i.I2S_Init), (210 bytes).
    Removing stm32f10x_spi.o(i.I2S_StructInit), (20 bytes).
    Removing stm32f10x_spi.o(i.SPI_BiDirectionalLineConfig), (28 bytes).
    Removing stm32f10x_spi.o(i.SPI_CalculateCRC), (24 bytes).
    Removing stm32f10x_spi.o(i.SPI_DataSizeConfig), (18 bytes).
    Removing stm32f10x_spi.o(i.SPI_GetCRC), (16 bytes).
    Removing stm32f10x_spi.o(i.SPI_GetCRCPolynomial), (6 bytes).
    Removing stm32f10x_spi.o(i.SPI_I2S_ClearFlag), (6 bytes).
    Removing stm32f10x_spi.o(i.SPI_I2S_ClearITPendingBit), (20 bytes).
    Removing stm32f10x_spi.o(i.SPI_I2S_DMACmd), (18 bytes).
    Removing stm32f10x_spi.o(i.SPI_I2S_DeInit), (92 bytes).
    Removing stm32f10x_spi.o(i.SPI_I2S_GetITStatus), (52 bytes).
    Removing stm32f10x_spi.o(i.SPI_I2S_ITConfig), (32 bytes).
    Removing stm32f10x_spi.o(i.SPI_NSSInternalSoftwareConfig), (30 bytes).
    Removing stm32f10x_spi.o(i.SPI_SSOutputCmd), (24 bytes).
    Removing stm32f10x_spi.o(i.SPI_StructInit), (24 bytes).
    Removing stm32f10x_spi.o(i.SPI_TransmitCRC), (10 bytes).
    Removing stm32f10x_i2c.o(i.I2C_ARPCmd), (24 bytes).
    Removing stm32f10x_i2c.o(i.I2C_AcknowledgeConfig), (24 bytes).
    Removing stm32f10x_i2c.o(i.I2C_CalculatePEC), (24 bytes).
    Removing stm32f10x_i2c.o(i.I2C_CheckEvent), (38 bytes).
    Removing stm32f10x_i2c.o(i.I2C_ClearFlag), (12 bytes).
    Removing stm32f10x_i2c.o(i.I2C_ClearITPendingBit), (12 bytes).
    Removing stm32f10x_i2c.o(i.I2C_Cmd), (24 bytes).
    Removing stm32f10x_i2c.o(i.I2C_DMACmd), (24 bytes).
    Removing stm32f10x_i2c.o(i.I2C_DMALastTransferCmd), (24 bytes).
    Removing stm32f10x_i2c.o(i.I2C_DeInit), (68 bytes).
    Removing stm32f10x_i2c.o(i.I2C_DualAddressCmd), (24 bytes).
    Removing stm32f10x_i2c.o(i.I2C_FastModeDutyCycleConfig), (28 bytes).
    Removing stm32f10x_i2c.o(i.I2C_GeneralCallCmd), (24 bytes).
    Removing stm32f10x_i2c.o(i.I2C_GenerateSTART), (24 bytes).
    Removing stm32f10x_i2c.o(i.I2C_GenerateSTOP), (24 bytes).
    Removing stm32f10x_i2c.o(i.I2C_GetFlagStatus), (58 bytes).
    Removing stm32f10x_i2c.o(i.I2C_GetITStatus), (38 bytes).
    Removing stm32f10x_i2c.o(i.I2C_GetLastEvent), (26 bytes).
    Removing stm32f10x_i2c.o(i.I2C_GetPEC), (8 bytes).
    Removing stm32f10x_i2c.o(i.I2C_ITConfig), (18 bytes).
    Removing stm32f10x_i2c.o(i.I2C_Init), (236 bytes).
    Removing stm32f10x_i2c.o(i.I2C_OwnAddress2Config), (22 bytes).
    Removing stm32f10x_i2c.o(i.I2C_PECPositionConfig), (28 bytes).
    Removing stm32f10x_i2c.o(i.I2C_ReadRegister), (6 bytes).
    Removing stm32f10x_i2c.o(i.I2C_ReceiveData), (8 bytes).
    Removing stm32f10x_i2c.o(i.I2C_SMBusAlertConfig), (28 bytes).
    Removing stm32f10x_i2c.o(i.I2C_Send7bitAddress), (18 bytes).
    Removing stm32f10x_i2c.o(i.I2C_SendData), (4 bytes).
    Removing stm32f10x_i2c.o(i.I2C_SoftwareResetCmd), (22 bytes).
    Removing stm32f10x_i2c.o(i.I2C_StretchClockCmd), (24 bytes).
    Removing stm32f10x_i2c.o(i.I2C_StructInit), (30 bytes).
    Removing stm32f10x_i2c.o(i.I2C_TransmitPEC), (24 bytes).
    Removing main.o(i.BoardInit), (8 bytes).
    Removing sys.o(.emb_text), (6 bytes).
    Removing sys.o(i.INTX_DISABLE), (4 bytes).
    Removing sys.o(i.INTX_ENABLE), (4 bytes).
    Removing sys.o(i.WFI_SET), (4 bytes).
    Removing sys.o(i.delay_ms), (24 bytes).
    Removing sys.o(i.delay_us), (14 bytes).
    Removing neg.o(i.Delay), (10 bytes).
    Removing neg.o(i.Keyborad_init), (228 bytes).
    Removing neg.o(i.Keyborad_with_Display), (42 bytes).
    Removing neg.o(i.NEG_GPIO_Init), (76 bytes).
    Removing neg.o(i.NEG_init), (16 bytes).
    Removing neg.o(i.Neg_display), (40 bytes).
    Removing neg.o(i.Nixie_Timer_Init), (124 bytes).
    Removing neg.o(i.keyborad_scan_column), (136 bytes).
    Removing neg.o(i.keyborad_sran), (36 bytes).
    Removing neg.o(i.read_Key), (332 bytes).
    Removing uart.o(i.Modbus_Analyze), (660 bytes).
    Removing uart.o(i.Modbus_CRC16), (58 bytes).
    Removing uart.o(i.Modbus_InitRegs), (28 bytes).
    Removing uart.o(i.Modbus_SendBuffer), (88 bytes).
    Removing uart.o(i.NVIC_Configuration), (52 bytes).
    Removing uart.o(i.RS232_Configuration), (160 bytes).
    Removing uart.o(i.RS232_test), (88 bytes).
    Removing uart.o(i.uart1_init), (104 bytes).

247 unused section(s) (total 10176 bytes) removed from the image.

==============================================================================

Image Symbol Table

    Local Symbols

    Symbol Name                              Value     Ov Type        Size  Object(Section)

    ../clib/angel/boardlib.s                 0x00000000   Number         0  boardshut.o ABSOLUTE
    ../clib/angel/boardlib.s                 0x00000000   Number         0  boardinit2.o ABSOLUTE
    ../clib/angel/boardlib.s                 0x00000000   Number         0  boardinit1.o ABSOLUTE
    ../clib/angel/boardlib.s                 0x00000000   Number         0  boardinit3.o ABSOLUTE
    ../clib/angel/handlers.s                 0x00000000   Number         0  __scatter_copy.o ABSOLUTE
    ../clib/angel/handlers.s                 0x00000000   Number         0  __scatter_zi.o ABSOLUTE
    ../clib/angel/kernel.s                   0x00000000   Number         0  rtexit2.o ABSOLUTE
    ../clib/angel/kernel.s                   0x00000000   Number         0  __rtentry2.o ABSOLUTE
    ../clib/angel/kernel.s                   0x00000000   Number         0  __rtentry4.o ABSOLUTE
    ../clib/angel/kernel.s                   0x00000000   Number         0  __rtentry.o ABSOLUTE
    ../clib/angel/kernel.s                   0x00000000   Number         0  rtexit.o ABSOLUTE
    ../clib/angel/rt.s                       0x00000000   Number         0  rt_raise.o ABSOLUTE
    ../clib/angel/rt.s                       0x00000000   Number         0  aeabi_ldiv0_sigfpe.o ABSOLUTE
    ../clib/angel/rt.s                       0x00000000   Number         0  aeabi_ldiv0.o ABSOLUTE
    ../clib/angel/rt.s                       0x00000000   Number         0  rt_div0.o ABSOLUTE
    ../clib/angel/scatter.s                  0x00000000   Number         0  __scatter.o ABSOLUTE
    ../clib/angel/startup.s                  0x00000000   Number         0  __main.o ABSOLUTE
    ../clib/angel/sys.s                      0x00000000   Number         0  sys_stackheap_outer.o ABSOLUTE
    ../clib/angel/sys.s                      0x00000000   Number         0  indicate_semi.o ABSOLUTE
    ../clib/angel/sys.s                      0x00000000   Number         0  use_no_semi.o ABSOLUTE
    ../clib/angel/sys.s                      0x00000000   Number         0  libspace.o ABSOLUTE
    ../clib/angel/sysapp.c                   0x00000000   Number         0  sys_command.o ABSOLUTE
    ../clib/angel/sysapp.c                   0x00000000   Number         0  sys_exit.o ABSOLUTE
    ../clib/angel/sysapp.c                   0x00000000   Number         0  sys_wrch.o ABSOLUTE
    ../clib/armsys.c                         0x00000000   Number         0  no_argv.o ABSOLUTE
    ../clib/armsys.c                         0x00000000   Number         0  _get_argv_nomalloc.o ABSOLUTE
    ../clib/armsys.c                         0x00000000   Number         0  argv_veneer.o ABSOLUTE
    ../clib/armsys.c                         0x00000000   Number         0  argv_veneer.o ABSOLUTE
    ../clib/heapalloc.c                      0x00000000   Number         0  hrguard.o ABSOLUTE
    ../clib/heapaux.c                        0x00000000   Number         0  heapauxi.o ABSOLUTE
    ../clib/libinit.s                        0x00000000   Number         0  libshutdown2.o ABSOLUTE
    ../clib/libinit.s                        0x00000000   Number         0  libinit2.o ABSOLUTE
    ../clib/libinit.s                        0x00000000   Number         0  libinit.o ABSOLUTE
    ../clib/libinit.s                        0x00000000   Number         0  libshutdown.o ABSOLUTE
    ../clib/longlong.s                       0x00000000   Number         0  lludivv7m.o ABSOLUTE
    ../clib/longlong.s                       0x00000000   Number         0  llsdiv.o ABSOLUTE
    ../clib/memcpset.s                       0x00000000   Number         0  rt_memcpy_w.o ABSOLUTE
    ../clib/memcpset.s                       0x00000000   Number         0  rt_memcpy_v6.o ABSOLUTE
    ../clib/memcpset.s                       0x00000000   Number         0  rt_memclr_w.o ABSOLUTE
    ../clib/signal.c                         0x00000000   Number         0  defsig_fpe_inner.o ABSOLUTE
    ../clib/signal.c                         0x00000000   Number         0  defsig_fpe_outer.o ABSOLUTE
    ../clib/signal.c                         0x00000000   Number         0  defsig_pvfn_inner.o ABSOLUTE
    ../clib/signal.c                         0x00000000   Number         0  defsig_rtmem_formal.o ABSOLUTE
    ../clib/signal.c                         0x00000000   Number         0  defsig_rtmem_outer.o ABSOLUTE
    ../clib/signal.c                         0x00000000   Number         0  defsig_cppl_inner.o ABSOLUTE
    ../clib/signal.c                         0x00000000   Number         0  defsig_segv_inner.o ABSOLUTE
    ../clib/signal.c                         0x00000000   Number         0  defsig_exit.o ABSOLUTE
    ../clib/signal.c                         0x00000000   Number         0  defsig_rtmem_inner.o ABSOLUTE
    ../clib/signal.c                         0x00000000   Number         0  defsig_abrt_inner.o ABSOLUTE
    ../clib/signal.c                         0x00000000   Number         0  defsig_rtred_inner.o ABSOLUTE
    ../clib/signal.c                         0x00000000   Number         0  defsig_fpe_formal.o ABSOLUTE
    ../clib/signal.c                         0x00000000   Number         0  defsig_general.o ABSOLUTE
    ../clib/signal.c                         0x00000000   Number         0  defsig_other.o ABSOLUTE
    ../clib/signal.c                         0x00000000   Number         0  defsig_stak_inner.o ABSOLUTE
    ../clib/signal.c                         0x00000000   Number         0  __raise.o ABSOLUTE
    ../clib/signal.s                         0x00000000   Number         0  defsig.o ABSOLUTE
    ../clib/stdlib.c                         0x00000000   Number         0  exit.o ABSOLUTE
    ../fplib/fpinit.s                        0x00000000   Number         0  fpinit.o ABSOLUTE
    Stm32lib\CMSIS\Core\CM3\startup\arm\startup_stm32f10x_md.s 0x00000000   Number         0  startup_stm32f10x_md.o ABSOLUTE
    dc.s                                     0x00000000   Number         0  dc.o ABSOLUTE
    startup\\core_cm3.c                      0x00000000   Number         0  core_cm3.o ABSOLUTE
    startup\core_cm3.c                       0x00000000   Number         0  core_cm3.o ABSOLUTE
    startup\system_stm32f10x.c               0x00000000   Number         0  system_stm32f10x.o ABSOLUTE
    stddriver\src\misc.c                     0x00000000   Number         0  misc.o ABSOLUTE
    stddriver\src\stm32f10x_exti.c           0x00000000   Number         0  stm32f10x_exti.o ABSOLUTE
    stddriver\src\stm32f10x_gpio.c           0x00000000   Number         0  stm32f10x_gpio.o ABSOLUTE
    stddriver\src\stm32f10x_i2c.c            0x00000000   Number         0  stm32f10x_i2c.o ABSOLUTE
    stddriver\src\stm32f10x_rcc.c            0x00000000   Number         0  stm32f10x_rcc.o ABSOLUTE
    stddriver\src\stm32f10x_spi.c            0x00000000   Number         0  stm32f10x_spi.o ABSOLUTE
    stddriver\src\stm32f10x_tim.c            0x00000000   Number         0  stm32f10x_tim.o ABSOLUTE
    stddriver\src\stm32f10x_usart.c          0x00000000   Number         0  stm32f10x_usart.o ABSOLUTE
    user\NEG.c                               0x00000000   Number         0  neg.o ABSOLUTE
    user\UART.c                              0x00000000   Number         0  uart.o ABSOLUTE
    user\\sys.c                              0x00000000   Number         0  sys.o ABSOLUTE
    user\main.c                              0x00000000   Number         0  main.o ABSOLUTE
    user\spi.c                               0x00000000   Number         0  spi.o ABSOLUTE
    user\stm32f10x_it.c                      0x00000000   Number         0  stm32f10x_it.o ABSOLUTE
    user\sys.c                               0x00000000   Number         0  sys.o ABSOLUTE
    RESET                                    0x08000000   Section      236  startup_stm32f10x_md.o(RESET)
    !!!main                                  0x080000ec   Section        8  __main.o(!!!main)
    !!!scatter                               0x080000f4   Section       52  __scatter.o(!!!scatter)
    !!handler_copy                           0x08000128   Section       26  __scatter_copy.o(!!handler_copy)
    !!handler_zi                             0x08000144   Section       28  __scatter_zi.o(!!handler_zi)
    .ARM.Collect$$libinit$$00000000          0x08000160   Section        2  libinit.o(.ARM.Collect$$libinit$$00000000)
    .ARM.Collect$$libinit$$00000002          0x08000162   Section        0  libinit2.o(.ARM.Collect$$libinit$$00000002)
    .ARM.Collect$$libinit$$00000004          0x08000162   Section        0  libinit2.o(.ARM.Collect$$libinit$$00000004)
    .ARM.Collect$$libinit$$0000000A          0x08000162   Section        0  libinit2.o(.ARM.Collect$$libinit$$0000000A)
    .ARM.Collect$$libinit$$0000000C          0x08000162   Section        0  libinit2.o(.ARM.Collect$$libinit$$0000000C)
    .ARM.Collect$$libinit$$0000000E          0x08000162   Section        0  libinit2.o(.ARM.Collect$$libinit$$0000000E)
    .ARM.Collect$$libinit$$00000011          0x08000162   Section        0  libinit2.o(.ARM.Collect$$libinit$$00000011)
    .ARM.Collect$$libinit$$00000013          0x08000162   Section        0  libinit2.o(.ARM.Collect$$libinit$$00000013)
    .ARM.Collect$$libinit$$00000015          0x08000162   Section        0  libinit2.o(.ARM.Collect$$libinit$$00000015)
    .ARM.Collect$$libinit$$00000017          0x08000162   Section        0  libinit2.o(.ARM.Collect$$libinit$$00000017)
    .ARM.Collect$$libinit$$00000019          0x08000162   Section        0  libinit2.o(.ARM.Collect$$libinit$$00000019)
    .ARM.Collect$$libinit$$0000001B          0x08000162   Section        0  libinit2.o(.ARM.Collect$$libinit$$0000001B)
    .ARM.Collect$$libinit$$0000001D          0x08000162   Section        0  libinit2.o(.ARM.Collect$$libinit$$0000001D)
    .ARM.Collect$$libinit$$0000001F          0x08000162   Section        0  libinit2.o(.ARM.Collect$$libinit$$0000001F)
    .ARM.Collect$$libinit$$00000021          0x08000162   Section        0  libinit2.o(.ARM.Collect$$libinit$$00000021)
    .ARM.Collect$$libinit$$00000023          0x08000162   Section        0  libinit2.o(.ARM.Collect$$libinit$$00000023)
    .ARM.Collect$$libinit$$00000025          0x08000162   Section        0  libinit2.o(.ARM.Collect$$libinit$$00000025)
    .ARM.Collect$$libinit$$0000002C          0x08000162   Section        0  libinit2.o(.ARM.Collect$$libinit$$0000002C)
    .ARM.Collect$$libinit$$0000002E          0x08000162   Section        0  libinit2.o(.ARM.Collect$$libinit$$0000002E)
    .ARM.Collect$$libinit$$00000030          0x08000162   Section        0  libinit2.o(.ARM.Collect$$libinit$$00000030)
    .ARM.Collect$$libinit$$00000032          0x08000162   Section        0  libinit2.o(.ARM.Collect$$libinit$$00000032)
    .ARM.Collect$$libinit$$00000033          0x08000162   Section        2  libinit2.o(.ARM.Collect$$libinit$$00000033)
    .ARM.Collect$$libshutdown$$00000000      0x08000164   Section        2  libshutdown.o(.ARM.Collect$$libshutdown$$00000000)
    .ARM.Collect$$libshutdown$$00000003      0x08000166   Section        0  libshutdown2.o(.ARM.Collect$$libshutdown$$00000003)
    .ARM.Collect$$libshutdown$$00000006      0x08000166   Section        0  libshutdown2.o(.ARM.Collect$$libshutdown$$00000006)
    .ARM.Collect$$libshutdown$$00000009      0x08000166   Section        0  libshutdown2.o(.ARM.Collect$$libshutdown$$00000009)
    .ARM.Collect$$libshutdown$$0000000B      0x08000166   Section        0  libshutdown2.o(.ARM.Collect$$libshutdown$$0000000B)
    .ARM.Collect$$libshutdown$$0000000E      0x08000166   Section        0  libshutdown2.o(.ARM.Collect$$libshutdown$$0000000E)
    .ARM.Collect$$libshutdown$$0000000F      0x08000166   Section        2  libshutdown2.o(.ARM.Collect$$libshutdown$$0000000F)
    .ARM.Collect$$rtentry$$00000000          0x08000168   Section        0  __rtentry.o(.ARM.Collect$$rtentry$$00000000)
    .ARM.Collect$$rtentry$$00000002          0x08000168   Section        0  __rtentry2.o(.ARM.Collect$$rtentry$$00000002)
    .ARM.Collect$$rtentry$$00000004          0x08000168   Section        6  __rtentry4.o(.ARM.Collect$$rtentry$$00000004)
    .ARM.Collect$$rtentry$$00000009          0x0800016e   Section        0  __rtentry2.o(.ARM.Collect$$rtentry$$00000009)
    .ARM.Collect$$rtentry$$0000000A          0x0800016e   Section        4  __rtentry2.o(.ARM.Collect$$rtentry$$0000000A)
    .ARM.Collect$$rtentry$$0000000C          0x08000172   Section        0  __rtentry2.o(.ARM.Collect$$rtentry$$0000000C)
    .ARM.Collect$$rtentry$$0000000D          0x08000172   Section        8  __rtentry2.o(.ARM.Collect$$rtentry$$0000000D)
    .ARM.Collect$$rtexit$$00000000           0x0800017a   Section        2  rtexit.o(.ARM.Collect$$rtexit$$00000000)
    .ARM.Collect$$rtexit$$00000002           0x0800017c   Section        0  rtexit2.o(.ARM.Collect$$rtexit$$00000002)
    .ARM.Collect$$rtexit$$00000003           0x0800017c   Section        4  rtexit2.o(.ARM.Collect$$rtexit$$00000003)
    .ARM.Collect$$rtexit$$00000004           0x08000180   Section        6  rtexit2.o(.ARM.Collect$$rtexit$$00000004)
    .text                                    0x08000188   Section       52  startup_stm32f10x_md.o(.text)
    .text                                    0x080001bc   Section       72  llsdiv.o(.text)
    .text                                    0x08000204   Section       78  rt_memclr_w.o(.text)
    .text                                    0x08000252   Section        0  heapauxi.o(.text)
    .text                                    0x08000258   Section      238  lludivv7m.o(.text)
    .text                                    0x08000346   Section       74  sys_stackheap_outer.o(.text)
    .text                                    0x08000390   Section        0  exit.o(.text)
    .text                                    0x0800039c   Section        8  libspace.o(.text)
    .text                                    0x080003a4   Section        0  sys_exit.o(.text)
    .text                                    0x080003b0   Section        2  use_no_semi.o(.text)
    .text                                    0x080003b2   Section        0  indicate_semi.o(.text)
    i.BusFault_Handler                       0x080003b2   Section        0  stm32f10x_it.o(i.BusFault_Handler)
    i.DebugMon_Handler                       0x080003b6   Section        0  stm32f10x_it.o(i.DebugMon_Handler)
    i.EXTI0_IRQHandler                       0x080003b8   Section        0  neg.o(i.EXTI0_IRQHandler)
    i.EXTI1_IRQHandler                       0x080003e4   Section        0  neg.o(i.EXTI1_IRQHandler)
    i.EXTI2_IRQHandler                       0x08000410   Section        0  neg.o(i.EXTI2_IRQHandler)
    i.EXTI3_IRQHandler                       0x0800043c   Section        0  neg.o(i.EXTI3_IRQHandler)
    i.EXTI_ClearITPendingBit                 0x08000468   Section        0  stm32f10x_exti.o(i.EXTI_ClearITPendingBit)
    i.EXTI_GetITStatus                       0x08000474   Section        0  stm32f10x_exti.o(i.EXTI_GetITStatus)
    i.GPIO_Init                              0x0800049c   Section        0  stm32f10x_gpio.o(i.GPIO_Init)
    i.GPIO_ResetBits                         0x080005b2   Section        0  stm32f10x_gpio.o(i.GPIO_ResetBits)
    i.GPIO_SetBits                           0x080005b6   Section        0  stm32f10x_gpio.o(i.GPIO_SetBits)
    i.HardFault_Handler                      0x080005ba   Section        0  stm32f10x_it.o(i.HardFault_Handler)
    i.MemManage_Handler                      0x080005be   Section        0  stm32f10x_it.o(i.MemManage_Handler)
    i.NMI_Handler                            0x080005c2   Section        0  stm32f10x_it.o(i.NMI_Handler)
    i.PendSV_Handler                         0x080005c4   Section        0  stm32f10x_it.o(i.PendSV_Handler)
    i.RCC_APB1PeriphClockCmd                 0x080005c8   Section        0  stm32f10x_rcc.o(i.RCC_APB1PeriphClockCmd)
    i.RCC_APB2PeriphClockCmd                 0x080005e8   Section        0  stm32f10x_rcc.o(i.RCC_APB2PeriphClockCmd)
    i.SPI2_SendByte                          0x08000608   Section        0  spi.o(i.SPI2_SendByte)
    i.SPI_Cmd                                0x08000640   Section        0  stm32f10x_spi.o(i.SPI_Cmd)
    i.SPI_Configuration                      0x08000658   Section        0  spi.o(i.SPI_Configuration)
    i.SPI_Flash_CS_High                      0x08000704   Section        0  spi.o(i.SPI_Flash_CS_High)
    i.SPI_Flash_CS_Low                       0x08000714   Section        0  spi.o(i.SPI_Flash_CS_Low)
    i.SPI_Flash_PageWrite                    0x08000724   Section        0  spi.o(i.SPI_Flash_PageWrite)
    i.SPI_Flash_ReadBuffer                   0x0800076e   Section        0  spi.o(i.SPI_Flash_ReadBuffer)
    i.SPI_Flash_ReadID                       0x080007b2   Section        0  spi.o(i.SPI_Flash_ReadID)
    i.SPI_Flash_WaitForWriteEnd              0x080007de   Section        0  spi.o(i.SPI_Flash_WaitForWriteEnd)
    i.SPI_Flash_WriteEnable                  0x08000804   Section        0  spi.o(i.SPI_Flash_WriteEnable)
    i.SPI_I2S_GetFlagStatus                  0x08000816   Section        0  stm32f10x_spi.o(i.SPI_I2S_GetFlagStatus)
    i.SPI_I2S_ReceiveData                    0x08000828   Section        0  stm32f10x_spi.o(i.SPI_I2S_ReceiveData)
    i.SPI_I2S_SendData                       0x0800082e   Section        0  stm32f10x_spi.o(i.SPI_I2S_SendData)
    i.SPI_Init                               0x08000832   Section        0  stm32f10x_spi.o(i.SPI_Init)
    i.SVC_Handler                            0x0800086e   Section        0  stm32f10x_it.o(i.SVC_Handler)
    i.SysTick_Handler                        0x08000870   Section        0  uart.o(i.SysTick_Handler)
    i.TIM3_IRQHandler                        0x08000898   Section        0  stm32f10x_it.o(i.TIM3_IRQHandler)
    i.TIM4_IRQHandler                        0x0800095c   Section        0  neg.o(i.TIM4_IRQHandler)
    i.TIM_ClearITPendingBit                  0x08000a48   Section        0  stm32f10x_tim.o(i.TIM_ClearITPendingBit)
    i.TIM_GetCapture1                        0x08000a4e   Section        0  stm32f10x_tim.o(i.TIM_GetCapture1)
    i.TIM_GetITStatus                        0x08000a54   Section        0  stm32f10x_tim.o(i.TIM_GetITStatus)
    i.USART1_IRQHandler                      0x08000a78   Section        0  uart.o(i.USART1_IRQHandler)
    i.USART_GetITStatus                      0x08000b08   Section        0  stm32f10x_usart.o(i.USART_GetITStatus)
    i.USART_ITConfig                         0x08000b54   Section        0  stm32f10x_usart.o(i.USART_ITConfig)
    i.USART_ReceiveData                      0x08000b94   Section        0  stm32f10x_usart.o(i.USART_ReceiveData)
    i.USART_SendData                         0x08000b9e   Section        0  stm32f10x_usart.o(i.USART_SendData)
    i.UsageFault_Handler                     0x08000ba6   Section        0  stm32f10x_it.o(i.UsageFault_Handler)
    i.main                                   0x08000bac   Section        0  main.o(i.main)
    .constdata                               0x08000c00   Section       32  neg.o(.constdata)
    SEG_MASK                                 0x08000c00   Data          32  neg.o(.constdata)
    .data                                    0x20000000   Section       24  stm32f10x_it.o(.data)
    .data                                    0x20000018   Section       20  neg.o(.data)
    g_cur_digit                              0x20000018   Data           1  neg.o(.data)
    g_need_scan                              0x20000019   Data           1  neg.o(.data)
    g_pending_cols_mask                      0x2000001a   Data           1  neg.o(.data)
    key_down                                 0x2000001c   Data           4  neg.o(.data)
    last_code                                0x20000020   Data           4  neg.o(.data)
    repeating                                0x20000024   Data           4  neg.o(.data)
    repeat_counter                           0x20000028   Data           4  neg.o(.data)
    .data                                    0x2000002c   Section       12  uart.o(.data)
    .bss                                     0x20000038   Section       16  neg.o(.bss)
    g_digits                                 0x20000038   Data          16  neg.o(.bss)
    .bss                                     0x20000048   Section    12800  uart.o(.bss)
    .bss                                     0x20003248   Section       96  libspace.o(.bss)
    HEAP                                     0x200032a8   Section        0  startup_stm32f10x_md.o(HEAP)
    STACK                                    0x200032a8   Section      512  startup_stm32f10x_md.o(STACK)
    Heap_Mem                                 0x200032a8   Data           0  startup_stm32f10x_md.o(HEAP)
    Stack_Mem                                0x200032a8   Data         512  startup_stm32f10x_md.o(STACK)
    __initial_sp                             0x200034a8   Data           0  startup_stm32f10x_md.o(STACK)

    Global Symbols

    Symbol Name                              Value     Ov Type        Size  Object(Section)

    BuildAttributes$$THM_ISAv4$P$D$K$B$S$PE$A:L22UL41UL21$X:L11$S22US41US21$IEEE1$IW$USESV6$~STKCKD$USESV7$~SHL$OSPACE$ROPI$EBA8$UX$STANDARDLIB$REQ8$PRES8$EABIv2 0x00000000   Number         0  anon$$obj.o ABSOLUTE
    __ARM_use_no_argv                        0x00000000   Number         0  main.o ABSOLUTE
    __ARM_exceptions_init                     - Undefined Weak Reference
    __alloca_initialize                       - Undefined Weak Reference
    __arm_preinit_                            - Undefined Weak Reference
    __cpp_initialize__aeabi_                  - Undefined Weak Reference
    __cxa_finalize                            - Undefined Weak Reference
    __rt_locale                               - Undefined Weak Reference
    __sigvec_lookup                           - Undefined Weak Reference
    _atexit_init                              - Undefined Weak Reference
    _call_atexit_fns                          - Undefined Weak Reference
    _clock_init                               - Undefined Weak Reference
    _fp_trap_init                             - Undefined Weak Reference
    _fp_trap_shutdown                         - Undefined Weak Reference
    _get_lc_collate                           - Undefined Weak Reference
    _get_lc_ctype                             - Undefined Weak Reference
    _get_lc_monetary                          - Undefined Weak Reference
    _get_lc_numeric                           - Undefined Weak Reference
    _get_lc_time                              - Undefined Weak Reference
    _getenv_init                              - Undefined Weak Reference
    _handle_redirection                       - Undefined Weak Reference
    _init_alloc                               - Undefined Weak Reference
    _init_user_alloc                          - Undefined Weak Reference
    _initio                                   - Undefined Weak Reference
    _rand_init                                - Undefined Weak Reference
    _signal_finish                            - Undefined Weak Reference
    _signal_init                              - Undefined Weak Reference
    _terminate_alloc                          - Undefined Weak Reference
    _terminate_user_alloc                     - Undefined Weak Reference
    _terminateio                              - Undefined Weak Reference
    __Vectors_Size                           0x000000ec   Number         0  startup_stm32f10x_md.o ABSOLUTE
    __Vectors                                0x08000000   Data           4  startup_stm32f10x_md.o(RESET)
    __Vectors_End                            0x080000ec   Data           0  startup_stm32f10x_md.o(RESET)
    __main                                   0x080000ed   Thumb Code     8  __main.o(!!!main)
    __scatterload                            0x080000f5   Thumb Code     0  __scatter.o(!!!scatter)
    __scatterload_rt2                        0x080000f5   Thumb Code    44  __scatter.o(!!!scatter)
    __scatterload_rt2_thumb_only             0x080000f5   Thumb Code     0  __scatter.o(!!!scatter)
    __scatterload_null                       0x08000103   Thumb Code     0  __scatter.o(!!!scatter)
    __scatterload_copy                       0x08000129   Thumb Code    26  __scatter_copy.o(!!handler_copy)
    __scatterload_zeroinit                   0x08000145   Thumb Code    28  __scatter_zi.o(!!handler_zi)
    __rt_lib_init                            0x08000161   Thumb Code     0  libinit.o(.ARM.Collect$$libinit$$00000000)
    __rt_lib_init_alloca_1                   0x08000163   Thumb Code     0  libinit2.o(.ARM.Collect$$libinit$$0000002E)
    __rt_lib_init_argv_1                     0x08000163   Thumb Code     0  libinit2.o(.ARM.Collect$$libinit$$0000002C)
    __rt_lib_init_atexit_1                   0x08000163   Thumb Code     0  libinit2.o(.ARM.Collect$$libinit$$0000001B)
    __rt_lib_init_clock_1                    0x08000163   Thumb Code     0  libinit2.o(.ARM.Collect$$libinit$$00000021)
    __rt_lib_init_cpp_1                      0x08000163   Thumb Code     0  libinit2.o(.ARM.Collect$$libinit$$00000032)
    __rt_lib_init_exceptions_1               0x08000163   Thumb Code     0  libinit2.o(.ARM.Collect$$libinit$$00000030)
    __rt_lib_init_fp_1                       0x08000163   Thumb Code     0  libinit2.o(.ARM.Collect$$libinit$$00000002)
    __rt_lib_init_fp_trap_1                  0x08000163   Thumb Code     0  libinit2.o(.ARM.Collect$$libinit$$0000001F)
    __rt_lib_init_getenv_1                   0x08000163   Thumb Code     0  libinit2.o(.ARM.Collect$$libinit$$00000023)
    __rt_lib_init_heap_1                     0x08000163   Thumb Code     0  libinit2.o(.ARM.Collect$$libinit$$0000000A)
    __rt_lib_init_lc_collate_1               0x08000163   Thumb Code     0  libinit2.o(.ARM.Collect$$libinit$$00000011)
    __rt_lib_init_lc_ctype_1                 0x08000163   Thumb Code     0  libinit2.o(.ARM.Collect$$libinit$$00000013)
    __rt_lib_init_lc_monetary_1              0x08000163   Thumb Code     0  libinit2.o(.ARM.Collect$$libinit$$00000015)
    __rt_lib_init_lc_numeric_1               0x08000163   Thumb Code     0  libinit2.o(.ARM.Collect$$libinit$$00000017)
    __rt_lib_init_lc_time_1                  0x08000163   Thumb Code     0  libinit2.o(.ARM.Collect$$libinit$$00000019)
    __rt_lib_init_preinit_1                  0x08000163   Thumb Code     0  libinit2.o(.ARM.Collect$$libinit$$00000004)
    __rt_lib_init_rand_1                     0x08000163   Thumb Code     0  libinit2.o(.ARM.Collect$$libinit$$0000000E)
    __rt_lib_init_return                     0x08000163   Thumb Code     0  libinit2.o(.ARM.Collect$$libinit$$00000033)
    __rt_lib_init_signal_1                   0x08000163   Thumb Code     0  libinit2.o(.ARM.Collect$$libinit$$0000001D)
    __rt_lib_init_stdio_1                    0x08000163   Thumb Code     0  libinit2.o(.ARM.Collect$$libinit$$00000025)
    __rt_lib_init_user_alloc_1               0x08000163   Thumb Code     0  libinit2.o(.ARM.Collect$$libinit$$0000000C)
    __rt_lib_shutdown                        0x08000165   Thumb Code     0  libshutdown.o(.ARM.Collect$$libshutdown$$00000000)
    __rt_lib_shutdown_fp_trap_1              0x08000167   Thumb Code     0  libshutdown2.o(.ARM.Collect$$libshutdown$$00000006)
    __rt_lib_shutdown_heap_1                 0x08000167   Thumb Code     0  libshutdown2.o(.ARM.Collect$$libshutdown$$0000000E)
    __rt_lib_shutdown_return                 0x08000167   Thumb Code     0  libshutdown2.o(.ARM.Collect$$libshutdown$$0000000F)
    __rt_lib_shutdown_signal_1               0x08000167   Thumb Code     0  libshutdown2.o(.ARM.Collect$$libshutdown$$00000009)
    __rt_lib_shutdown_stdio_1                0x08000167   Thumb Code     0  libshutdown2.o(.ARM.Collect$$libshutdown$$00000003)
    __rt_lib_shutdown_user_alloc_1           0x08000167   Thumb Code     0  libshutdown2.o(.ARM.Collect$$libshutdown$$0000000B)
    __rt_entry                               0x08000169   Thumb Code     0  __rtentry.o(.ARM.Collect$$rtentry$$00000000)
    __rt_entry_presh_1                       0x08000169   Thumb Code     0  __rtentry2.o(.ARM.Collect$$rtentry$$00000002)
    __rt_entry_sh                            0x08000169   Thumb Code     0  __rtentry4.o(.ARM.Collect$$rtentry$$00000004)
    __rt_entry_li                            0x0800016f   Thumb Code     0  __rtentry2.o(.ARM.Collect$$rtentry$$0000000A)
    __rt_entry_postsh_1                      0x0800016f   Thumb Code     0  __rtentry2.o(.ARM.Collect$$rtentry$$00000009)
    __rt_entry_main                          0x08000173   Thumb Code     0  __rtentry2.o(.ARM.Collect$$rtentry$$0000000D)
    __rt_entry_postli_1                      0x08000173   Thumb Code     0  __rtentry2.o(.ARM.Collect$$rtentry$$0000000C)
    __rt_exit                                0x0800017b   Thumb Code     0  rtexit.o(.ARM.Collect$$rtexit$$00000000)
    __rt_exit_ls                             0x0800017d   Thumb Code     0  rtexit2.o(.ARM.Collect$$rtexit$$00000003)
    __rt_exit_prels_1                        0x0800017d   Thumb Code     0  rtexit2.o(.ARM.Collect$$rtexit$$00000002)
    __rt_exit_exit                           0x08000181   Thumb Code     0  rtexit2.o(.ARM.Collect$$rtexit$$00000004)
    Reset_Handler                            0x08000189   Thumb Code     4  startup_stm32f10x_md.o(.text)
    ADC1_2_IRQHandler                        0x0800019f   Thumb Code     0  startup_stm32f10x_md.o(.text)
    CAN1_RX1_IRQHandler                      0x0800019f   Thumb Code     0  startup_stm32f10x_md.o(.text)
    CAN1_SCE_IRQHandler                      0x0800019f   Thumb Code     0  startup_stm32f10x_md.o(.text)
    DMA1_Channel1_IRQHandler                 0x0800019f   Thumb Code     0  startup_stm32f10x_md.o(.text)
    DMA1_Channel2_IRQHandler                 0x0800019f   Thumb Code     0  startup_stm32f10x_md.o(.text)
    DMA1_Channel3_IRQHandler                 0x0800019f   Thumb Code     0  startup_stm32f10x_md.o(.text)
    DMA1_Channel4_IRQHandler                 0x0800019f   Thumb Code     0  startup_stm32f10x_md.o(.text)
    DMA1_Channel5_IRQHandler                 0x0800019f   Thumb Code     0  startup_stm32f10x_md.o(.text)
    DMA1_Channel6_IRQHandler                 0x0800019f   Thumb Code     0  startup_stm32f10x_md.o(.text)
    DMA1_Channel7_IRQHandler                 0x0800019f   Thumb Code     0  startup_stm32f10x_md.o(.text)
    EXTI15_10_IRQHandler                     0x0800019f   Thumb Code     0  startup_stm32f10x_md.o(.text)
    EXTI4_IRQHandler                         0x0800019f   Thumb Code     0  startup_stm32f10x_md.o(.text)
    EXTI9_5_IRQHandler                       0x0800019f   Thumb Code     0  startup_stm32f10x_md.o(.text)
    FLASH_IRQHandler                         0x0800019f   Thumb Code     0  startup_stm32f10x_md.o(.text)
    I2C1_ER_IRQHandler                       0x0800019f   Thumb Code     0  startup_stm32f10x_md.o(.text)
    I2C1_EV_IRQHandler                       0x0800019f   Thumb Code     0  startup_stm32f10x_md.o(.text)
    I2C2_ER_IRQHandler                       0x0800019f   Thumb Code     0  startup_stm32f10x_md.o(.text)
    I2C2_EV_IRQHandler                       0x0800019f   Thumb Code     0  startup_stm32f10x_md.o(.text)
    PVD_IRQHandler                           0x0800019f   Thumb Code     0  startup_stm32f10x_md.o(.text)
    RCC_IRQHandler                           0x0800019f   Thumb Code     0  startup_stm32f10x_md.o(.text)
    RTCAlarm_IRQHandler                      0x0800019f   Thumb Code     0  startup_stm32f10x_md.o(.text)
    RTC_IRQHandler                           0x0800019f   Thumb Code     0  startup_stm32f10x_md.o(.text)
    SPI1_IRQHandler                          0x0800019f   Thumb Code     0  startup_stm32f10x_md.o(.text)
    SPI2_IRQHandler                          0x0800019f   Thumb Code     0  startup_stm32f10x_md.o(.text)
    TAMPER_IRQHandler                        0x0800019f   Thumb Code     0  startup_stm32f10x_md.o(.text)
    TIM1_BRK_IRQHandler                      0x0800019f   Thumb Code     0  startup_stm32f10x_md.o(.text)
    TIM1_CC_IRQHandler                       0x0800019f   Thumb Code     0  startup_stm32f10x_md.o(.text)
    TIM1_TRG_COM_IRQHandler                  0x0800019f   Thumb Code     0  startup_stm32f10x_md.o(.text)
    TIM1_UP_IRQHandler                       0x0800019f   Thumb Code     0  startup_stm32f10x_md.o(.text)
    TIM2_IRQHandler                          0x0800019f   Thumb Code     0  startup_stm32f10x_md.o(.text)
    USART2_IRQHandler                        0x0800019f   Thumb Code     0  startup_stm32f10x_md.o(.text)
    USART3_IRQHandler                        0x0800019f   Thumb Code     0  startup_stm32f10x_md.o(.text)
    USBWakeUp_IRQHandler                     0x0800019f   Thumb Code     0  startup_stm32f10x_md.o(.text)
    USB_HP_CAN1_TX_IRQHandler                0x0800019f   Thumb Code     0  startup_stm32f10x_md.o(.text)
    USB_LP_CAN1_RX0_IRQHandler               0x0800019f   Thumb Code     0  startup_stm32f10x_md.o(.text)
    WWDG_IRQHandler                          0x0800019f   Thumb Code     0  startup_stm32f10x_md.o(.text)
    __user_initial_stackheap                 0x080001a1   Thumb Code     0  startup_stm32f10x_md.o(.text)
    __aeabi_ldivmod                          0x080001bd   Thumb Code     0  llsdiv.o(.text)
    _ll_sdiv                                 0x080001bd   Thumb Code    72  llsdiv.o(.text)
    __aeabi_memclr4                          0x08000205   Thumb Code     0  rt_memclr_w.o(.text)
    __aeabi_memclr8                          0x08000205   Thumb Code     0  rt_memclr_w.o(.text)
    __rt_memclr_w                            0x08000205   Thumb Code    78  rt_memclr_w.o(.text)
    _memset_w                                0x08000209   Thumb Code     0  rt_memclr_w.o(.text)
    __use_two_region_memory                  0x08000253   Thumb Code     2  heapauxi.o(.text)
    __rt_heap_escrow$2region                 0x08000255   Thumb Code     2  heapauxi.o(.text)
    __rt_heap_expand$2region                 0x08000257   Thumb Code     2  heapauxi.o(.text)
    __aeabi_uldivmod                         0x08000259   Thumb Code     0  lludivv7m.o(.text)
    _ll_udiv                                 0x08000259   Thumb Code   238  lludivv7m.o(.text)
    __user_setup_stackheap                   0x08000347   Thumb Code    74  sys_stackheap_outer.o(.text)
    exit                                     0x08000391   Thumb Code    12  exit.o(.text)
    __user_libspace                          0x0800039d   Thumb Code     8  libspace.o(.text)
    __user_perproc_libspace                  0x0800039d   Thumb Code     0  libspace.o(.text)
    __user_perthread_libspace                0x0800039d   Thumb Code     0  libspace.o(.text)
    _sys_exit                                0x080003a5   Thumb Code     8  sys_exit.o(.text)
    __I$use$semihosting                      0x080003b1   Thumb Code     0  use_no_semi.o(.text)
    __use_no_semihosting_swi                 0x080003b1   Thumb Code     2  use_no_semi.o(.text)
    BusFault_Handler                         0x080003b3   Thumb Code     4  stm32f10x_it.o(i.BusFault_Handler)
    __semihosting_library_function           0x080003b3   Thumb Code     0  indicate_semi.o(.text)
    DebugMon_Handler                         0x080003b7   Thumb Code     2  stm32f10x_it.o(i.DebugMon_Handler)
    EXTI0_IRQHandler                         0x080003b9   Thumb Code    36  neg.o(i.EXTI0_IRQHandler)
    EXTI1_IRQHandler                         0x080003e5   Thumb Code    36  neg.o(i.EXTI1_IRQHandler)
    EXTI2_IRQHandler                         0x08000411   Thumb Code    36  neg.o(i.EXTI2_IRQHandler)
    EXTI3_IRQHandler                         0x0800043d   Thumb Code    36  neg.o(i.EXTI3_IRQHandler)
    EXTI_ClearITPendingBit                   0x08000469   Thumb Code     6  stm32f10x_exti.o(i.EXTI_ClearITPendingBit)
    EXTI_GetITStatus                         0x08000475   Thumb Code    34  stm32f10x_exti.o(i.EXTI_GetITStatus)
    GPIO_Init                                0x0800049d   Thumb Code   278  stm32f10x_gpio.o(i.GPIO_Init)
    GPIO_ResetBits                           0x080005b3   Thumb Code     4  stm32f10x_gpio.o(i.GPIO_ResetBits)
    GPIO_SetBits                             0x080005b7   Thumb Code     4  stm32f10x_gpio.o(i.GPIO_SetBits)
    HardFault_Handler                        0x080005bb   Thumb Code     4  stm32f10x_it.o(i.HardFault_Handler)
    MemManage_Handler                        0x080005bf   Thumb Code     4  stm32f10x_it.o(i.MemManage_Handler)
    NMI_Handler                              0x080005c3   Thumb Code     2  stm32f10x_it.o(i.NMI_Handler)
    PendSV_Handler                           0x080005c5   Thumb Code     2  stm32f10x_it.o(i.PendSV_Handler)
    RCC_APB1PeriphClockCmd                   0x080005c9   Thumb Code    26  stm32f10x_rcc.o(i.RCC_APB1PeriphClockCmd)
    RCC_APB2PeriphClockCmd                   0x080005e9   Thumb Code    26  stm32f10x_rcc.o(i.RCC_APB2PeriphClockCmd)
    SPI2_SendByte                            0x08000609   Thumb Code    50  spi.o(i.SPI2_SendByte)
    SPI_Cmd                                  0x08000641   Thumb Code    24  stm32f10x_spi.o(i.SPI_Cmd)
    SPI_Configuration                        0x08000659   Thumb Code   158  spi.o(i.SPI_Configuration)
    SPI_Flash_CS_High                        0x08000705   Thumb Code    12  spi.o(i.SPI_Flash_CS_High)
    SPI_Flash_CS_Low                         0x08000715   Thumb Code    12  spi.o(i.SPI_Flash_CS_Low)
    SPI_Flash_PageWrite                      0x08000725   Thumb Code    74  spi.o(i.SPI_Flash_PageWrite)
    SPI_Flash_ReadBuffer                     0x0800076f   Thumb Code    68  spi.o(i.SPI_Flash_ReadBuffer)
    SPI_Flash_ReadID                         0x080007b3   Thumb Code    44  spi.o(i.SPI_Flash_ReadID)
    SPI_Flash_WaitForWriteEnd                0x080007df   Thumb Code    38  spi.o(i.SPI_Flash_WaitForWriteEnd)
    SPI_Flash_WriteEnable                    0x08000805   Thumb Code    18  spi.o(i.SPI_Flash_WriteEnable)
    SPI_I2S_GetFlagStatus                    0x08000817   Thumb Code    18  stm32f10x_spi.o(i.SPI_I2S_GetFlagStatus)
    SPI_I2S_ReceiveData                      0x08000829   Thumb Code     6  stm32f10x_spi.o(i.SPI_I2S_ReceiveData)
    SPI_I2S_SendData                         0x0800082f   Thumb Code     4  stm32f10x_spi.o(i.SPI_I2S_SendData)
    SPI_Init                                 0x08000833   Thumb Code    60  stm32f10x_spi.o(i.SPI_Init)
    SVC_Handler                              0x0800086f   Thumb Code     2  stm32f10x_it.o(i.SVC_Handler)
    SysTick_Handler                          0x08000871   Thumb Code    32  uart.o(i.SysTick_Handler)
    TIM3_IRQHandler                          0x08000899   Thumb Code   164  stm32f10x_it.o(i.TIM3_IRQHandler)
    TIM4_IRQHandler                          0x0800095d   Thumb Code   212  neg.o(i.TIM4_IRQHandler)
    TIM_ClearITPendingBit                    0x08000a49   Thumb Code     6  stm32f10x_tim.o(i.TIM_ClearITPendingBit)
    TIM_GetCapture1                          0x08000a4f   Thumb Code     6  stm32f10x_tim.o(i.TIM_GetCapture1)
    TIM_GetITStatus                          0x08000a55   Thumb Code    34  stm32f10x_tim.o(i.TIM_GetITStatus)
    USART1_IRQHandler                        0x08000a79   Thumb Code   116  uart.o(i.USART1_IRQHandler)
    USART_GetITStatus                        0x08000b09   Thumb Code    76  stm32f10x_usart.o(i.USART_GetITStatus)
    USART_ITConfig                           0x08000b55   Thumb Code    64  stm32f10x_usart.o(i.USART_ITConfig)
    USART_ReceiveData                        0x08000b95   Thumb Code    10  stm32f10x_usart.o(i.USART_ReceiveData)
    USART_SendData                           0x08000b9f   Thumb Code     8  stm32f10x_usart.o(i.USART_SendData)
    UsageFault_Handler                       0x08000ba7   Thumb Code     4  stm32f10x_it.o(i.UsageFault_Handler)
    main                                     0x08000bad   Thumb Code    60  main.o(i.main)
    Region$$Table$$Base                      0x08000c20   Number         0  anon$$obj.o(Region$$Table)
    Region$$Table$$Limit                     0x08000c40   Number         0  anon$$obj.o(Region$$Table)
    MSB                                      0x20000000   Data           4  stm32f10x_it.o(.data)
    LSB                                      0x20000004   Data           4  stm32f10x_it.o(.data)
    MSB1                                     0x20000008   Data           4  stm32f10x_it.o(.data)
    MSB2                                     0x2000000c   Data           4  stm32f10x_it.o(.data)
    ExtSignalFreq                            0x20000010   Data           4  stm32f10x_it.o(.data)
    i                                        0x20000014   Data           4  stm32f10x_it.o(.data)
    RS232InData                              0x2000002c   Data           1  uart.o(.data)
    RXPos                                    0x2000002e   Data           2  uart.o(.data)
    FrameFlag                                0x20000030   Data           2  uart.o(.data)
    RecvTimeOver                             0x20000032   Data           2  uart.o(.data)
    SendPos                                  0x20000034   Data           2  uart.o(.data)
    SendBufLen                               0x20000036   Data           2  uart.o(.data)
    USART_Rxbuf                              0x20000048   Data         200  uart.o(.bss)
    USART_Txbuf                              0x20000110   Data         200  uart.o(.bss)
    HoldReg                                  0x200001d8   Data       12400  uart.o(.bss)
    __libspace_start                         0x20003248   Data          96  libspace.o(.bss)
    __temporary_stack_top$libspace           0x200032a8   Data           0  libspace.o(.bss)



==============================================================================

Memory Map of the image

  Image Entry point : 0x080000ed

  Load Region LR_IROM1 (Base: 0x08000000, Size: 0x00000c78, Max: 0x00040000, ABSOLUTE)

    Execution Region ER_IROM1 (Base: 0x08000000, Size: 0x00000c40, Max: 0x00040000, ABSOLUTE)

    Base Addr    Size         Type   Attr      Idx    E Section Name        Object

    0x08000000   0x000000ec   Data   RO           68    RESET               startup_stm32f10x_md.o
    0x080000ec   0x00000008   Code   RO         1926  * !!!main             c_w.l(__main.o)
    0x080000f4   0x00000034   Code   RO         2096    !!!scatter          c_w.l(__scatter.o)
    0x08000128   0x0000001a   Code   RO         2098    !!handler_copy      c_w.l(__scatter_copy.o)
    0x08000142   0x00000002   PAD
    0x08000144   0x0000001c   Code   RO         2100    !!handler_zi        c_w.l(__scatter_zi.o)
    0x08000160   0x00000002   Code   RO         1963    .ARM.Collect$$libinit$$00000000  c_w.l(libinit.o)
    0x08000162   0x00000000   Code   RO         1974    .ARM.Collect$$libinit$$00000002  c_w.l(libinit2.o)
    0x08000162   0x00000000   Code   RO         1976    .ARM.Collect$$libinit$$00000004  c_w.l(libinit2.o)
    0x08000162   0x00000000   Code   RO         1979    .ARM.Collect$$libinit$$0000000A  c_w.l(libinit2.o)
    0x08000162   0x00000000   Code   RO         1981    .ARM.Collect$$libinit$$0000000C  c_w.l(libinit2.o)
    0x08000162   0x00000000   Code   RO         1983    .ARM.Collect$$libinit$$0000000E  c_w.l(libinit2.o)
    0x08000162   0x00000000   Code   RO         1986    .ARM.Collect$$libinit$$00000011  c_w.l(libinit2.o)
    0x08000162   0x00000000   Code   RO         1988    .ARM.Collect$$libinit$$00000013  c_w.l(libinit2.o)
    0x08000162   0x00000000   Code   RO         1990    .ARM.Collect$$libinit$$00000015  c_w.l(libinit2.o)
    0x08000162   0x00000000   Code   RO         1992    .ARM.Collect$$libinit$$00000017  c_w.l(libinit2.o)
    0x08000162   0x00000000   Code   RO         1994    .ARM.Collect$$libinit$$00000019  c_w.l(libinit2.o)
    0x08000162   0x00000000   Code   RO         1996    .ARM.Collect$$libinit$$0000001B  c_w.l(libinit2.o)
    0x08000162   0x00000000   Code   RO         1998    .ARM.Collect$$libinit$$0000001D  c_w.l(libinit2.o)
    0x08000162   0x00000000   Code   RO         2000    .ARM.Collect$$libinit$$0000001F  c_w.l(libinit2.o)
    0x08000162   0x00000000   Code   RO         2002    .ARM.Collect$$libinit$$00000021  c_w.l(libinit2.o)
    0x08000162   0x00000000   Code   RO         2004    .ARM.Collect$$libinit$$00000023  c_w.l(libinit2.o)
    0x08000162   0x00000000   Code   RO         2006    .ARM.Collect$$libinit$$00000025  c_w.l(libinit2.o)
    0x08000162   0x00000000   Code   RO         2010    .ARM.Collect$$libinit$$0000002C  c_w.l(libinit2.o)
    0x08000162   0x00000000   Code   RO         2012    .ARM.Collect$$libinit$$0000002E  c_w.l(libinit2.o)
    0x08000162   0x00000000   Code   RO         2014    .ARM.Collect$$libinit$$00000030  c_w.l(libinit2.o)
    0x08000162   0x00000000   Code   RO         2016    .ARM.Collect$$libinit$$00000032  c_w.l(libinit2.o)
    0x08000162   0x00000002   Code   RO         2017    .ARM.Collect$$libinit$$00000033  c_w.l(libinit2.o)
    0x08000164   0x00000002   Code   RO         2047    .ARM.Collect$$libshutdown$$00000000  c_w.l(libshutdown.o)
    0x08000166   0x00000000   Code   RO         2065    .ARM.Collect$$libshutdown$$00000003  c_w.l(libshutdown2.o)
    0x08000166   0x00000000   Code   RO         2068    .ARM.Collect$$libshutdown$$00000006  c_w.l(libshutdown2.o)
    0x08000166   0x00000000   Code   RO         2071    .ARM.Collect$$libshutdown$$00000009  c_w.l(libshutdown2.o)
    0x08000166   0x00000000   Code   RO         2073    .ARM.Collect$$libshutdown$$0000000B  c_w.l(libshutdown2.o)
    0x08000166   0x00000000   Code   RO         2076    .ARM.Collect$$libshutdown$$0000000E  c_w.l(libshutdown2.o)
    0x08000166   0x00000002   Code   RO         2077    .ARM.Collect$$libshutdown$$0000000F  c_w.l(libshutdown2.o)
    0x08000168   0x00000000   Code   RO         1928    .ARM.Collect$$rtentry$$00000000  c_w.l(__rtentry.o)
    0x08000168   0x00000000   Code   RO         1934    .ARM.Collect$$rtentry$$00000002  c_w.l(__rtentry2.o)
    0x08000168   0x00000006   Code   RO         1946    .ARM.Collect$$rtentry$$00000004  c_w.l(__rtentry4.o)
    0x0800016e   0x00000000   Code   RO         1936    .ARM.Collect$$rtentry$$00000009  c_w.l(__rtentry2.o)
    0x0800016e   0x00000004   Code   RO         1937    .ARM.Collect$$rtentry$$0000000A  c_w.l(__rtentry2.o)
    0x08000172   0x00000000   Code   RO         1939    .ARM.Collect$$rtentry$$0000000C  c_w.l(__rtentry2.o)
    0x08000172   0x00000008   Code   RO         1940    .ARM.Collect$$rtentry$$0000000D  c_w.l(__rtentry2.o)
    0x0800017a   0x00000002   Code   RO         1967    .ARM.Collect$$rtexit$$00000000  c_w.l(rtexit.o)
    0x0800017c   0x00000000   Code   RO         2019    .ARM.Collect$$rtexit$$00000002  c_w.l(rtexit2.o)
    0x0800017c   0x00000004   Code   RO         2020    .ARM.Collect$$rtexit$$00000003  c_w.l(rtexit2.o)
    0x08000180   0x00000006   Code   RO         2021    .ARM.Collect$$rtexit$$00000004  c_w.l(rtexit2.o)
    0x08000186   0x00000002   PAD
    0x08000188   0x00000034   Code   RO           69    .text               startup_stm32f10x_md.o
    0x080001bc   0x00000048   Code   RO         1918    .text               c_w.l(llsdiv.o)
    0x08000204   0x0000004e   Code   RO         1922    .text               c_w.l(rt_memclr_w.o)
    0x08000252   0x00000006   Code   RO         1924    .text               c_w.l(heapauxi.o)
    0x08000258   0x000000ee   Code   RO         1929    .text               c_w.l(lludivv7m.o)
    0x08000346   0x0000004a   Code   RO         1952    .text               c_w.l(sys_stackheap_outer.o)
    0x08000390   0x0000000c   Code   RO         1956    .text               c_w.l(exit.o)
    0x0800039c   0x00000008   Code   RO         1964    .text               c_w.l(libspace.o)
    0x080003a4   0x0000000c   Code   RO         2035    .text               c_w.l(sys_exit.o)
    0x080003b0   0x00000002   Code   RO         2052    .text               c_w.l(use_no_semi.o)
    0x080003b2   0x00000000   Code   RO         2054    .text               c_w.l(indicate_semi.o)
    0x080003b2   0x00000004   Code   RO         1573    i.BusFault_Handler  stm32f10x_it.o
    0x080003b6   0x00000002   Code   RO         1574    i.DebugMon_Handler  stm32f10x_it.o
    0x080003b8   0x0000002c   Code   RO         1683    i.EXTI0_IRQHandler  neg.o
    0x080003e4   0x0000002c   Code   RO         1684    i.EXTI1_IRQHandler  neg.o
    0x08000410   0x0000002c   Code   RO         1685    i.EXTI2_IRQHandler  neg.o
    0x0800043c   0x0000002c   Code   RO         1686    i.EXTI3_IRQHandler  neg.o
    0x08000468   0x0000000c   Code   RO          979    i.EXTI_ClearITPendingBit  stm32f10x_exti.o
    0x08000474   0x00000028   Code   RO          983    i.EXTI_GetITStatus  stm32f10x_exti.o
    0x0800049c   0x00000116   Code   RO          875    i.GPIO_Init         stm32f10x_gpio.o
    0x080005b2   0x00000004   Code   RO          882    i.GPIO_ResetBits    stm32f10x_gpio.o
    0x080005b6   0x00000004   Code   RO          883    i.GPIO_SetBits      stm32f10x_gpio.o
    0x080005ba   0x00000004   Code   RO         1575    i.HardFault_Handler  stm32f10x_it.o
    0x080005be   0x00000004   Code   RO         1576    i.MemManage_Handler  stm32f10x_it.o
    0x080005c2   0x00000002   Code   RO         1577    i.NMI_Handler       stm32f10x_it.o
    0x080005c4   0x00000002   Code   RO         1578    i.PendSV_Handler    stm32f10x_it.o
    0x080005c6   0x00000002   PAD
    0x080005c8   0x00000020   Code   RO          124    i.RCC_APB1PeriphClockCmd  stm32f10x_rcc.o
    0x080005e8   0x00000020   Code   RO          126    i.RCC_APB2PeriphClockCmd  stm32f10x_rcc.o
    0x08000608   0x00000038   Code   RO         1856    i.SPI2_SendByte     spi.o
    0x08000640   0x00000018   Code   RO         1211    i.SPI_Cmd           stm32f10x_spi.o
    0x08000658   0x000000ac   Code   RO         1857    i.SPI_Configuration  spi.o
    0x08000704   0x00000010   Code   RO         1858    i.SPI_Flash_CS_High  spi.o
    0x08000714   0x00000010   Code   RO         1859    i.SPI_Flash_CS_Low  spi.o
    0x08000724   0x0000004a   Code   RO         1860    i.SPI_Flash_PageWrite  spi.o
    0x0800076e   0x00000044   Code   RO         1861    i.SPI_Flash_ReadBuffer  spi.o
    0x080007b2   0x0000002c   Code   RO         1862    i.SPI_Flash_ReadID  spi.o
    0x080007de   0x00000026   Code   RO         1863    i.SPI_Flash_WaitForWriteEnd  spi.o
    0x08000804   0x00000012   Code   RO         1864    i.SPI_Flash_WriteEnable  spi.o
    0x08000816   0x00000012   Code   RO         1219    i.SPI_I2S_GetFlagStatus  stm32f10x_spi.o
    0x08000828   0x00000006   Code   RO         1222    i.SPI_I2S_ReceiveData  stm32f10x_spi.o
    0x0800082e   0x00000004   Code   RO         1223    i.SPI_I2S_SendData  stm32f10x_spi.o
    0x08000832   0x0000003c   Code   RO         1224    i.SPI_Init          stm32f10x_spi.o
    0x0800086e   0x00000002   Code   RO         1579    i.SVC_Handler       stm32f10x_it.o
    0x08000870   0x00000028   Code   RO         1786    i.SysTick_Handler   uart.o
    0x08000898   0x000000c4   Code   RO         1580    i.TIM3_IRQHandler   stm32f10x_it.o
    0x0800095c   0x000000ec   Code   RO         1693    i.TIM4_IRQHandler   neg.o
    0x08000a48   0x00000006   Code   RO          333    i.TIM_ClearITPendingBit  stm32f10x_tim.o
    0x08000a4e   0x00000006   Code   RO          353    i.TIM_GetCapture1   stm32f10x_tim.o
    0x08000a54   0x00000022   Code   RO          359    i.TIM_GetITStatus   stm32f10x_tim.o
    0x08000a76   0x00000002   PAD
    0x08000a78   0x00000090   Code   RO         1787    i.USART1_IRQHandler  uart.o
    0x08000b08   0x0000004c   Code   RO         1043    i.USART_GetITStatus  stm32f10x_usart.o
    0x08000b54   0x00000040   Code   RO         1045    i.USART_ITConfig    stm32f10x_usart.o
    0x08000b94   0x0000000a   Code   RO         1051    i.USART_ReceiveData  stm32f10x_usart.o
    0x08000b9e   0x00000008   Code   RO         1054    i.USART_SendData    stm32f10x_usart.o
    0x08000ba6   0x00000004   Code   RO         1581    i.UsageFault_Handler  stm32f10x_it.o
    0x08000baa   0x00000002   PAD
    0x08000bac   0x00000054   Code   RO         1555    i.main              main.o
    0x08000c00   0x00000020   Data   RO         1698    .constdata          neg.o
    0x08000c20   0x00000020   Data   RO         2094    Region$$Table       anon$$obj.o


    Execution Region RW_IRAM1 (Base: 0x20000000, Size: 0x000034a8, Max: 0x0000c000, ABSOLUTE)

    Base Addr    Size         Type   Attr      Idx    E Section Name        Object

    0x20000000   0x00000018   Data   RW         1582    .data               stm32f10x_it.o
    0x20000018   0x00000014   Data   RW         1699    .data               neg.o
    0x2000002c   0x0000000c   Data   RW         1790    .data               uart.o
    0x20000038   0x00000010   Zero   RW         1697    .bss                neg.o
    0x20000048   0x00003200   Zero   RW         1789    .bss                uart.o
    0x20003248   0x00000060   Zero   RW         1965    .bss                c_w.l(libspace.o)
    0x200032a8   0x00000000   Zero   RW           67    HEAP                startup_stm32f10x_md.o
    0x200032a8   0x00000200   Zero   RW           66    STACK               startup_stm32f10x_md.o


==============================================================================

Image component sizes


      Code (inc. data)   RO Data    RW Data    ZI Data      Debug   Object Name

         0          0          0          0          0         32   core_cm3.o
        84         24          0          0          0        547   main.o
         0          0          0          0          0     198184   misc.o
       412         56         32         20         16       4393   neg.o
       502         28          0          0          0       5175   spi.o
        52         18        236          0        512        856   startup_stm32f10x_md.o
        52         12          0          0          0       1076   stm32f10x_exti.o
       286          0          0          0          0       2796   stm32f10x_gpio.o
       220         32          0         24          0       4518   stm32f10x_it.o
        64         12          0          0          0       1098   stm32f10x_rcc.o
       112          0          0          0          0      10530   stm32f10x_spi.o
        46          0          0          0          0       4644   stm32f10x_tim.o
       158          0          0          0          0      10518   stm32f10x_usart.o
         0          0          0          0          0      35048   system_stm32f10x.o
       184         36          0         12      12800       1968   uart.o

    ----------------------------------------------------------------------
      2178        218        300         56      13328     281383   Object Totals
         0          0         32          0          0          0   (incl. Generated)
         6          0          0          0          0          0   (incl. Padding)

    ----------------------------------------------------------------------

      Code (inc. data)   RO Data    RW Data    ZI Data      Debug   Library Member Name

         8          0          0          0          0         68   __main.o
         0          0          0          0          0          0   __rtentry.o
        12          0          0          0          0          0   __rtentry2.o
         6          0          0          0          0          0   __rtentry4.o
        52          8          0          0          0          0   __scatter.o
        26          0          0          0          0          0   __scatter_copy.o
        28          0          0          0          0          0   __scatter_zi.o
        12          0          0          0          0         72   exit.o
         6          0          0          0          0        152   heapauxi.o
         0          0          0          0          0          0   indicate_semi.o
         2          0          0          0          0          0   libinit.o
         2          0          0          0          0          0   libinit2.o
         2          0          0          0          0          0   libshutdown.o
         2          0          0          0          0          0   libshutdown2.o
         8          4          0          0         96         68   libspace.o
        72          0          0          0          0         76   llsdiv.o
       238          0          0          0          0        100   lludivv7m.o
        78          0          0          0          0         80   rt_memclr_w.o
         2          0          0          0          0          0   rtexit.o
        10          0          0          0          0          0   rtexit2.o
        12          4          0          0          0         68   sys_exit.o
        74          0          0          0          0         80   sys_stackheap_outer.o
         2          0          0          0          0         68   use_no_semi.o

    ----------------------------------------------------------------------
       658         16          0          0         96        832   Library Totals
         4          0          0          0          0          0   (incl. Padding)

    ----------------------------------------------------------------------

      Code (inc. data)   RO Data    RW Data    ZI Data      Debug   Library Name

       654         16          0          0         96        832   c_w.l

    ----------------------------------------------------------------------
       658         16          0          0         96        832   Library Totals

    ----------------------------------------------------------------------

==============================================================================


      Code (inc. data)   RO Data    RW Data    ZI Data      Debug   

      2836        234        300         56      13424     279767   Grand Totals
      2836        234        300         56      13424     279767   ELF Image Totals
      2836        234        300         56          0          0   ROM Totals

==============================================================================

    Total RO  Size (Code + RO Data)                 3136 (   3.06kB)
    Total RW  Size (RW Data + ZI Data)             13480 (  13.16kB)
    Total ROM Size (Code + RO Data + RW Data)       3192 (   3.12kB)

==============================================================================

